
     Program DYNMAT v.6.7MaX starts on 15Jul2026 at 21:50:10 

     This program is part of the open-source Quantum ESPRESSO suite
     for quantum simulation of materials; please cite
         "P. Giannozzi et al., J. Phys.:Condens. Matter 21 395502 (2009);
         "P. Giannozzi et al., J. Phys.:Condens. Matter 29 465901 (2017);
          URL http://www.quantum-espresso.org", 
     in publications or presentations arising from this work. More details at
     http://www.quantum-espresso.org/quote

     Parallel version (MPI), running on     1 processors

     MPI processes distributed on     1 nodes

     Reading Dynamical Matrix from file BaTiO3_pbesol_gamma.dyn
     ...Force constants read
     ...epsilon and Z* read
     Acoustic Sum Rule: || Z*(ASR) - Z*(orig)|| =    1.027212E-01
     Acoustic Sum Rule: ||dyn(ASR) - dyn(orig)||=    2.302321E-03

     Polarizability (A^3 units)
     multiply by 0.343000 for Clausius-Mossotti correction
        28.747948    0.000000    0.000000
         0.000000   28.747948    0.000000
         0.000000    0.000000   28.747948

     IR activities are in (D/A)^2/amu units

# mode   [cm-1]    [THz]      IR
    1   -193.53   -5.8020   85.8011
    2   -193.53   -5.8020   85.8011
    3     -0.00   -0.0000    0.0000
    4      0.00    0.0000    0.0000
    5      0.00    0.0000    0.0000
    6    169.08    5.0689    0.0755
    7    175.34    5.2567    2.3454
    8    175.34    5.2567    2.3454
    9    282.83    8.4792    0.0000
   10    282.83    8.4792    0.0000
   11    282.83    8.4792    0.0000
   12    450.19   13.4963    2.9458
   13    466.03   13.9712    2.4983
   14    466.03   13.9712    2.4983
   15    659.58   19.7738   87.6234

     DYNMAT       :      0.00s CPU      0.00s WALL


   This run was terminated on:  21:50:10  15Jul2026            

=------------------------------------------------------------------------------=
   JOB DONE.
=------------------------------------------------------------------------------=
000005 [cm-1]
 ( -0.066719   0.000000     0.436914   0.000000     0.068224   0.000000   )
 ( -0.066719   0.000000     0.436914   0.000000     0.068224   0.000000   )
 ( -0.066719   0.000000     0.436914   0.000000     0.068224   0.000000   )
 ( -0.066719   0.000000     0.436914   0.000000     0.068224   0.000000   )
 ( -0.066719   0.000000     0.436914   0.000000     0.068224   0.000000   )
     freq (    6) =       5.068867 [THz] =     169.079201 [cm-1]
 ( -0.361371   0.000000    -0.000000   0.000000     0.000000   0.000000   )
 (  0.660577   0.000000     0.000000   0.000000    -0.000000   0.000000   )
 (  0.417643   0.000000     0.000000   0.000000    -0.000000   0.000000   )
 (  0.417643   0.000000     0.000000   0.000000    -0.000000   0.000000   )
 (  0.290169   0.000000     0.000000   0.000000    -0.000000   0.000000   )
     freq (    7) =       5.256661 [THz] =     175.343343 [cm-1]
 (  0.000000   0.000000    -0.031906   0.000000     0.330634   0.000000   )
 ( -0.000000   0.000000     0.046636   0.000000    -0.483273   0.000000   )
 ( -0.000000   0.000000     0.046509   0.000000    -0.428181   0.000000   )
 ( -0.000000   0.000000     0.041319   0.000000    -0.481956   0.000000   )
 ( -0.000000   0.000000     0.046509   0.000000    -0.481956   0.000000   )
     freq (    8) =       5.256661 [THz] =     175.343343 [cm-1]
 (  0.000000   0.000000     0.330634   0.000000     0.031906   0.000000   )
 (  0.000000   0.000000    -0.483273   0.000000    -0.046636   0.000000   )
 (  0.000000   0.000000    -0.481956   0.000000    -0.041319   0.000000   )
 (  0.000000   0.000000    -0.428181   0.000000    -0.046509   0.000000   )
 (  0.000000   0.000000    -0.481956   0.000000    -0.046509   0.000000   )
     freq (    9) =       8.479163 [THz] =     282.834437 [cm-1]
 ( -0.000000   0.000000     0.000000   0.000000     0.000000   0.000000   )
 (  0.000000   0.000000    -0.000000   0.000000    -0.000000   0.000000   )
 ( -0.706811   0.000000     0.020303   0.000000     0.000000   0.000000   )
 (  0.706811   0.000000     0.000000   0.000000     0.002481   0.000000   )
 (  0.000000   0.000000    -0.020303   0.000000    -0.002481   0.000000   )
     freq (   10) =       8.479163 [THz] =     282.834437 [cm-1]
 (  0.000000   0.000000    -0.000000   0.000000     0.000000   0.000000   )
 (  0.000000   0.000000     0.000000   0.000000     0.000000   0.000000   )
 ( -0.020390   0.000000    -0.706171   0.000000     0.000000   0.000000   )
 (  0.020390   0.000000    -0.000000   0.000000    -0.030124   0.000000   )
 (  0.000000   0.000000     0.706171   0.000000     0.030124   0.000000   )
     freq (   11) =       8.479163 [THz] =     282.834437 [cm-1]
 ( -0.000000   0.000000     0.000000   0.000000    -0.000000   0.000000   )
 (  0.000000   0.000000    -0.000000   0.000000     0.000000   0.000000   )
 (  0.001613   0.000000    -0.030183   0.000000     0.000000   0.000000   )
 ( -0.001613   0.000000    -0.000000   0.000000     0.706460   0.000000   )
 (  0.000000   0.000000     0.030183   0.000000    -0.706460   0.000000   )
     freq (   12) =      13.496264 [THz] =     450.186907 [cm-1]
 (  0.013906   0.000000    -0.000000   0.000000    -0.000000   0.000000   )
 (  0.209874   0.000000     0.000000   0.000000    -0.000000   0.000000   )
 ( -0.607241   0.000000    -0.000000   0.000000     0.000000   0.000000   )
 ( -0.607241   0.000000    -0.000000   0.000000    -0.000000   0.000000   )
 (  0.467201   0.000000    -0.000000   0.000000    -0.000000   0.000000   )
     freq (   13) =      13.971228 [THz] =     466.030012 [cm-1]
 ( -0.000000   0.000000    -0.000473   0.000000    -0.005443   0.000000   )
 ( -0.000000   0.000000     0.008871   0.000000     0.102191   0.000000   )
 (  0.000000   0.000000    -0.042210   0.000000     0.713529   0.000000   )
 (  0.000000   0.000000     0.061937   0.000000    -0.486274   0.000000   )
 ( -0.000000   0.000000    -0.042210   0.000000    -0.486274   0.000000   )
     freq (   14) =      13.971228 [THz] =     466.030012 [cm-1]
 (  0.000000   0.000000     0.005443   0.000000    -0.000473   0.000000   )
 ( -0.000000   0.000000    -0.102191   0.000000     0.008871   0.000000   )
 ( -0.000000   0.000000     0.486274   0.000000     0.061937   0.000000   )
 ( -0.000000   0.000000    -0.713529   0.000000    -0.042210   0.000000   )
 (  0.000000   0.000000     0.486274   0.000000    -0.042210   0.000000   )
     freq (   15) =      19.773761 [THz] =     659.581684 [cm-1]
 (  0.049379   0.000000     0.000000   0.000000    -0.000000   0.000000   )
 (  0.293986   0.000000    -0.000000   0.000000     0.000000   0.000000   )
 ( -0.194735   0.000000     0.000000   0.000000    -0.000000   0.000000   )
 ( -0.194735   0.000000    -0.000000   0.000000    -0.000000   0.000000   )
 ( -0.913943   0.000000    -0.000000   0.000000    -0.000000   0.000000   )
 **************************************************************************
