
     Program MATDYN v.6.7MaX starts on 16Jul2026 at  7:15:24 

     This program is part of the open-source Quantum ESPRESSO suite
     for quantum simulation of materials; please cite
         "P. Giannozzi et al., J. Phys.:Condens. Matter 21 395502 (2009);
         "P. Giannozzi et al., J. Phys.:Condens. Matter 29 465901 (2017);
          URL http://www.quantum-espresso.org", 
     in publications or presentations arising from this work. More details at
     http://www.quantum-espresso.org/quote

     Parallel version (MPI), running on     1 processors

     MPI processes distributed on     1 nodes
 mass for atomic type   1 not given; uses mass from file BaTiO3_pbesol.444.fc                                                                                                                                                                                                                                            
 mass for atomic type   2 not given; uses mass from file BaTiO3_pbesol.444.fc                                                                                                                                                                                                                                            
 mass for atomic type   3 not given; uses mass from file BaTiO3_pbesol.444.fc                                                                                                                                                                                                                                            
Norm of the difference between old and new effective charges:    0.00000015491933484450
Norm of the difference between old and new force-constants:   0.00028779276978744113

     MATDYN       :      0.44s CPU      0.45s WALL


   This run was terminated on:   7:15:24  16Jul2026            

=------------------------------------------------------------------------------=
   JOB DONE.
=------------------------------------------------------------------------------=
