
     Program PHONON v.6.7MaX starts on 15Jul2026 at 21:31:54 

     This program is part of the open-source Quantum ESPRESSO suite
     for quantum simulation of materials; please cite
         "P. Giannozzi et al., J. Phys.:Condens. Matter 21 395502 (2009);
         "P. Giannozzi et al., J. Phys.:Condens. Matter 29 465901 (2017);
          URL http://www.quantum-espresso.org", 
     in publications or presentations arising from this work. More details at
     http://www.quantum-espresso.org/quote

     Parallel version (MPI), running on     8 processors

     MPI processes distributed on     1 nodes
     R & G space division:  proc/nbgrp/npool/nimage =       8
     Reading input from ph_gamma.in

     Reading xml data from directory:

     ./tmp/BaTiO3_pbesol.save/
     file Ba.pbesol-spn-kjpaw_psl.1.0.0.UPF: wavefunction(s)  5S 6S renormalized
     file Ti.pbesol-spn-kjpaw_psl.1.0.0.UPF: wavefunction(s)  3S 3P 3D renormalized
     file O.pbesol-n-kjpaw_psl.1.0.0.UPF: wavefunction(s)  2S 2P renormalized

     IMPORTANT: XC functional enforced from input :
     Exchange-correlation= PBESOL
                           (   1   4  10   8   0   0   0)
     Any further DFT definition will be discarded
     Please, verify this is what you really want


     Parallelization info
     --------------------
     sticks:   dense  smooth     PW     G-vecs:    dense   smooth      PW
     Min         270     135     40                 9426     3341     546
     Max         271     136     41                 9429     3344     549
     Sum        2161    1085    325                75421    26745    4385


     Check: negative core charge=   -0.000002
     Reading collected, re-writing distributed wavefunctions
  autoval = -.1097E+01
     Irreps are as follows:

                     mode #   1
                     (  -0.00000   0.00000   ) 
                     (  -0.00000   0.00000   ) 
                     (  -0.00000   0.00000   ) 
                     (  -0.00000   0.00000   ) 
                     (  -0.00000   0.00000   ) 
                     (  -0.00000   0.00000   ) 
                     (   0.00000   0.00000   ) 
                     (  -0.00000  -0.00000   ) 
                     (  -0.99036  -0.00000   ) 
                     (   0.00000   0.00000   ) 
                     (  -0.00000  -0.00000   ) 
                     (  -0.09796  -0.00000   ) 
                     (   0.00000   0.00000   ) 
                     (   0.00000   0.00000   ) 
                     (  -0.09796  -0.00000   ) 
  autoval = -.1097E+01
     Irreps are as follows:

                     mode #   2
                     (  -0.00000   0.00000   ) 
                     (  -0.00000   0.00000   ) 
                     (  -0.00000   0.00000   ) 
                     (  -0.00000   0.00000   ) 
                     (  -0.00000   0.00000   ) 
                     (  -0.00000   0.00000   ) 
                     (  -0.07139  -0.00000   ) 
                     (   0.06707   0.00000   ) 
                     (  -0.00000  -0.00000   ) 
                     (  -0.07139  -0.00000   ) 
                     (   0.67810   0.00000   ) 
                     (  -0.00000  -0.00000   ) 
                     (  -0.72179  -0.00000   ) 
                     (   0.06707   0.00000   ) 
                     (  -0.00000  -0.00000   ) 
  autoval = -.1097E+01
     Irreps are as follows:

                     mode #   3
                     (   0.00000  -0.00000   ) 
                     (   0.00000  -0.00000   ) 
                     (   0.00000  -0.00000   ) 
                     (   0.00000  -0.00000   ) 
                     (   0.00000  -0.00000   ) 
                     (   0.00000  -0.00000   ) 
                     (  -0.06707  -0.00000   ) 
                     (  -0.07139  -0.00000   ) 
                     (   0.00000   0.00000   ) 
                     (  -0.06707  -0.00000   ) 
                     (  -0.72179  -0.00000   ) 
                     (  -0.00000  -0.00000   ) 
                     (  -0.67810  -0.00000   ) 
                     (  -0.07139  -0.00000   ) 
                     (  -0.00000  -0.00000   ) 
  autoval = 0.3752E+00
     Irreps are as follows:

                     mode #   4
                     (  -0.00000   0.00000   ) 
                     (  -0.00000   0.00000   ) 
                     (  -0.00000   0.00000   ) 
                     (  -1.00000  -0.00000   ) 
                     (  -0.00000  -0.00000   ) 
                     (  -0.00000  -0.00000   ) 
                     (  -0.00000  -0.00000   ) 
                     (  -0.00000  -0.00000   ) 
                     (  -0.00000  -0.00000   ) 
                     (  -0.00000  -0.00000   ) 
                     (  -0.00000  -0.00000   ) 
                     (  -0.00000  -0.00000   ) 
                     (  -0.00000  -0.00000   ) 
                     (  -0.00000  -0.00000   ) 
                     (  -0.00000  -0.00000   ) 
  autoval = 0.3752E+00
     Irreps are as follows:

                     mode #   5
                     (  -0.00000   0.00000   ) 
                     (  -0.00000   0.00000   ) 
                     (  -0.00000   0.00000   ) 
                     (  -0.00000   0.00000   ) 
                     (  -1.00000  -0.00000   ) 
                     (  -0.00000  -0.00000   ) 
                     (  -0.00000  -0.00000   ) 
                     (  -0.00000  -0.00000   ) 
                     (  -0.00000  -0.00000   ) 
                     (  -0.00000  -0.00000   ) 
                     (  -0.00000  -0.00000   ) 
                     (  -0.00000  -0.00000   ) 
                     (  -0.00000  -0.00000   ) 
                     (  -0.00000  -0.00000   ) 
                     (  -0.00000  -0.00000   ) 
  autoval = 0.3752E+00
     Irreps are as follows:

                     mode #   6
                     (  -0.00000   0.00000   ) 
                     (  -0.00000   0.00000   ) 
                     (  -0.00000   0.00000   ) 
                     (  -0.00000   0.00000   ) 
                     (  -0.00000   0.00000   ) 
                     (  -1.00000  -0.00000   ) 
                     (  -0.00000  -0.00000   ) 
                     (  -0.00000  -0.00000   ) 
                     (  -0.00000  -0.00000   ) 
                     (  -0.00000  -0.00000   ) 
                     (  -0.00000  -0.00000   ) 
                     (  -0.00000  -0.00000   ) 
                     (  -0.00000  -0.00000   ) 
                     (  -0.00000  -0.00000   ) 
                     (  -0.00000  -0.00000   ) 
  autoval = 0.6682E+00
     Irreps are as follows:

                     mode #   7
                     (  -1.00000  -0.00000   ) 
                     (  -0.00000  -0.00000   ) 
                     (  -0.00000  -0.00000   ) 
                     (  -0.00000  -0.00000   ) 
                     (  -0.00000  -0.00000   ) 
                     (  -0.00000  -0.00000   ) 
                     (  -0.00000  -0.00000   ) 
                     (  -0.00000  -0.00000   ) 
                     (  -0.00000  -0.00000   ) 
                     (  -0.00000  -0.00000   ) 
                     (  -0.00000  -0.00000   ) 
                     (  -0.00000  -0.00000   ) 
                     (  -0.00000  -0.00000   ) 
                     (  -0.00000  -0.00000   ) 
                     (  -0.00000  -0.00000   ) 
  autoval = 0.6682E+00
     Irreps are as follows:

                     mode #   8
                     (  -0.00000   0.00000   ) 
                     (  -0.00000   0.00000   ) 
                     (  -1.00000  -0.00000   ) 
                     (  -0.00000  -0.00000   ) 
                     (  -0.00000  -0.00000   ) 
                     (  -0.00000  -0.00000   ) 
                     (  -0.00000  -0.00000   ) 
                     (  -0.00000  -0.00000   ) 
                     (  -0.00000  -0.00000   ) 
                     (  -0.00000  -0.00000   ) 
                     (  -0.00000  -0.00000   ) 
                     (  -0.00000  -0.00000   ) 
                     (  -0.00000  -0.00000   ) 
                     (  -0.00000  -0.00000   ) 
                     (  -0.00000  -0.00000   ) 
  autoval = 0.6682E+00
     Irreps are as follows:

                     mode #   9
                     (  -0.00000   0.00000   ) 
                     (  -1.00000  -0.00000   ) 
                     (  -0.00000  -0.00000   ) 
                     (  -0.00000  -0.00000   ) 
                     (  -0.00000  -0.00000   ) 
                     (  -0.00000  -0.00000   ) 
                     (  -0.00000  -0.00000   ) 
                     (  -0.00000  -0.00000   ) 
                     (  -0.00000  -0.00000   ) 
                     (  -0.00000  -0.00000   ) 
                     (  -0.00000  -0.00000   ) 
                     (  -0.00000  -0.00000   ) 
                     (  -0.00000  -0.00000   ) 
                     (  -0.00000  -0.00000   ) 
                     (  -0.00000  -0.00000   ) 
  autoval = 0.1010E+01
     Irreps are as follows:

                     mode #  10
                     (  -0.00000  -0.00000   ) 
                     (  -0.00000  -0.00000   ) 
                     (  -0.00000  -0.00000   ) 
                     (  -0.00000  -0.00000   ) 
                     (  -0.00000  -0.00000   ) 
                     (  -0.00000  -0.00000   ) 
                     (  -0.12746  -0.00000   ) 
                     (   0.04159  -0.00000   ) 
                     (  -0.13597  -0.00000   ) 
                     (  -0.12746  -0.00000   ) 
                     (  -0.00823  -0.00000   ) 
                     (   0.68733  -0.00000   ) 
                     (   0.02521  -0.00000   ) 
                     (   0.04159  -0.00000   ) 
                     (   0.68733  -0.00000   ) 
  autoval = 0.1010E+01
     Irreps are as follows:

                     mode #  11
                     (  -0.00000   0.00000   ) 
                     (  -0.00000   0.00000   ) 
                     (  -0.00000   0.00000   ) 
                     (  -0.00000   0.00000   ) 
                     (  -0.00000   0.00000   ) 
                     (  -0.00000   0.00000   ) 
                     (  -0.68820  -0.00000   ) 
                     (   0.01592   0.00000   ) 
                     (   0.02544   0.00000   ) 
                     (  -0.68820  -0.00000   ) 
                     (  -0.00315  -0.00000   ) 
                     (  -0.12858  -0.00000   ) 
                     (   0.13614   0.00000   ) 
                     (   0.01592   0.00000   ) 
                     (  -0.12858  -0.00000   ) 
  autoval = 0.1010E+01
     Irreps are as follows:

                     mode #  12
                     (  -0.00000  -0.00000   ) 
                     (  -0.00000  -0.00000   ) 
                     (  -0.00000  -0.00000   ) 
                     (  -0.00000  -0.00000   ) 
                     (  -0.00000  -0.00000   ) 
                     (  -0.00000  -0.00000   ) 
                     (  -0.02326  -0.00000   ) 
                     (  -0.69887  -0.00000   ) 
                     (  -0.00751  -0.00000   ) 
                     (  -0.02326  -0.00000   ) 
                     (   0.13825  -0.00000   ) 
                     (   0.03798  -0.00000   ) 
                     (   0.00460  -0.00000   ) 
                     (  -0.69887  -0.00000   ) 
                     (   0.03798  -0.00000   ) 
  autoval = 0.1803E+01
     Irreps are as follows:

                     mode #  13
                     (  -0.00000   0.00000   ) 
                     (  -0.00000   0.00000   ) 
                     (  -0.00000   0.00000   ) 
                     (  -0.00000   0.00000   ) 
                     (  -0.00000   0.00000   ) 
                     (  -0.00000   0.00000   ) 
                     (  -0.01178  -0.00000   ) 
                     (  -0.67747  -0.00000   ) 
                     (   0.00000   0.00000   ) 
                     (   0.01178   0.00000   ) 
                     (   0.00000   0.00000   ) 
                     (   0.20224   0.00000   ) 
                     (  -0.00000  -0.00000   ) 
                     (   0.67747   0.00000   ) 
                     (  -0.20224  -0.00000   ) 
  autoval = 0.1803E+01
     Irreps are as follows:

                     mode #  14
                     (  -0.00000  -0.00000   ) 
                     (  -0.00000  -0.00000   ) 
                     (  -0.00000  -0.00000   ) 
                     (  -0.00000  -0.00000   ) 
                     (  -0.00000  -0.00000   ) 
                     (  -0.00000  -0.00000   ) 
                     (  -0.70700  -0.00000   ) 
                     (   0.01203  -0.00000   ) 
                     (  -0.00000  -0.00000   ) 
                     (   0.70700  -0.00000   ) 
                     (  -0.00000  -0.00000   ) 
                     (  -0.00091  -0.00000   ) 
                     (   0.00000  -0.00000   ) 
                     (  -0.01203  -0.00000   ) 
                     (   0.00091  -0.00000   ) 
  autoval = 0.1803E+01
     Irreps are as follows:

                     mode #  15
                     (  -0.00000   0.00000   ) 
                     (  -0.00000   0.00000   ) 
                     (  -0.00000   0.00000   ) 
                     (  -0.00000   0.00000   ) 
                     (  -0.00000   0.00000   ) 
                     (  -0.00000   0.00000   ) 
                     (  -0.00257  -0.00000   ) 
                     (  -0.20223  -0.00000   ) 
                     (  -0.00000  -0.00000   ) 
                     (   0.00257   0.00000   ) 
                     (  -0.00000  -0.00000   ) 
                     (  -0.67757  -0.00000   ) 
                     (  -0.00000  -0.00000   ) 
                     (   0.20223   0.00000   ) 
                     (   0.67757   0.00000   ) 

     Calculation of q =    0.0000000   0.0000000   0.0000000

     BaTiO3 PBEsol -- Gamma phonons with epsil (Born charges + eps_inf)         

     bravais-lattice index     =            1
     lattice parameter (alat)  =       7.5140  a.u.
     unit-cell volume          =     424.2485 (a.u.)^3
     number of atoms/cell      =            5
     number of atomic types    =            3
     kinetic-energy cut-off    =      60.0000  Ry
     charge density cut-off    =     480.0000  Ry
     convergence threshold     =      1.0E-14
     beta                      =       0.7000
     number of iterations used =            4
     Exchange-correlation= PBESOL
                           (   1   4  10   8   0   0   0)


     celldm(1)=    7.51404  celldm(2)=    0.00000  celldm(3)=    0.00000
     celldm(4)=    0.00000  celldm(5)=    0.00000  celldm(6)=    0.00000

     crystal axes: (cart. coord. in units of alat)
               a(1) = (  1.0000  0.0000  0.0000 )  
               a(2) = (  0.0000  1.0000  0.0000 )  
               a(3) = (  0.0000  0.0000  1.0000 )  

     reciprocal axes: (cart. coord. in units 2 pi/alat)
               b(1) = (  1.0000  0.0000  0.0000 )  
               b(2) = (  0.0000  1.0000  0.0000 )  
               b(3) = (  0.0000  0.0000  1.0000 )  


     Atoms inside the unit cell: 

     Cartesian axes

     site n.  atom      mass           positions (alat units)
        1     Ba 137.3270   tau(    1) = (    0.00000    0.00000    0.00000  )
        2     Ti  47.8670   tau(    2) = (    0.50000    0.50000    0.50000  )
        3     O   15.9990   tau(    3) = (    0.50000    0.50000    0.00000  )
        4     O   15.9990   tau(    4) = (    0.50000    0.00000    0.50000  )
        5     O   15.9990   tau(    5) = (    0.00000    0.50000    0.50000  )

     Computing dynamical matrix for 
                    q = (   0.0000000   0.0000000   0.0000000 )

     49 Sym.Ops. (with q -> -q+G )

                                    s                        frac. trans.

      isym =  1     identity                                     

 cryst.   s( 1) = (     1          0          0      )
                  (     0          1          0      )
                  (     0          0          1      )

 cart.    s( 1) = (  1.0000000  0.0000000  0.0000000 )
                  (  0.0000000  1.0000000  0.0000000 )
                  (  0.0000000  0.0000000  1.0000000 )


      isym =  2     180 deg rotation - cart. axis [0,0,1]        

 cryst.   s( 2) = (    -1          0          0      )
                  (     0         -1          0      )
                  (     0          0          1      )

 cart.    s( 2) = ( -1.0000000  0.0000000  0.0000000 )
                  (  0.0000000 -1.0000000  0.0000000 )
                  (  0.0000000  0.0000000  1.0000000 )


      isym =  3     180 deg rotation - cart. axis [0,1,0]        

 cryst.   s( 3) = (    -1          0          0      )
                  (     0          1          0      )
                  (     0          0         -1      )

 cart.    s( 3) = ( -1.0000000  0.0000000  0.0000000 )
                  (  0.0000000  1.0000000  0.0000000 )
                  (  0.0000000  0.0000000 -1.0000000 )


      isym =  4     180 deg rotation - cart. axis [1,0,0]        

 cryst.   s( 4) = (     1          0          0      )
                  (     0         -1          0      )
                  (     0          0         -1      )

 cart.    s( 4) = (  1.0000000  0.0000000  0.0000000 )
                  (  0.0000000 -1.0000000  0.0000000 )
                  (  0.0000000  0.0000000 -1.0000000 )


      isym =  5     180 deg rotation - cart. axis [1,1,0]        

 cryst.   s( 5) = (     0          1          0      )
                  (     1          0          0      )
                  (     0          0         -1      )

 cart.    s( 5) = (  0.0000000  1.0000000  0.0000000 )
                  (  1.0000000  0.0000000  0.0000000 )
                  (  0.0000000  0.0000000 -1.0000000 )


      isym =  6     180 deg rotation - cart. axis [1,-1,0]       

 cryst.   s( 6) = (     0         -1          0      )
                  (    -1          0          0      )
                  (     0          0         -1      )

 cart.    s( 6) = (  0.0000000 -1.0000000  0.0000000 )
                  ( -1.0000000  0.0000000  0.0000000 )
                  (  0.0000000  0.0000000 -1.0000000 )


      isym =  7     90 deg rotation - cart. axis [0,0,-1]        

 cryst.   s( 7) = (     0         -1          0      )
                  (     1          0          0      )
                  (     0          0          1      )

 cart.    s( 7) = (  0.0000000  1.0000000  0.0000000 )
                  ( -1.0000000  0.0000000  0.0000000 )
                  (  0.0000000  0.0000000  1.0000000 )


      isym =  8     90 deg rotation - cart. axis [0,0,1]         

 cryst.   s( 8) = (     0          1          0      )
                  (    -1          0          0      )
                  (     0          0          1      )

 cart.    s( 8) = (  0.0000000 -1.0000000  0.0000000 )
                  (  1.0000000  0.0000000  0.0000000 )
                  (  0.0000000  0.0000000  1.0000000 )


      isym =  9     180 deg rotation - cart. axis [1,0,1]        

 cryst.   s( 9) = (     0          0          1      )
                  (     0         -1          0      )
                  (     1          0          0      )

 cart.    s( 9) = (  0.0000000  0.0000000  1.0000000 )
                  (  0.0000000 -1.0000000  0.0000000 )
                  (  1.0000000  0.0000000  0.0000000 )


      isym = 10     180 deg rotation - cart. axis [-1,0,1]       

 cryst.   s(10) = (     0          0         -1      )
                  (     0         -1          0      )
                  (    -1          0          0      )

 cart.    s(10) = (  0.0000000  0.0000000 -1.0000000 )
                  (  0.0000000 -1.0000000  0.0000000 )
                  ( -1.0000000  0.0000000  0.0000000 )


      isym = 11     90 deg rotation - cart. axis [0,1,0]         

 cryst.   s(11) = (     0          0         -1      )
                  (     0          1          0      )
                  (     1          0          0      )

 cart.    s(11) = (  0.0000000  0.0000000  1.0000000 )
                  (  0.0000000  1.0000000  0.0000000 )
                  ( -1.0000000  0.0000000  0.0000000 )


      isym = 12     90 deg rotation - cart. axis [0,-1,0]        

 cryst.   s(12) = (     0          0          1      )
                  (     0          1          0      )
                  (    -1          0          0      )

 cart.    s(12) = (  0.0000000  0.0000000 -1.0000000 )
                  (  0.0000000  1.0000000  0.0000000 )
                  (  1.0000000  0.0000000  0.0000000 )


      isym = 13     180 deg rotation - cart. axis [0,1,1]        

 cryst.   s(13) = (    -1          0          0      )
                  (     0          0          1      )
                  (     0          1          0      )

 cart.    s(13) = ( -1.0000000  0.0000000  0.0000000 )
                  (  0.0000000  0.0000000  1.0000000 )
                  (  0.0000000  1.0000000  0.0000000 )


      isym = 14     180 deg rotation - cart. axis [0,1,-1]       

 cryst.   s(14) = (    -1          0          0      )
                  (     0          0         -1      )
                  (     0         -1          0      )

 cart.    s(14) = ( -1.0000000  0.0000000  0.0000000 )
                  (  0.0000000  0.0000000 -1.0000000 )
                  (  0.0000000 -1.0000000  0.0000000 )


      isym = 15     90 deg rotation - cart. axis [-1,0,0]        

 cryst.   s(15) = (     1          0          0      )
                  (     0          0         -1      )
                  (     0          1          0      )

 cart.    s(15) = (  1.0000000  0.0000000  0.0000000 )
                  (  0.0000000  0.0000000  1.0000000 )
                  (  0.0000000 -1.0000000  0.0000000 )


      isym = 16     90 deg rotation - cart. axis [1,0,0]         

 cryst.   s(16) = (     1          0          0      )
                  (     0          0          1      )
                  (     0         -1          0      )

 cart.    s(16) = (  1.0000000  0.0000000  0.0000000 )
                  (  0.0000000  0.0000000 -1.0000000 )
                  (  0.0000000  1.0000000  0.0000000 )


      isym = 17     120 deg rotation - cart. axis [-1,-1,-1]     

 cryst.   s(17) = (     0          0          1      )
                  (     1          0          0      )
                  (     0          1          0      )

 cart.    s(17) = (  0.0000000  1.0000000  0.0000000 )
                  (  0.0000000  0.0000000  1.0000000 )
                  (  1.0000000  0.0000000  0.0000000 )


      isym = 18     120 deg rotation - cart. axis [-1,1,1]       

 cryst.   s(18) = (     0          0         -1      )
                  (    -1          0          0      )
                  (     0          1          0      )

 cart.    s(18) = (  0.0000000 -1.0000000  0.0000000 )
                  (  0.0000000  0.0000000  1.0000000 )
                  ( -1.0000000  0.0000000  0.0000000 )


      isym = 19     120 deg rotation - cart. axis [1,1,-1]       

 cryst.   s(19) = (     0          0         -1      )
                  (     1          0          0      )
                  (     0         -1          0      )

 cart.    s(19) = (  0.0000000  1.0000000  0.0000000 )
                  (  0.0000000  0.0000000 -1.0000000 )
                  ( -1.0000000  0.0000000  0.0000000 )


      isym = 20     120 deg rotation - cart. axis [1,-1,1]       

 cryst.   s(20) = (     0          0          1      )
                  (    -1          0          0      )
                  (     0         -1          0      )

 cart.    s(20) = (  0.0000000 -1.0000000  0.0000000 )
                  (  0.0000000  0.0000000 -1.0000000 )
                  (  1.0000000  0.0000000  0.0000000 )


      isym = 21     120 deg rotation - cart. axis [1,1,1]        

 cryst.   s(21) = (     0          1          0      )
                  (     0          0          1      )
                  (     1          0          0      )

 cart.    s(21) = (  0.0000000  0.0000000  1.0000000 )
                  (  1.0000000  0.0000000  0.0000000 )
                  (  0.0000000  1.0000000  0.0000000 )


      isym = 22     120 deg rotation - cart. axis [-1,1,-1]      

 cryst.   s(22) = (     0         -1          0      )
                  (     0          0         -1      )
                  (     1          0          0      )

 cart.    s(22) = (  0.0000000  0.0000000  1.0000000 )
                  ( -1.0000000  0.0000000  0.0000000 )
                  (  0.0000000 -1.0000000  0.0000000 )


      isym = 23     120 deg rotation - cart. axis [1,-1,-1]      

 cryst.   s(23) = (     0         -1          0      )
                  (     0          0          1      )
                  (    -1          0          0      )

 cart.    s(23) = (  0.0000000  0.0000000 -1.0000000 )
                  ( -1.0000000  0.0000000  0.0000000 )
                  (  0.0000000  1.0000000  0.0000000 )


      isym = 24     120 deg rotation - cart. axis [-1,-1,1]      

 cryst.   s(24) = (     0          1          0      )
                  (     0          0         -1      )
                  (    -1          0          0      )

 cart.    s(24) = (  0.0000000  0.0000000 -1.0000000 )
                  (  1.0000000  0.0000000  0.0000000 )
                  (  0.0000000 -1.0000000  0.0000000 )


      isym = 25     inversion                                    

 cryst.   s(25) = (    -1          0          0      )
                  (     0         -1          0      )
                  (     0          0         -1      )

 cart.    s(25) = ( -1.0000000  0.0000000  0.0000000 )
                  (  0.0000000 -1.0000000  0.0000000 )
                  (  0.0000000  0.0000000 -1.0000000 )


      isym = 26     inv. 180 deg rotation - cart. axis [0,0,1]   

 cryst.   s(26) = (     1          0          0      )
                  (     0          1          0      )
                  (     0          0         -1      )

 cart.    s(26) = (  1.0000000  0.0000000  0.0000000 )
                  (  0.0000000  1.0000000  0.0000000 )
                  (  0.0000000  0.0000000 -1.0000000 )


      isym = 27     inv. 180 deg rotation - cart. axis [0,1,0]   

 cryst.   s(27) = (     1          0          0      )
                  (     0         -1          0      )
                  (     0          0          1      )

 cart.    s(27) = (  1.0000000  0.0000000  0.0000000 )
                  (  0.0000000 -1.0000000  0.0000000 )
                  (  0.0000000  0.0000000  1.0000000 )


      isym = 28     inv. 180 deg rotation - cart. axis [1,0,0]   

 cryst.   s(28) = (    -1          0          0      )
                  (     0          1          0      )
                  (     0          0          1      )

 cart.    s(28) = ( -1.0000000  0.0000000  0.0000000 )
                  (  0.0000000  1.0000000  0.0000000 )
                  (  0.0000000  0.0000000  1.0000000 )


      isym = 29     inv. 180 deg rotation - cart. axis [1,1,0]   

 cryst.   s(29) = (     0         -1          0      )
                  (    -1          0          0      )
                  (     0          0          1      )

 cart.    s(29) = (  0.0000000 -1.0000000  0.0000000 )
                  ( -1.0000000  0.0000000  0.0000000 )
                  (  0.0000000  0.0000000  1.0000000 )


      isym = 30     inv. 180 deg rotation - cart. axis [1,-1,0]  

 cryst.   s(30) = (     0          1          0      )
                  (     1          0          0      )
                  (     0          0          1      )

 cart.    s(30) = (  0.0000000  1.0000000  0.0000000 )
                  (  1.0000000  0.0000000  0.0000000 )
                  (  0.0000000  0.0000000  1.0000000 )


      isym = 31     inv. 90 deg rotation - cart. axis [0,0,-1]   

 cryst.   s(31) = (     0          1          0      )
                  (    -1          0          0      )
                  (     0          0         -1      )

 cart.    s(31) = (  0.0000000 -1.0000000  0.0000000 )
                  (  1.0000000  0.0000000  0.0000000 )
                  (  0.0000000  0.0000000 -1.0000000 )


      isym = 32     inv. 90 deg rotation - cart. axis [0,0,1]    

 cryst.   s(32) = (     0         -1          0      )
                  (     1          0          0      )
                  (     0          0         -1      )

 cart.    s(32) = (  0.0000000  1.0000000  0.0000000 )
                  ( -1.0000000  0.0000000  0.0000000 )
                  (  0.0000000  0.0000000 -1.0000000 )


      isym = 33     inv. 180 deg rotation - cart. axis [1,0,1]   

 cryst.   s(33) = (     0          0         -1      )
                  (     0          1          0      )
                  (    -1          0          0      )

 cart.    s(33) = (  0.0000000  0.0000000 -1.0000000 )
                  (  0.0000000  1.0000000  0.0000000 )
                  ( -1.0000000  0.0000000  0.0000000 )


      isym = 34     inv. 180 deg rotation - cart. axis [-1,0,1]  

 cryst.   s(34) = (     0          0          1      )
                  (     0          1          0      )
                  (     1          0          0      )

 cart.    s(34) = (  0.0000000  0.0000000  1.0000000 )
                  (  0.0000000  1.0000000  0.0000000 )
                  (  1.0000000  0.0000000  0.0000000 )


      isym = 35     inv. 90 deg rotation - cart. axis [0,1,0]    

 cryst.   s(35) = (     0          0          1      )
                  (     0         -1          0      )
                  (    -1          0          0      )

 cart.    s(35) = (  0.0000000  0.0000000 -1.0000000 )
                  (  0.0000000 -1.0000000  0.0000000 )
                  (  1.0000000  0.0000000  0.0000000 )


      isym = 36     inv. 90 deg rotation - cart. axis [0,-1,0]   

 cryst.   s(36) = (     0          0         -1      )
                  (     0         -1          0      )
                  (     1          0          0      )

 cart.    s(36) = (  0.0000000  0.0000000  1.0000000 )
                  (  0.0000000 -1.0000000  0.0000000 )
                  ( -1.0000000  0.0000000  0.0000000 )


      isym = 37     inv. 180 deg rotation - cart. axis [0,1,1]   

 cryst.   s(37) = (     1          0          0      )
                  (     0          0         -1      )
                  (     0         -1          0      )

 cart.    s(37) = (  1.0000000  0.0000000  0.0000000 )
                  (  0.0000000  0.0000000 -1.0000000 )
                  (  0.0000000 -1.0000000  0.0000000 )


      isym = 38     inv. 180 deg rotation - cart. axis [0,1,-1]  

 cryst.   s(38) = (     1          0          0      )
                  (     0          0          1      )
                  (     0          1          0      )

 cart.    s(38) = (  1.0000000  0.0000000  0.0000000 )
                  (  0.0000000  0.0000000  1.0000000 )
                  (  0.0000000  1.0000000  0.0000000 )


      isym = 39     inv. 90 deg rotation - cart. axis [-1,0,0]   

 cryst.   s(39) = (    -1          0          0      )
                  (     0          0          1      )
                  (     0         -1          0      )

 cart.    s(39) = ( -1.0000000  0.0000000  0.0000000 )
                  (  0.0000000  0.0000000 -1.0000000 )
                  (  0.0000000  1.0000000  0.0000000 )


      isym = 40     inv. 90 deg rotation - cart. axis [1,0,0]    

 cryst.   s(40) = (    -1          0          0      )
                  (     0          0         -1      )
                  (     0          1          0      )

 cart.    s(40) = ( -1.0000000  0.0000000  0.0000000 )
                  (  0.0000000  0.0000000  1.0000000 )
                  (  0.0000000 -1.0000000  0.0000000 )


      isym = 41     inv. 120 deg rotation - cart. axis [-1,-1,-1]

 cryst.   s(41) = (     0          0         -1      )
                  (    -1          0          0      )
                  (     0         -1          0      )

 cart.    s(41) = (  0.0000000 -1.0000000  0.0000000 )
                  (  0.0000000  0.0000000 -1.0000000 )
                  ( -1.0000000  0.0000000  0.0000000 )


      isym = 42     inv. 120 deg rotation - cart. axis [-1,1,1]  

 cryst.   s(42) = (     0          0          1      )
                  (     1          0          0      )
                  (     0         -1          0      )

 cart.    s(42) = (  0.0000000  1.0000000  0.0000000 )
                  (  0.0000000  0.0000000 -1.0000000 )
                  (  1.0000000  0.0000000  0.0000000 )


      isym = 43     inv. 120 deg rotation - cart. axis [1,1,-1]  

 cryst.   s(43) = (     0          0          1      )
                  (    -1          0          0      )
                  (     0          1          0      )

 cart.    s(43) = (  0.0000000 -1.0000000  0.0000000 )
                  (  0.0000000  0.0000000  1.0000000 )
                  (  1.0000000  0.0000000  0.0000000 )


      isym = 44     inv. 120 deg rotation - cart. axis [1,-1,1]  

 cryst.   s(44) = (     0          0         -1      )
                  (     1          0          0      )
                  (     0          1          0      )

 cart.    s(44) = (  0.0000000  1.0000000  0.0000000 )
                  (  0.0000000  0.0000000  1.0000000 )
                  ( -1.0000000  0.0000000  0.0000000 )


      isym = 45     inv. 120 deg rotation - cart. axis [1,1,1]   

 cryst.   s(45) = (     0         -1          0      )
                  (     0          0         -1      )
                  (    -1          0          0      )

 cart.    s(45) = (  0.0000000  0.0000000 -1.0000000 )
                  ( -1.0000000  0.0000000  0.0000000 )
                  (  0.0000000 -1.0000000  0.0000000 )


      isym = 46     inv. 120 deg rotation - cart. axis [-1,1,-1] 

 cryst.   s(46) = (     0          1          0      )
                  (     0          0          1      )
                  (    -1          0          0      )

 cart.    s(46) = (  0.0000000  0.0000000 -1.0000000 )
                  (  1.0000000  0.0000000  0.0000000 )
                  (  0.0000000  1.0000000  0.0000000 )


      isym = 47     inv. 120 deg rotation - cart. axis [1,-1,-1] 

 cryst.   s(47) = (     0          1          0      )
                  (     0          0         -1      )
                  (     1          0          0      )

 cart.    s(47) = (  0.0000000  0.0000000  1.0000000 )
                  (  1.0000000  0.0000000  0.0000000 )
                  (  0.0000000 -1.0000000  0.0000000 )


      isym = 48     inv. 120 deg rotation - cart. axis [-1,-1,1] 

 cryst.   s(48) = (     0         -1          0      )
                  (     0          0          1      )
                  (     1          0          0      )

 cart.    s(48) = (  0.0000000  0.0000000  1.0000000 )
                  ( -1.0000000  0.0000000  0.0000000 )
                  (  0.0000000  1.0000000  0.0000000 )


     This transformation sends q -> -q+G

      isym = 49     identity                                     

 cryst.   s(49) = (     1          0          0      )
                  (     0          1          0      )
                  (     0          0          1      )

 cart.    s(49) = (  1.0000000  0.0000000  0.0000000 )
                  (  0.0000000  1.0000000  0.0000000 )
                  (  0.0000000  0.0000000  1.0000000 )


     G cutoff =  686.4808  (   9428 G-vectors)     FFT grid: ( 54, 54, 54)
     G cutoff =  343.2404  (   3343 G-vectors)  smooth grid: ( 40, 40, 40)
     number of k points=    35
                       cart. coord. in units 2pi/alat
        k(    1) = (   0.0000000   0.0000000   0.0000000), wk =   0.0039062
        k(    2) = (   0.0000000   0.0000000   0.1250000), wk =   0.0234375
        k(    3) = (   0.0000000   0.0000000   0.2500000), wk =   0.0234375
        k(    4) = (   0.0000000   0.0000000   0.3750000), wk =   0.0234375
        k(    5) = (   0.0000000   0.0000000  -0.5000000), wk =   0.0117188
        k(    6) = (   0.0000000   0.1250000   0.1250000), wk =   0.0468750
        k(    7) = (   0.0000000   0.1250000   0.2500000), wk =   0.0937500
        k(    8) = (   0.0000000   0.1250000   0.3750000), wk =   0.0937500
        k(    9) = (   0.0000000   0.1250000  -0.5000000), wk =   0.0468750
        k(   10) = (   0.0000000   0.2500000   0.2500000), wk =   0.0468750
        k(   11) = (   0.0000000   0.2500000   0.3750000), wk =   0.0937500
        k(   12) = (   0.0000000   0.2500000  -0.5000000), wk =   0.0468750
        k(   13) = (   0.0000000   0.3750000   0.3750000), wk =   0.0468750
        k(   14) = (   0.0000000   0.3750000  -0.5000000), wk =   0.0468750
        k(   15) = (   0.0000000  -0.5000000  -0.5000000), wk =   0.0117188
        k(   16) = (   0.1250000   0.1250000   0.1250000), wk =   0.0312500
        k(   17) = (   0.1250000   0.1250000   0.2500000), wk =   0.0937500
        k(   18) = (   0.1250000   0.1250000   0.3750000), wk =   0.0937500
        k(   19) = (   0.1250000   0.1250000  -0.5000000), wk =   0.0468750
        k(   20) = (   0.1250000   0.2500000   0.2500000), wk =   0.0937500
        k(   21) = (   0.1250000   0.2500000   0.3750000), wk =   0.1875000
        k(   22) = (   0.1250000   0.2500000  -0.5000000), wk =   0.0937500
        k(   23) = (   0.1250000   0.3750000   0.3750000), wk =   0.0937500
        k(   24) = (   0.1250000   0.3750000  -0.5000000), wk =   0.0937500
        k(   25) = (   0.1250000  -0.5000000  -0.5000000), wk =   0.0234375
        k(   26) = (   0.2500000   0.2500000   0.2500000), wk =   0.0312500
        k(   27) = (   0.2500000   0.2500000   0.3750000), wk =   0.0937500
        k(   28) = (   0.2500000   0.2500000  -0.5000000), wk =   0.0468750
        k(   29) = (   0.2500000   0.3750000   0.3750000), wk =   0.0937500
        k(   30) = (   0.2500000   0.3750000  -0.5000000), wk =   0.0937500
        k(   31) = (   0.2500000  -0.5000000  -0.5000000), wk =   0.0234375
        k(   32) = (   0.3750000   0.3750000   0.3750000), wk =   0.0312500
        k(   33) = (   0.3750000   0.3750000  -0.5000000), wk =   0.0468750
        k(   34) = (   0.3750000  -0.5000000  -0.5000000), wk =   0.0234375
        k(   35) = (  -0.5000000  -0.5000000  -0.5000000), wk =   0.0039062

                       cryst. coord.
        k(    1) = (   0.0000000   0.0000000   0.0000000), wk =   0.0039062
        k(    2) = (   0.0000000   0.0000000   0.1250000), wk =   0.0234375
        k(    3) = (   0.0000000   0.0000000   0.2500000), wk =   0.0234375
        k(    4) = (   0.0000000   0.0000000   0.3750000), wk =   0.0234375
        k(    5) = (   0.0000000   0.0000000  -0.5000000), wk =   0.0117188
        k(    6) = (   0.0000000   0.1250000   0.1250000), wk =   0.0468750
        k(    7) = (   0.0000000   0.1250000   0.2500000), wk =   0.0937500
        k(    8) = (   0.0000000   0.1250000   0.3750000), wk =   0.0937500
        k(    9) = (   0.0000000   0.1250000  -0.5000000), wk =   0.0468750
        k(   10) = (   0.0000000   0.2500000   0.2500000), wk =   0.0468750
        k(   11) = (   0.0000000   0.2500000   0.3750000), wk =   0.0937500
        k(   12) = (   0.0000000   0.2500000  -0.5000000), wk =   0.0468750
        k(   13) = (   0.0000000   0.3750000   0.3750000), wk =   0.0468750
        k(   14) = (   0.0000000   0.3750000  -0.5000000), wk =   0.0468750
        k(   15) = (   0.0000000  -0.5000000  -0.5000000), wk =   0.0117188
        k(   16) = (   0.1250000   0.1250000   0.1250000), wk =   0.0312500
        k(   17) = (   0.1250000   0.1250000   0.2500000), wk =   0.0937500
        k(   18) = (   0.1250000   0.1250000   0.3750000), wk =   0.0937500
        k(   19) = (   0.1250000   0.1250000  -0.5000000), wk =   0.0468750
        k(   20) = (   0.1250000   0.2500000   0.2500000), wk =   0.0937500
        k(   21) = (   0.1250000   0.2500000   0.3750000), wk =   0.1875000
        k(   22) = (   0.1250000   0.2500000  -0.5000000), wk =   0.0937500
        k(   23) = (   0.1250000   0.3750000   0.3750000), wk =   0.0937500
        k(   24) = (   0.1250000   0.3750000  -0.5000000), wk =   0.0937500
        k(   25) = (   0.1250000  -0.5000000  -0.5000000), wk =   0.0234375
        k(   26) = (   0.2500000   0.2500000   0.2500000), wk =   0.0312500
        k(   27) = (   0.2500000   0.2500000   0.3750000), wk =   0.0937500
        k(   28) = (   0.2500000   0.2500000  -0.5000000), wk =   0.0468750
        k(   29) = (   0.2500000   0.3750000   0.3750000), wk =   0.0937500
        k(   30) = (   0.2500000   0.3750000  -0.5000000), wk =   0.0937500
        k(   31) = (   0.2500000  -0.5000000  -0.5000000), wk =   0.0234375
        k(   32) = (   0.3750000   0.3750000   0.3750000), wk =   0.0312500
        k(   33) = (   0.3750000   0.3750000  -0.5000000), wk =   0.0468750
        k(   34) = (   0.3750000  -0.5000000  -0.5000000), wk =   0.0234375
        k(   35) = (  -0.5000000  -0.5000000  -0.5000000), wk =   0.0039062

     PseudoPot. # 1 for Ba read from file:
     ./pseudo/Ba.pbesol-spn-kjpaw_psl.1.0.0.UPF
     MD5 check sum: dd46dd63df357211ac98124515369fe1
     Pseudo is Projector augmented-wave + core cor, Zval = 10.0
     Generated using 'atomic' code by A. Dal Corso  v.6.7MaX
     Shape of augmentation charge: PSQ
     Using radial grid of 1251 points,  7 beta functions with: 
                l(1) =   0
                l(2) =   0
                l(3) =   0
                l(4) =   1
                l(5) =   1
                l(6) =   2
                l(7) =   2
     Q(r) pseudized with 0 coefficients 


     PseudoPot. # 2 for Ti read from file:
     ./pseudo/Ti.pbesol-spn-kjpaw_psl.1.0.0.UPF
     MD5 check sum: 37a32a5821746b2d50d64995a8e5b789
     Pseudo is Projector augmented-wave + core cor, Zval = 12.0
     Generated using &quot;atomic&quot; code by A. Dal Corso  v.6.2.2
     Shape of augmentation charge: PSQ
     Using radial grid of 1177 points,  6 beta functions with: 
                l(1) =   0
                l(2) =   0
                l(3) =   1
                l(4) =   1
                l(5) =   2
                l(6) =   2
     Q(r) pseudized with 0 coefficients 


     PseudoPot. # 3 for O  read from file:
     ./pseudo/O.pbesol-n-kjpaw_psl.1.0.0.UPF
     MD5 check sum: cb766521a97cf798d01896eaf7ac9a0a
     Pseudo is Projector augmented-wave + core cor, Zval =  6.0
     Generated using &quot;atomic&quot; code by A. Dal Corso  v.6.3
     Shape of augmentation charge: PSQ
     Using radial grid of 1095 points,  4 beta functions with: 
                l(1) =   0
                l(2) =   0
                l(3) =   1
                l(4) =   1
     Q(r) pseudized with 0 coefficients 


     point group O_h (m-3m) 
     there are 10 classes
     the character table:

       E     8C3   3C2   6C4   6C2'  i     8S6   3s_h  6S4   6s_d 
A_1g   1.00  1.00  1.00  1.00  1.00  1.00  1.00  1.00  1.00  1.00
A_2g   1.00  1.00  1.00 -1.00 -1.00  1.00  1.00  1.00 -1.00 -1.00
E_g    2.00 -1.00  2.00  0.00  0.00  2.00 -1.00  2.00  0.00  0.00
T_1g   3.00  0.00 -1.00  1.00 -1.00  3.00  0.00 -1.00  1.00 -1.00
T_2g   3.00  0.00 -1.00 -1.00  1.00  3.00  0.00 -1.00 -1.00  1.00
A_1u   1.00  1.00  1.00  1.00  1.00 -1.00 -1.00 -1.00 -1.00 -1.00
A_2u   1.00  1.00  1.00 -1.00 -1.00 -1.00 -1.00 -1.00  1.00  1.00
E_u    2.00 -1.00  2.00  0.00  0.00 -2.00  1.00 -2.00  0.00  0.00
T_1u   3.00  0.00 -1.00  1.00 -1.00 -3.00  0.00  1.00 -1.00  1.00
T_2u   3.00  0.00 -1.00 -1.00  1.00 -3.00  0.00  1.00  1.00 -1.00

     the symmetry operations in each class and the name of the first element:

     E        1
                                                                 
     8C3     17   19   20   18   24   21   22   23
                                                                 
     3C2      2    4    3
                                                                 
     6C4      7    8   15   16   12   11
                                                                 
     6C2'     5    6   14   13   10    9
                                                                 
     i       25
                                                                 
     8S6     41   43   44   42   48   45   46   47
                                                                 
     3s_h    26   28   27
                                                                 
     6S4     31   32   39   40   36   35
                                                                 
     6s_d    29   30   38   37   34   33
                                                                 


     Electric field:
     Dielectric constant
     Born effective charges as d Force / d E


     Atomic displacements:
     There are    5 irreducible representations

     Representation     1      3 modes -  To be done
     Irreps are as follows:

     mode #   1              mode #   2              mode #   3
     (  -0.00000   0.00000 ) (  -0.00000   0.00000 ) (   0.00000  -0.00000 ) 
     (  -0.00000   0.00000 ) (  -0.00000   0.00000 ) (   0.00000  -0.00000 ) 
     (  -0.00000   0.00000 ) (  -0.00000   0.00000 ) (   0.00000  -0.00000 ) 
     (  -0.00000   0.00000 ) (  -0.00000   0.00000 ) (   0.00000  -0.00000 ) 
     (  -0.00000   0.00000 ) (  -0.00000   0.00000 ) (   0.00000  -0.00000 ) 
     (  -0.00000   0.00000 ) (  -0.00000   0.00000 ) (   0.00000  -0.00000 ) 
     (   0.00000   0.00000 ) (  -0.07139  -0.00000 ) (  -0.06707  -0.00000 ) 
     (  -0.00000  -0.00000 ) (   0.06707   0.00000 ) (  -0.07139  -0.00000 ) 
     (  -0.99036  -0.00000 ) (  -0.00000  -0.00000 ) (   0.00000   0.00000 ) 
     (   0.00000   0.00000 ) (  -0.07139  -0.00000 ) (  -0.06707  -0.00000 ) 
     (  -0.00000  -0.00000 ) (   0.67810   0.00000 ) (  -0.72179  -0.00000 ) 
     (  -0.09796  -0.00000 ) (  -0.00000  -0.00000 ) (  -0.00000  -0.00000 ) 
     (   0.00000   0.00000 ) (  -0.72179  -0.00000 ) (  -0.67810  -0.00000 ) 
     (   0.00000   0.00000 ) (   0.06707   0.00000 ) (  -0.07139  -0.00000 ) 
     (  -0.09796  -0.00000 ) (  -0.00000  -0.00000 ) (  -0.00000  -0.00000 ) 

     Representation     2      3 modes -  To be done
     Irreps are as follows:

     mode #   4              mode #   5              mode #   6
     (  -0.00000   0.00000 ) (  -0.00000   0.00000 ) (  -0.00000   0.00000 ) 
     (  -0.00000   0.00000 ) (  -0.00000   0.00000 ) (  -0.00000   0.00000 ) 
     (  -0.00000   0.00000 ) (  -0.00000   0.00000 ) (  -0.00000   0.00000 ) 
     (  -1.00000  -0.00000 ) (  -0.00000   0.00000 ) (  -0.00000   0.00000 ) 
     (  -0.00000  -0.00000 ) (  -1.00000  -0.00000 ) (  -0.00000   0.00000 ) 
     (  -0.00000  -0.00000 ) (  -0.00000  -0.00000 ) (  -1.00000  -0.00000 ) 
     (  -0.00000  -0.00000 ) (  -0.00000  -0.00000 ) (  -0.00000  -0.00000 ) 
     (  -0.00000  -0.00000 ) (  -0.00000  -0.00000 ) (  -0.00000  -0.00000 ) 
     (  -0.00000  -0.00000 ) (  -0.00000  -0.00000 ) (  -0.00000  -0.00000 ) 
     (  -0.00000  -0.00000 ) (  -0.00000  -0.00000 ) (  -0.00000  -0.00000 ) 
     (  -0.00000  -0.00000 ) (  -0.00000  -0.00000 ) (  -0.00000  -0.00000 ) 
     (  -0.00000  -0.00000 ) (  -0.00000  -0.00000 ) (  -0.00000  -0.00000 ) 
     (  -0.00000  -0.00000 ) (  -0.00000  -0.00000 ) (  -0.00000  -0.00000 ) 
     (  -0.00000  -0.00000 ) (  -0.00000  -0.00000 ) (  -0.00000  -0.00000 ) 
     (  -0.00000  -0.00000 ) (  -0.00000  -0.00000 ) (  -0.00000  -0.00000 ) 

     Representation     3      3 modes -  To be done
     Irreps are as follows:

     mode #   7              mode #   8              mode #   9
     (  -1.00000  -0.00000 ) (  -0.00000   0.00000 ) (  -0.00000   0.00000 ) 
     (  -0.00000  -0.00000 ) (  -0.00000   0.00000 ) (  -1.00000  -0.00000 ) 
     (  -0.00000  -0.00000 ) (  -1.00000  -0.00000 ) (  -0.00000  -0.00000 ) 
     (  -0.00000  -0.00000 ) (  -0.00000  -0.00000 ) (  -0.00000  -0.00000 ) 
     (  -0.00000  -0.00000 ) (  -0.00000  -0.00000 ) (  -0.00000  -0.00000 ) 
     (  -0.00000  -0.00000 ) (  -0.00000  -0.00000 ) (  -0.00000  -0.00000 ) 
     (  -0.00000  -0.00000 ) (  -0.00000  -0.00000 ) (  -0.00000  -0.00000 ) 
     (  -0.00000  -0.00000 ) (  -0.00000  -0.00000 ) (  -0.00000  -0.00000 ) 
     (  -0.00000  -0.00000 ) (  -0.00000  -0.00000 ) (  -0.00000  -0.00000 ) 
     (  -0.00000  -0.00000 ) (  -0.00000  -0.00000 ) (  -0.00000  -0.00000 ) 
     (  -0.00000  -0.00000 ) (  -0.00000  -0.00000 ) (  -0.00000  -0.00000 ) 
     (  -0.00000  -0.00000 ) (  -0.00000  -0.00000 ) (  -0.00000  -0.00000 ) 
     (  -0.00000  -0.00000 ) (  -0.00000  -0.00000 ) (  -0.00000  -0.00000 ) 
     (  -0.00000  -0.00000 ) (  -0.00000  -0.00000 ) (  -0.00000  -0.00000 ) 
     (  -0.00000  -0.00000 ) (  -0.00000  -0.00000 ) (  -0.00000  -0.00000 ) 

     Representation     4      3 modes -  To be done
     Irreps are as follows:

     mode #  10              mode #  11              mode #  12
     (  -0.00000  -0.00000 ) (  -0.00000   0.00000 ) (  -0.00000  -0.00000 ) 
     (  -0.00000  -0.00000 ) (  -0.00000   0.00000 ) (  -0.00000  -0.00000 ) 
     (  -0.00000  -0.00000 ) (  -0.00000   0.00000 ) (  -0.00000  -0.00000 ) 
     (  -0.00000  -0.00000 ) (  -0.00000   0.00000 ) (  -0.00000  -0.00000 ) 
     (  -0.00000  -0.00000 ) (  -0.00000   0.00000 ) (  -0.00000  -0.00000 ) 
     (  -0.00000  -0.00000 ) (  -0.00000   0.00000 ) (  -0.00000  -0.00000 ) 
     (  -0.12746  -0.00000 ) (  -0.68820  -0.00000 ) (  -0.02326  -0.00000 ) 
     (   0.04159  -0.00000 ) (   0.01592   0.00000 ) (  -0.69887  -0.00000 ) 
     (  -0.13597  -0.00000 ) (   0.02544   0.00000 ) (  -0.00751  -0.00000 ) 
     (  -0.12746  -0.00000 ) (  -0.68820  -0.00000 ) (  -0.02326  -0.00000 ) 
     (  -0.00823  -0.00000 ) (  -0.00315  -0.00000 ) (   0.13825  -0.00000 ) 
     (   0.68733  -0.00000 ) (  -0.12858  -0.00000 ) (   0.03798  -0.00000 ) 
     (   0.02521  -0.00000 ) (   0.13614   0.00000 ) (   0.00460  -0.00000 ) 
     (   0.04159  -0.00000 ) (   0.01592   0.00000 ) (  -0.69887  -0.00000 ) 
     (   0.68733  -0.00000 ) (  -0.12858  -0.00000 ) (   0.03798  -0.00000 ) 

     Representation     5      3 modes -  To be done
     Irreps are as follows:

     mode #  13              mode #  14              mode #  15
     (  -0.00000   0.00000 ) (  -0.00000  -0.00000 ) (  -0.00000   0.00000 ) 
     (  -0.00000   0.00000 ) (  -0.00000  -0.00000 ) (  -0.00000   0.00000 ) 
     (  -0.00000   0.00000 ) (  -0.00000  -0.00000 ) (  -0.00000   0.00000 ) 
     (  -0.00000   0.00000 ) (  -0.00000  -0.00000 ) (  -0.00000   0.00000 ) 
     (  -0.00000   0.00000 ) (  -0.00000  -0.00000 ) (  -0.00000   0.00000 ) 
     (  -0.00000   0.00000 ) (  -0.00000  -0.00000 ) (  -0.00000   0.00000 ) 
     (  -0.01178  -0.00000 ) (  -0.70700  -0.00000 ) (  -0.00257  -0.00000 ) 
     (  -0.67747  -0.00000 ) (   0.01203  -0.00000 ) (  -0.20223  -0.00000 ) 
     (   0.00000   0.00000 ) (  -0.00000  -0.00000 ) (  -0.00000  -0.00000 ) 
     (   0.01178   0.00000 ) (   0.70700  -0.00000 ) (   0.00257   0.00000 ) 
     (   0.00000   0.00000 ) (  -0.00000  -0.00000 ) (  -0.00000  -0.00000 ) 
     (   0.20224   0.00000 ) (  -0.00091  -0.00000 ) (  -0.67757  -0.00000 ) 
     (  -0.00000  -0.00000 ) (   0.00000  -0.00000 ) (  -0.00000  -0.00000 ) 
     (   0.67747   0.00000 ) (  -0.01203  -0.00000 ) (   0.20223   0.00000 ) 
     (  -0.20224  -0.00000 ) (   0.00091  -0.00000 ) (   0.67757   0.00000 ) 



     Alpha used in Ewald sum =   2.8000
     PHONON       :      6.26s CPU      6.37s WALL


     Electric Fields Calculation

      iter #   1 total cpu time :    65.6 secs   av.it.:  12.4
      thresh= 1.000E-02 alpha_mix =  0.700 |ddv_scf|^2 =  2.251E-08

      iter #   2 total cpu time :    92.5 secs   av.it.:  23.5
      thresh= 1.500E-05 alpha_mix =  0.700 |ddv_scf|^2 =  3.109E-09

      iter #   3 total cpu time :   118.2 secs   av.it.:  22.3
      thresh= 5.576E-06 alpha_mix =  0.700 |ddv_scf|^2 =  1.173E-10

      iter #   4 total cpu time :   144.5 secs   av.it.:  23.0
      thresh= 1.083E-06 alpha_mix =  0.700 |ddv_scf|^2 =  8.648E-12

      iter #   5 total cpu time :   170.8 secs   av.it.:  23.1
      thresh= 2.941E-07 alpha_mix =  0.700 |ddv_scf|^2 =  4.422E-13

      iter #   6 total cpu time :   197.2 secs   av.it.:  23.3
      thresh= 6.650E-08 alpha_mix =  0.700 |ddv_scf|^2 =  4.639E-14

      iter #   7 total cpu time :   226.2 secs   av.it.:  26.1
      thresh= 2.154E-08 alpha_mix =  0.700 |ddv_scf|^2 =  6.514E-12

      iter #   8 total cpu time :   249.7 secs   av.it.:  20.3
      thresh= 2.552E-07 alpha_mix =  0.700 |ddv_scf|^2 =  2.801E-14

      iter #   9 total cpu time :   275.1 secs   av.it.:  22.5
      thresh= 1.674E-08 alpha_mix =  0.700 |ddv_scf|^2 =  3.865E-15

     End of electric fields calculation

          Dielectric constant in cartesian axis 

          (       6.746362061       0.000000000       0.000000000 )
          (       0.000000000       6.746362061       0.000000000 )
          (       0.000000000       0.000000000       6.746362061 )

          Effective charges (d Force / dE) in cartesian axis

           atom      1   Ba 
      Ex  (        2.74504        0.00000        0.00000 )
      Ey  (        0.00000        2.74504        0.00000 )
      Ez  (        0.00000        0.00000        2.74504 )
           atom      2   Ti 
      Ex  (        7.38436        0.00000        0.00000 )
      Ey  (        0.00000        7.38436        0.00000 )
      Ez  (        0.00000        0.00000        7.38436 )
           atom      3   O  
      Ex  (       -2.19276        0.00000        0.00000 )
      Ey  (        0.00000       -2.19276        0.00000 )
      Ez  (        0.00000        0.00000       -5.87648 )
           atom      4   O  
      Ex  (       -2.19276        0.00000        0.00000 )
      Ey  (        0.00000       -5.87648        0.00000 )
      Ez  (        0.00000        0.00000       -2.19276 )
           atom      5   O  
      Ex  (       -5.87648        0.00000        0.00000 )
      Ey  (        0.00000       -2.19276        0.00000 )
      Ez  (        0.00000        0.00000       -2.19276 )


     Representation #   1 modes #   1   2   3

     Self-consistent Calculation

      iter #   1 total cpu time :   317.0 secs   av.it.:  11.8
      thresh= 1.000E-02 alpha_mix =  0.700 |ddv_scf|^2 =  2.353E-07

      iter #   2 total cpu time :   343.9 secs   av.it.:  23.7
      thresh= 4.851E-05 alpha_mix =  0.700 |ddv_scf|^2 =  4.350E-08

      iter #   3 total cpu time :   370.3 secs   av.it.:  23.1
      thresh= 2.086E-05 alpha_mix =  0.700 |ddv_scf|^2 =  4.265E-10

      iter #   4 total cpu time :   396.8 secs   av.it.:  23.4
      thresh= 2.065E-06 alpha_mix =  0.700 |ddv_scf|^2 =  3.706E-12

      iter #   5 total cpu time :   424.0 secs   av.it.:  24.1
      thresh= 1.925E-07 alpha_mix =  0.700 |ddv_scf|^2 =  2.889E-13

      iter #   6 total cpu time :   450.8 secs   av.it.:  23.5
      thresh= 5.375E-08 alpha_mix =  0.700 |ddv_scf|^2 =  4.825E-15

     End of self-consistent calculation

     Convergence has been achieved 


     Representation #   2 modes #   4   5   6

     Self-consistent Calculation

      iter #   1 total cpu time :   467.5 secs   av.it.:  12.5
      thresh= 1.000E-02 alpha_mix =  0.700 |ddv_scf|^2 =  9.385E-07

      iter #   2 total cpu time :   493.7 secs   av.it.:  22.9
      thresh= 9.687E-05 alpha_mix =  0.700 |ddv_scf|^2 =  2.633E-07

      iter #   3 total cpu time :   519.3 secs   av.it.:  22.3
      thresh= 5.131E-05 alpha_mix =  0.700 |ddv_scf|^2 =  5.246E-10

      iter #   4 total cpu time :   546.3 secs   av.it.:  23.6
      thresh= 2.290E-06 alpha_mix =  0.700 |ddv_scf|^2 =  2.412E-11

      iter #   5 total cpu time :   572.3 secs   av.it.:  23.0
      thresh= 4.912E-07 alpha_mix =  0.700 |ddv_scf|^2 =  2.028E-13

      iter #   6 total cpu time :   598.7 secs   av.it.:  23.1
      thresh= 4.503E-08 alpha_mix =  0.700 |ddv_scf|^2 =  1.737E-14

      iter #   7 total cpu time :   624.1 secs   av.it.:  22.1
      thresh= 1.318E-08 alpha_mix =  0.700 |ddv_scf|^2 =  9.588E-16

     End of self-consistent calculation

     Convergence has been achieved 


     Representation #   3 modes #   7   8   9

     Self-consistent Calculation

      iter #   1 total cpu time :   638.3 secs   av.it.:   9.9
      thresh= 1.000E-02 alpha_mix =  0.700 |ddv_scf|^2 =  1.559E-07

      iter #   2 total cpu time :   664.4 secs   av.it.:  22.6
      thresh= 3.948E-05 alpha_mix =  0.700 |ddv_scf|^2 =  3.580E-08

      iter #   3 total cpu time :   689.8 secs   av.it.:  22.1
      thresh= 1.892E-05 alpha_mix =  0.700 |ddv_scf|^2 =  7.821E-10

      iter #   4 total cpu time :   714.8 secs   av.it.:  21.9
      thresh= 2.797E-06 alpha_mix =  0.700 |ddv_scf|^2 =  2.838E-10

      iter #   5 total cpu time :   739.9 secs   av.it.:  21.7
      thresh= 1.685E-06 alpha_mix =  0.700 |ddv_scf|^2 =  9.534E-11

      iter #   6 total cpu time :   765.6 secs   av.it.:  22.3
      thresh= 9.764E-07 alpha_mix =  0.700 |ddv_scf|^2 =  1.039E-12

      iter #   7 total cpu time :   792.7 secs   av.it.:  22.7
      thresh= 1.019E-07 alpha_mix =  0.700 |ddv_scf|^2 =  1.579E-13

      iter #   8 total cpu time :   818.8 secs   av.it.:  22.7
      thresh= 3.973E-08 alpha_mix =  0.700 |ddv_scf|^2 =  5.530E-15

     End of self-consistent calculation

     Convergence has been achieved 


     Representation #   4 modes #  10  11  12

     Self-consistent Calculation

      iter #   1 total cpu time :   836.1 secs   av.it.:  12.7
      thresh= 1.000E-02 alpha_mix =  0.700 |ddv_scf|^2 =  4.159E-07

      iter #   2 total cpu time :   864.0 secs   av.it.:  24.5
      thresh= 6.449E-05 alpha_mix =  0.700 |ddv_scf|^2 =  8.903E-08

      iter #   3 total cpu time :   890.8 secs   av.it.:  23.5
      thresh= 2.984E-05 alpha_mix =  0.700 |ddv_scf|^2 =  2.619E-10

      iter #   4 total cpu time :   918.5 secs   av.it.:  24.6
      thresh= 1.618E-06 alpha_mix =  0.700 |ddv_scf|^2 =  3.930E-12

      iter #   5 total cpu time :   946.0 secs   av.it.:  24.5
      thresh= 1.983E-07 alpha_mix =  0.700 |ddv_scf|^2 =  2.218E-13

      iter #   6 total cpu time :   973.4 secs   av.it.:  24.3
      thresh= 4.709E-08 alpha_mix =  0.700 |ddv_scf|^2 =  5.016E-15

     End of self-consistent calculation

     Convergence has been achieved 


     Representation #   5 modes #  13  14  15

     Self-consistent Calculation

      iter #   1 total cpu time :   989.6 secs   av.it.:  11.7
      thresh= 1.000E-02 alpha_mix =  0.700 |ddv_scf|^2 =  1.238E-07

      iter #   2 total cpu time :  1016.0 secs   av.it.:  23.0
      thresh= 3.519E-05 alpha_mix =  0.700 |ddv_scf|^2 =  8.523E-10

      iter #   3 total cpu time :  1042.9 secs   av.it.:  23.4
      thresh= 2.919E-06 alpha_mix =  0.700 |ddv_scf|^2 =  6.015E-12

      iter #   4 total cpu time :  1068.4 secs   av.it.:  22.3
      thresh= 2.453E-07 alpha_mix =  0.700 |ddv_scf|^2 =  1.407E-14

      iter #   5 total cpu time :  1094.6 secs   av.it.:  22.8
      thresh= 1.186E-08 alpha_mix =  0.700 |ddv_scf|^2 =  8.850E-17

     End of self-consistent calculation

     Convergence has been achieved 

     Number of q in the star =    1
     List of q in the star:
          1   0.000000000   0.000000000   0.000000000

          Dielectric constant in cartesian axis 

          (       6.746362061       0.000000000       0.000000000 )
          (       0.000000000       6.746362061       0.000000000 )
          (       0.000000000       0.000000000       6.746362061 )

          Effective charges (d Force / dE) in cartesian axis

           atom      1   Ba 
      Ex  (        2.74504        0.00000        0.00000 )
      Ey  (        0.00000        2.74504        0.00000 )
      Ez  (        0.00000        0.00000        2.74504 )
           atom      2   Ti 
      Ex  (        7.38436        0.00000        0.00000 )
      Ey  (        0.00000        7.38436        0.00000 )
      Ez  (        0.00000        0.00000        7.38436 )
           atom      3   O  
      Ex  (       -2.19276        0.00000        0.00000 )
      Ey  (        0.00000       -2.19276        0.00000 )
      Ez  (        0.00000        0.00000       -5.87648 )
           atom      4   O  
      Ex  (       -2.19276        0.00000        0.00000 )
      Ey  (        0.00000       -5.87648        0.00000 )
      Ez  (        0.00000        0.00000       -2.19276 )
           atom      5   O  
      Ex  (       -5.87648        0.00000        0.00000 )
      Ey  (        0.00000       -2.19276        0.00000 )
      Ez  (        0.00000        0.00000       -2.19276 )

     Diagonalizing the dynamical matrix

     q = (    0.000000000   0.000000000   0.000000000 ) 

 **************************************************************************
     freq (    1) =      -5.779543 [THz] =    -192.784801 [cm-1]
     freq (    2) =      -5.779543 [THz] =    -192.784801 [cm-1]
     freq (    3) =      -5.779543 [THz] =    -192.784801 [cm-1]
     freq (    4) =       0.086142 [THz] =       2.873374 [cm-1]
     freq (    5) =       0.086142 [THz] =       2.873374 [cm-1]
     freq (    6) =       0.086142 [THz] =       2.873374 [cm-1]
     freq (    7) =       5.252211 [THz] =     175.194908 [cm-1]
     freq (    8) =       5.252211 [THz] =     175.194908 [cm-1]
     freq (    9) =       5.252211 [THz] =     175.194908 [cm-1]
     freq (   10) =       8.479163 [THz] =     282.834449 [cm-1]
     freq (   11) =       8.479163 [THz] =     282.834449 [cm-1]
     freq (   12) =       8.479163 [THz] =     282.834449 [cm-1]
     freq (   13) =      13.968479 [THz] =     465.938297 [cm-1]
     freq (   14) =      13.968479 [THz] =     465.938297 [cm-1]
     freq (   15) =      13.968479 [THz] =     465.938297 [cm-1]
 **************************************************************************

     Mode symmetry, O_h (m-3m)  point group:

     freq (   1-   3) =       -192.8  [cm-1]   --> T_1u G_15  G_4- I  
     freq (   4-   6) =          2.9  [cm-1]   --> T_1u G_15  G_4- I  
     freq (   7-   9) =        175.2  [cm-1]   --> T_1u G_15  G_4- I  
     freq (  10-  12) =        282.8  [cm-1]   --> T_2u G_25  G_5-    
     freq (  13-  15) =        465.9  [cm-1]   --> T_1u G_15  G_4- I  

     PHONON       :  17m54.44s CPU  18m15.08s WALL

     INITIALIZATION: 
     phq_setup    :      0.02s CPU      0.02s WALL (       1 calls)
     phq_init     :      5.40s CPU      5.45s WALL (       1 calls)

     phq_init     :      5.40s CPU      5.45s WALL (       1 calls)
     set_drhoc    :      1.04s CPU      1.04s WALL (       3 calls)
     init_vloc    :      0.02s CPU      0.02s WALL (       1 calls)
     init_us_1    :      0.13s CPU      0.13s WALL (       1 calls)
     newd         :      0.04s CPU      0.05s WALL (       1 calls)
     dvanqq       :      0.80s CPU      0.80s WALL (       1 calls)
     drho         :      2.69s CPU      2.73s WALL (       1 calls)
     cmpt_qdipol  :      0.00s CPU      0.00s WALL (       1 calls)

     DIELECTRIC CONSTANT AND EFFECTIVE CHARGES:
     solve_e      :    264.09s CPU    268.75s WALL (       1 calls)
     dielec       :      0.01s CPU      0.01s WALL (       1 calls)
     zstar_eu     :     25.92s CPU     26.27s WALL (       1 calls)

     DYNAMICAL MATRIX:
     dynmat0      :      1.07s CPU      1.07s WALL (       1 calls)
     phqscf       :    778.15s CPU    793.66s WALL (       1 calls)
     dynmatrix    :      0.00s CPU      0.00s WALL (       1 calls)

     phqscf       :    778.15s CPU    793.66s WALL (       1 calls)
     solve_linter :    776.03s CPU    791.30s WALL (       5 calls)
     drhodv       :      2.12s CPU      2.16s WALL (       5 calls)

     dynmat0      :      1.07s CPU      1.07s WALL (       1 calls)
     dynmat_us    :      0.33s CPU      0.34s WALL (       1 calls)
     d2ionq       :      0.02s CPU      0.02s WALL (       1 calls)
     dynmatcc     :      0.71s CPU      0.71s WALL (       1 calls)

     dynmat_us    :      0.33s CPU      0.34s WALL (       1 calls)
     addusdynmat  :      0.00s CPU      0.00s WALL (       1 calls)

     phqscf       :    778.15s CPU    793.66s WALL (       1 calls)
     solve_linter :    776.03s CPU    791.30s WALL (       5 calls)

     solve_linter :    776.03s CPU    791.30s WALL (       5 calls)
     dvqpsi_us    :      7.82s CPU      8.00s WALL (    1050 calls)
     ortho        :     11.50s CPU     11.64s WALL (    4410 calls)
     cgsolve      :    908.22s CPU    924.58s WALL (    4410 calls)
     incdrhoscf   :     18.23s CPU     19.06s WALL (    4410 calls)
     addusddens   :      3.00s CPU      3.01s WALL (      37 calls)
     vpsifft      :      9.26s CPU      9.76s WALL (    2835 calls)
     dv_of_drho   :      0.90s CPU      0.95s WALL (     126 calls)
     mix_pot      :      0.09s CPU      0.21s WALL (      41 calls)
     psymdvscf    :     15.95s CPU     16.00s WALL (      32 calls)
     newdq        :      5.87s CPU      5.87s WALL (      41 calls)
     adddvscf     :      4.99s CPU      5.08s WALL (    3675 calls)
     drhodvus     :      0.01s CPU      0.01s WALL (       5 calls)

     dvqpsi_us    :      7.82s CPU      8.00s WALL (    1050 calls)
     dvqpsi_us_on :      4.18s CPU      4.20s WALL (    1050 calls)

     cgsolve      :    908.22s CPU    924.58s WALL (    4410 calls)
     ch_psi       :    884.92s CPU    901.14s WALL (  139704 calls)

     ch_psi       :    884.92s CPU    901.14s WALL (  139704 calls)
     h_psi        :    516.30s CPU    529.68s WALL (  139704 calls)
     last         :    265.43s CPU    267.87s WALL (  139704 calls)

     h_psi        :    516.30s CPU    529.68s WALL (  139704 calls)
     add_vuspsi   :     98.90s CPU     99.49s WALL (  139704 calls)

     incdrhoscf   :     18.23s CPU     19.06s WALL (    4410 calls)
     addusdbec    :      4.67s CPU      4.80s WALL (    4935 calls)

     drhodvus     :      0.01s CPU      0.01s WALL (       5 calls)

      General routines
     calbec       :    205.96s CPU    210.45s WALL (  304013 calls)
     fft          :      1.46s CPU      1.54s WALL (    2801 calls)
     ffts         :      0.24s CPU      0.26s WALL (    1405 calls)
     fftw         :    311.25s CPU    321.31s WALL ( 4334868 calls)
     davcio       :      0.78s CPU      2.14s WALL (   20369 calls)
     write_rec    :      0.02s CPU      0.29s WALL (      46 calls)


     PHONON       :  17m54.44s CPU  18m15.08s WALL


   This run was terminated on:  21:50:10  15Jul2026            

=------------------------------------------------------------------------------=
   JOB DONE.
=------------------------------------------------------------------------------=
