
     Program Q2R v.6.7MaX starts on 16Jul2026 at  7:15:23 

     This program is part of the open-source Quantum ESPRESSO suite
     for quantum simulation of materials; please cite
         "P. Giannozzi et al., J. Phys.:Condens. Matter 21 395502 (2009);
         "P. Giannozzi et al., J. Phys.:Condens. Matter 29 465901 (2017);
          URL http://www.quantum-espresso.org", 
     in publications or presentations arising from this work. More details at
     http://www.quantum-espresso.org/quote

     Parallel version (MPI), running on     1 processors

     MPI processes distributed on     1 nodes

     reading grid info from file BaTiO3_pbesol.dyn0    
  reading force constants from file BaTiO3_pbesol.dyn1
 macroscopic fields = T
   6.74636   0.00000   0.00000
   0.00000   6.74636  -0.00000
   0.00000  -0.00000   6.74636
  na=            1
   2.74503   0.00000  -0.00000
   0.00000   2.74503   0.00000
   0.00000   0.00000   2.74503
  na=            2
   7.38436   0.00000   0.00000
   0.00000   7.38436  -0.00000
   0.00000   0.00000   7.38436
  na=            3
  -2.19276   0.00000   0.00000
   0.00000  -2.19276  -0.00000
   0.00000   0.00000  -5.87648
  na=            4
  -2.19276  -0.00000  -0.00000
   0.00000  -5.87648  -0.00000
  -0.00000  -0.00000  -2.19276
  na=            5
  -5.87648   0.00000   0.00000
   0.00000  -2.19276   0.00000
   0.00000   0.00000  -2.19276
Norm of the difference between old and new effective charges:    0.10272561251511537483
  nqs=            1
 q=   0.00000000  0.00000000  0.00000000
  reading force constants from file BaTiO3_pbesol.dyn2
  nqs=            6
 q=   0.00000000  0.00000000  0.25000000
 q=   0.00000000  0.25000000  0.00000000
 q=   0.00000000  0.00000000 -0.25000000
 q=   0.00000000 -0.25000000  0.00000000
 q=   0.25000000  0.00000000  0.00000000
 q=  -0.25000000  0.00000000  0.00000000
  reading force constants from file BaTiO3_pbesol.dyn3
  nqs=            3
 q=   0.00000000  0.00000000 -0.50000000
 q=   0.00000000 -0.50000000  0.00000000
 q=  -0.50000000  0.00000000  0.00000000
  reading force constants from file BaTiO3_pbesol.dyn4
  nqs=           12
 q=   0.00000000  0.25000000  0.25000000
 q=   0.25000000  0.00000000  0.25000000
 q=  -0.25000000  0.00000000  0.25000000
 q=   0.00000000 -0.25000000  0.25000000
 q=   0.25000000  0.00000000 -0.25000000
 q=   0.00000000 -0.25000000 -0.25000000
 q=   0.00000000  0.25000000 -0.25000000
 q=  -0.25000000  0.00000000 -0.25000000
 q=   0.25000000  0.25000000  0.00000000
 q=  -0.25000000  0.25000000  0.00000000
 q=   0.25000000 -0.25000000  0.00000000
 q=  -0.25000000 -0.25000000  0.00000000
  reading force constants from file BaTiO3_pbesol.dyn5
  nqs=           12
 q=   0.00000000  0.25000000 -0.50000000
 q=   0.25000000  0.00000000 -0.50000000
 q=  -0.25000000  0.00000000 -0.50000000
 q=   0.00000000 -0.25000000 -0.50000000
 q=   0.00000000 -0.50000000  0.25000000
 q=   0.25000000 -0.50000000  0.00000000
 q=  -0.25000000 -0.50000000  0.00000000
 q=  -0.50000000  0.25000000  0.00000000
 q=  -0.50000000  0.00000000 -0.25000000
 q=   0.50000000  0.00000000  0.25000000
 q=  -0.50000000 -0.25000000  0.00000000
 q=   0.00000000 -0.50000000 -0.25000000
  reading force constants from file BaTiO3_pbesol.dyn6
  nqs=            3
 q=   0.00000000 -0.50000000 -0.50000000
 q=  -0.50000000 -0.50000000  0.00000000
 q=  -0.50000000  0.00000000  0.50000000
  reading force constants from file BaTiO3_pbesol.dyn7
  nqs=            8
 q=   0.25000000  0.25000000  0.25000000
 q=  -0.25000000 -0.25000000 -0.25000000
 q=  -0.25000000  0.25000000  0.25000000
 q=   0.25000000  0.25000000 -0.25000000
 q=   0.25000000 -0.25000000  0.25000000
 q=   0.25000000 -0.25000000 -0.25000000
 q=  -0.25000000 -0.25000000  0.25000000
 q=  -0.25000000  0.25000000 -0.25000000
  reading force constants from file BaTiO3_pbesol.dyn8
  nqs=           12
 q=   0.25000000  0.25000000 -0.50000000
 q=  -0.50000000  0.25000000  0.25000000
 q=   0.25000000 -0.50000000  0.25000000
 q=  -0.25000000 -0.25000000  0.50000000
 q=  -0.25000000  0.25000000 -0.50000000
 q=  -0.25000000 -0.50000000  0.25000000
 q=   0.25000000 -0.50000000 -0.25000000
 q=   0.25000000 -0.25000000 -0.50000000
 q=  -0.25000000  0.50000000 -0.25000000
 q=  -0.50000000 -0.25000000 -0.25000000
 q=   0.50000000 -0.25000000  0.25000000
 q=   0.50000000  0.25000000 -0.25000000
  reading force constants from file BaTiO3_pbesol.dyn9
  nqs=            6
 q=   0.25000000 -0.50000000 -0.50000000
 q=  -0.25000000 -0.50000000 -0.50000000
 q=  -0.50000000  0.25000000  0.50000000
 q=   0.50000000 -0.50000000 -0.25000000
 q=   0.50000000  0.50000000  0.25000000
 q=  -0.50000000 -0.25000000  0.50000000
  reading force constants from file BaTiO3_pbesol.dyn10
  nqs=            1
 q=  -0.50000000 -0.50000000 -0.50000000

      q-space grid ok, #points =   64

      fft-check success (sum of imaginary terms < 10^-12)

     Q2R          :      0.05s CPU      0.05s WALL


   This run was terminated on:   7:15:23  16Jul2026            

=------------------------------------------------------------------------------=
   JOB DONE.
=------------------------------------------------------------------------------=
