
     Program Q2R v.6.7MaX starts on 16Jul2026 at 11:59:41 

     This program is part of the open-source Quantum ESPRESSO suite
     for quantum simulation of materials; please cite
         "P. Giannozzi et al., J. Phys.:Condens. Matter 21 395502 (2009);
         "P. Giannozzi et al., J. Phys.:Condens. Matter 29 465901 (2017);
          URL http://www.quantum-espresso.org", 
     in publications or presentations arising from this work. More details at
     http://www.quantum-espresso.org/quote

     Parallel version (MPI), running on     1 processors

     MPI processes distributed on     1 nodes

     reading grid info from file BaTiO3.dyn0    
  reading force constants from file BaTiO3.dyn1
 macroscopic fields = T
   6.73356   0.00000   0.00000
   0.00000   6.73356   0.00000
   0.00000   0.00000   6.73356
  na=            1
   2.72922  -0.00000  -0.00000
   0.00000   2.72922  -0.00000
  -0.00000   0.00000   2.72922
  na=            2
   7.43094  -0.00000   0.00000
  -0.00000   7.43094   0.00000
   0.00000  -0.00000   7.43094
  na=            3
  -2.17561   0.00000   0.00000
   0.00000  -2.17561   0.00000
   0.00000  -0.00000  -5.93982
  na=            4
  -2.17561   0.00000   0.00000
  -0.00000  -5.93982  -0.00000
  -0.00000   0.00000  -2.17561
  na=            5
  -5.93982  -0.00000   0.00000
  -0.00000  -2.17561   0.00000
  -0.00000  -0.00000  -2.17561
Norm of the difference between old and new effective charges:    0.10138042238846552145
  nqs=            1
 q=   0.00000000  0.00000000  0.00000000
  reading force constants from file BaTiO3.dyn2
  nqs=            6
 q=   0.00000000  0.00000000  0.25000000
 q=   0.00000000  0.25000000  0.00000000
 q=   0.00000000  0.00000000 -0.25000000
 q=   0.00000000 -0.25000000  0.00000000
 q=   0.25000000  0.00000000  0.00000000
 q=  -0.25000000  0.00000000  0.00000000
  reading force constants from file BaTiO3.dyn3
  nqs=            3
 q=   0.00000000  0.00000000 -0.50000000
 q=   0.00000000 -0.50000000  0.00000000
 q=  -0.50000000  0.00000000  0.00000000
  reading force constants from file BaTiO3.dyn4
  nqs=           12
 q=   0.00000000  0.25000000  0.25000000
 q=   0.25000000  0.00000000  0.25000000
 q=  -0.25000000  0.00000000  0.25000000
 q=   0.00000000 -0.25000000  0.25000000
 q=   0.25000000  0.00000000 -0.25000000
 q=   0.00000000 -0.25000000 -0.25000000
 q=   0.00000000  0.25000000 -0.25000000
 q=  -0.25000000  0.00000000 -0.25000000
 q=   0.25000000  0.25000000  0.00000000
 q=  -0.25000000  0.25000000  0.00000000
 q=   0.25000000 -0.25000000  0.00000000
 q=  -0.25000000 -0.25000000  0.00000000
  reading force constants from file BaTiO3.dyn5
  nqs=           12
 q=   0.00000000  0.25000000 -0.50000000
 q=   0.25000000  0.00000000 -0.50000000
 q=  -0.25000000  0.00000000 -0.50000000
 q=   0.00000000 -0.25000000 -0.50000000
 q=   0.00000000 -0.50000000  0.25000000
 q=   0.25000000 -0.50000000  0.00000000
 q=  -0.25000000 -0.50000000  0.00000000
 q=  -0.50000000  0.25000000  0.00000000
 q=  -0.50000000  0.00000000 -0.25000000
 q=   0.50000000  0.00000000  0.25000000
 q=  -0.50000000 -0.25000000  0.00000000
 q=   0.00000000 -0.50000000 -0.25000000
  reading force constants from file BaTiO3.dyn6
  nqs=            3
 q=   0.00000000 -0.50000000 -0.50000000
 q=  -0.50000000 -0.50000000  0.00000000
 q=  -0.50000000  0.00000000  0.50000000
  reading force constants from file BaTiO3.dyn7
  nqs=            8
 q=   0.25000000  0.25000000  0.25000000
 q=  -0.25000000 -0.25000000 -0.25000000
 q=  -0.25000000  0.25000000  0.25000000
 q=   0.25000000  0.25000000 -0.25000000
 q=   0.25000000 -0.25000000  0.25000000
 q=   0.25000000 -0.25000000 -0.25000000
 q=  -0.25000000 -0.25000000  0.25000000
 q=  -0.25000000  0.25000000 -0.25000000
  reading force constants from file BaTiO3.dyn8
  nqs=           12
 q=   0.25000000  0.25000000 -0.50000000
 q=  -0.50000000  0.25000000  0.25000000
 q=   0.25000000 -0.50000000  0.25000000
 q=  -0.25000000 -0.25000000  0.50000000
 q=  -0.25000000  0.25000000 -0.50000000
 q=  -0.25000000 -0.50000000  0.25000000
 q=   0.25000000 -0.50000000 -0.25000000
 q=   0.25000000 -0.25000000 -0.50000000
 q=  -0.25000000  0.50000000 -0.25000000
 q=  -0.50000000 -0.25000000 -0.25000000
 q=   0.50000000 -0.25000000  0.25000000
 q=   0.50000000  0.25000000 -0.25000000
  reading force constants from file BaTiO3.dyn9
  nqs=            6
 q=   0.25000000 -0.50000000 -0.50000000
 q=  -0.25000000 -0.50000000 -0.50000000
 q=  -0.50000000  0.25000000  0.50000000
 q=   0.50000000 -0.50000000 -0.25000000
 q=   0.50000000  0.50000000  0.25000000
 q=  -0.50000000 -0.25000000  0.50000000
  reading force constants from file BaTiO3.dyn10
  nqs=            1
 q=  -0.50000000 -0.50000000 -0.50000000

      q-space grid ok, #points =   64

      fft-check success (sum of imaginary terms < 10^-12)

     Q2R          :      0.05s CPU      0.05s WALL


   This run was terminated on:  11:59:41  16Jul2026            

=------------------------------------------------------------------------------=
   JOB DONE.
=------------------------------------------------------------------------------=
