
     Program DYNMAT v.6.7MaX starts on 15Jul2026 at 21:35:27 

     This program is part of the open-source Quantum ESPRESSO suite
     for quantum simulation of materials; please cite
         "P. Giannozzi et al., J. Phys.:Condens. Matter 21 395502 (2009);
         "P. Giannozzi et al., J. Phys.:Condens. Matter 29 465901 (2017);
          URL http://www.quantum-espresso.org", 
     in publications or presentations arising from this work. More details at
     http://www.quantum-espresso.org/quote

     Parallel version (MPI), running on     1 processors

     MPI processes distributed on     1 nodes

     Reading Dynamical Matrix from file SrTiO3_pbesol_gamma.dyn
     ...Force constants read
     ...epsilon and Z* read
     Acoustic Sum Rule: || Z*(ASR) - Z*(orig)|| =    9.152049E-02
     Acoustic Sum Rule: ||dyn(ASR) - dyn(orig)||=    4.690731E-03

     Polarizability (A^3 units)
     multiply by 0.360392 for Clausius-Mossotti correction
        24.998452    0.000000    0.000000
         0.000000   24.998452    0.000000
         0.000000    0.000000   24.998452

     IR activities are in (D/A)^2/amu units

# mode   [cm-1]    [THz]      IR
    1    -79.50   -2.3834   70.5305
    2    -79.50   -2.3834   70.5305
    3     -0.00   -0.0000    0.0000
    4      0.00    0.0000    0.0000
    5      0.00    0.0000    0.0000
    6    154.33    4.6266    0.0170
    7    158.24    4.7439    2.5746
    8    158.24    4.7439    2.5746
    9    226.65    6.7946    0.0000
   10    226.65    6.7946    0.0000
   11    226.65    6.7946    0.0000
   12    446.23   13.3777    7.8856
   13    534.12   16.0126   15.7810
   14    534.12   16.0126   15.7810
   15    767.55   23.0105   80.9835

     DYNMAT       :      0.00s CPU      0.00s WALL


   This run was terminated on:  21:35:27  15Jul2026            

=------------------------------------------------------------------------------=
   JOB DONE.
=------------------------------------------------------------------------------=
000010 [cm-1]
 ( -0.029576   0.000000     0.056764   0.000000     0.442609   0.000000   )
 ( -0.029576   0.000000     0.056764   0.000000     0.442609   0.000000   )
 ( -0.029576   0.000000     0.056764   0.000000     0.442609   0.000000   )
 ( -0.029576   0.000000     0.056764   0.000000     0.442609   0.000000   )
 ( -0.029576   0.000000     0.056764   0.000000     0.442609   0.000000   )
     freq (    6) =       4.626557 [THz] =     154.325330 [cm-1]
 ( -0.516964   0.000000    -0.000000   0.000000     0.000000   0.000000   )
 (  0.592985   0.000000     0.000000   0.000000    -0.000000   0.000000   )
 (  0.390333   0.000000     0.000000   0.000000    -0.000000   0.000000   )
 (  0.390333   0.000000     0.000000   0.000000    -0.000000   0.000000   )
 (  0.276401   0.000000     0.000000   0.000000    -0.000000   0.000000   )
     freq (    7) =       4.743866 [THz] =     158.238338 [cm-1]
 ( -0.000000   0.000000    -0.002615   0.000000    -0.530829   0.000000   )
 (  0.000000   0.000000     0.003786   0.000000     0.768560   0.000000   )
 (  0.000000   0.000000     0.001132   0.000000     0.148321   0.000000   )
 (  0.000000   0.000000     0.000731   0.000000     0.229688   0.000000   )
 (  0.000000   0.000000     0.001132   0.000000     0.229688   0.000000   )
     freq (    8) =       4.743866 [THz] =     158.238338 [cm-1]
 ( -0.000000   0.000000     0.530829   0.000000    -0.002615   0.000000   )
 (  0.000000   0.000000    -0.768560   0.000000     0.003786   0.000000   )
 (  0.000000   0.000000    -0.229688   0.000000     0.000731   0.000000   )
 (  0.000000   0.000000    -0.148321   0.000000     0.001132   0.000000   )
 (  0.000000   0.000000    -0.229688   0.000000     0.001132   0.000000   )
     freq (    9) =       6.794646 [THz] =     226.645005 [cm-1]
 (  0.000000   0.000000    -0.000000   0.000000     0.000000   0.000000   )
 (  0.000000   0.000000     0.000000   0.000000    -0.000000   0.000000   )
 (  0.000882   0.000000     0.181355   0.000000    -0.000000   0.000000   )
 ( -0.000882   0.000000     0.000000   0.000000    -0.683454   0.000000   )
 ( -0.000000   0.000000    -0.181355   0.000000     0.683454   0.000000   )
     freq (   10) =       6.794646 [THz] =     226.645005 [cm-1]
 ( -0.000000   0.000000     0.000000   0.000000    -0.000000   0.000000   )
 (  0.000000   0.000000    -0.000000   0.000000     0.000000   0.000000   )
 ( -0.706778   0.000000    -0.020587   0.000000    -0.000000   0.000000   )
 (  0.706778   0.000000     0.000000   0.000000    -0.006375   0.000000   )
 (  0.000000   0.000000     0.020587   0.000000     0.006375   0.000000   )
     freq (   11) =       6.794646 [THz] =     226.645005 [cm-1]
 (  0.000000   0.000000     0.000000   0.000000    -0.000000   0.000000   )
 ( -0.000000   0.000000    -0.000000   0.000000     0.000000   0.000000   )
 (  0.021533   0.000000    -0.683145   0.000000    -0.000000   0.000000   )
 ( -0.021533   0.000000    -0.000000   0.000000    -0.181245   0.000000   )
 ( -0.000000   0.000000     0.683145   0.000000     0.181245   0.000000   )
     freq (   12) =      13.377675 [THz] =     446.231191 [cm-1]
 ( -0.023544   0.000000    -0.000000   0.000000    -0.000000   0.000000   )
 ( -0.260412   0.000000     0.000000   0.000000     0.000000   0.000000   )
 (  0.633537   0.000000    -0.000000   0.000000    -0.000000   0.000000   )
 (  0.633537   0.000000     0.000000   0.000000     0.000000   0.000000   )
 ( -0.359017   0.000000    -0.000000   0.000000    -0.000000   0.000000   )
     freq (   13) =      16.012633 [THz] =     534.123936 [cm-1]
 ( -0.000000   0.000000    -0.000309   0.000000     0.014876   0.000000   )
 ( -0.000000   0.000000     0.000081   0.000000    -0.003903   0.000000   )
 (  0.000000   0.000000    -0.007996   0.000000    -0.838824   0.000000   )
 (  0.000000   0.000000     0.017444   0.000000     0.384516   0.000000   )
 (  0.000000   0.000000    -0.007996   0.000000     0.384516   0.000000   )
     freq (   14) =      16.012633 [THz] =     534.123936 [cm-1]
 (  0.000000   0.000000     0.014876   0.000000     0.000309   0.000000   )
 ( -0.000000   0.000000    -0.003903   0.000000    -0.000081   0.000000   )
 (  0.000000   0.000000     0.384516   0.000000    -0.017444   0.000000   )
 (  0.000000   0.000000    -0.838824   0.000000     0.007996   0.000000   )
 ( -0.000000   0.000000     0.384516   0.000000     0.007996   0.000000   )
     freq (   15) =      23.010465 [THz] =     767.546502 [cm-1]
 ( -0.055665   0.000000     0.000000   0.000000     0.000000   0.000000   )
 ( -0.277671   0.000000     0.000000   0.000000    -0.000000   0.000000   )
 (  0.092785   0.000000     0.000000   0.000000    -0.000000   0.000000   )
 (  0.092785   0.000000    -0.000000   0.000000    -0.000000   0.000000   )
 (  0.950043   0.000000     0.000000   0.000000     0.000000   0.000000   )
 **************************************************************************
