
     Program PHONON v.6.7MaX starts on 15Jul2026 at 21:21:14 

     This program is part of the open-source Quantum ESPRESSO suite
     for quantum simulation of materials; please cite
         "P. Giannozzi et al., J. Phys.:Condens. Matter 21 395502 (2009);
         "P. Giannozzi et al., J. Phys.:Condens. Matter 29 465901 (2017);
          URL http://www.quantum-espresso.org", 
     in publications or presentations arising from this work. More details at
     http://www.quantum-espresso.org/quote

     Parallel version (MPI), running on     8 processors

     MPI processes distributed on     1 nodes
     R & G space division:  proc/nbgrp/npool/nimage =       8
     Reading input from ph_gamma.in

     Reading xml data from directory:

     ./tmp/SrTiO3_pbesol.save/
     file Sr.pbesol-spn-kjpaw_psl.1.0.0.UPF: wavefunction(s)  4P renormalized
     file Ti.pbesol-spn-kjpaw_psl.1.0.0.UPF: wavefunction(s)  3S 3P 3D renormalized
     file O.pbesol-n-kjpaw_psl.1.0.0.UPF: wavefunction(s)  2S 2P renormalized

     IMPORTANT: XC functional enforced from input :
     Exchange-correlation= PBESOL
                           (   1   4  10   8   0   0   0)
     Any further DFT definition will be discarded
     Please, verify this is what you really want


     Parallelization info
     --------------------
     sticks:   dense  smooth     PW     G-vecs:    dense   smooth      PW
     Min         259     130     38                 8843     3146     508
     Max         260     131     39                 8846     3149     510
     Sum        2077    1041    305                70751    25173    4067


     Check: negative core charge=   -0.000002
     Reading collected, re-writing distributed wavefunctions
  autoval = -.1097E+01
     Irreps are as follows:

                     mode #   1
                     (  -0.00000   0.00000   ) 
                     (  -0.00000   0.00000   ) 
                     (  -0.00000   0.00000   ) 
                     (  -0.00000   0.00000   ) 
                     (  -0.00000   0.00000   ) 
                     (  -0.00000   0.00000   ) 
                     (   0.00000   0.00000   ) 
                     (  -0.00000  -0.00000   ) 
                     (  -0.99036  -0.00000   ) 
                     (   0.00000   0.00000   ) 
                     (  -0.00000  -0.00000   ) 
                     (  -0.09796  -0.00000   ) 
                     (   0.00000   0.00000   ) 
                     (   0.00000   0.00000   ) 
                     (  -0.09796  -0.00000   ) 
  autoval = -.1097E+01
     Irreps are as follows:

                     mode #   2
                     (  -0.00000   0.00000   ) 
                     (  -0.00000   0.00000   ) 
                     (  -0.00000   0.00000   ) 
                     (  -0.00000   0.00000   ) 
                     (  -0.00000   0.00000   ) 
                     (  -0.00000   0.00000   ) 
                     (  -0.07139  -0.00000   ) 
                     (   0.06707   0.00000   ) 
                     (  -0.00000  -0.00000   ) 
                     (  -0.07139  -0.00000   ) 
                     (   0.67810   0.00000   ) 
                     (  -0.00000  -0.00000   ) 
                     (  -0.72179  -0.00000   ) 
                     (   0.06707   0.00000   ) 
                     (  -0.00000  -0.00000   ) 
  autoval = -.1097E+01
     Irreps are as follows:

                     mode #   3
                     (   0.00000  -0.00000   ) 
                     (   0.00000  -0.00000   ) 
                     (   0.00000  -0.00000   ) 
                     (   0.00000  -0.00000   ) 
                     (   0.00000  -0.00000   ) 
                     (   0.00000  -0.00000   ) 
                     (  -0.06707  -0.00000   ) 
                     (  -0.07139  -0.00000   ) 
                     (   0.00000   0.00000   ) 
                     (  -0.06707  -0.00000   ) 
                     (  -0.72179  -0.00000   ) 
                     (  -0.00000  -0.00000   ) 
                     (  -0.67810  -0.00000   ) 
                     (  -0.07139  -0.00000   ) 
                     (  -0.00000  -0.00000   ) 
  autoval = 0.3752E+00
     Irreps are as follows:

                     mode #   4
                     (  -0.00000   0.00000   ) 
                     (  -0.00000   0.00000   ) 
                     (  -0.00000   0.00000   ) 
                     (  -1.00000  -0.00000   ) 
                     (  -0.00000  -0.00000   ) 
                     (  -0.00000  -0.00000   ) 
                     (  -0.00000  -0.00000   ) 
                     (  -0.00000  -0.00000   ) 
                     (  -0.00000  -0.00000   ) 
                     (  -0.00000  -0.00000   ) 
                     (  -0.00000  -0.00000   ) 
                     (  -0.00000  -0.00000   ) 
                     (  -0.00000  -0.00000   ) 
                     (  -0.00000  -0.00000   ) 
                     (  -0.00000  -0.00000   ) 
  autoval = 0.3752E+00
     Irreps are as follows:

                     mode #   5
                     (  -0.00000   0.00000   ) 
                     (  -0.00000   0.00000   ) 
                     (  -0.00000   0.00000   ) 
                     (  -0.00000   0.00000   ) 
                     (  -1.00000  -0.00000   ) 
                     (  -0.00000  -0.00000   ) 
                     (  -0.00000  -0.00000   ) 
                     (  -0.00000  -0.00000   ) 
                     (  -0.00000  -0.00000   ) 
                     (  -0.00000  -0.00000   ) 
                     (  -0.00000  -0.00000   ) 
                     (  -0.00000  -0.00000   ) 
                     (  -0.00000  -0.00000   ) 
                     (  -0.00000  -0.00000   ) 
                     (  -0.00000  -0.00000   ) 
  autoval = 0.3752E+00
     Irreps are as follows:

                     mode #   6
                     (  -0.00000   0.00000   ) 
                     (  -0.00000   0.00000   ) 
                     (  -0.00000   0.00000   ) 
                     (  -0.00000   0.00000   ) 
                     (  -0.00000   0.00000   ) 
                     (  -1.00000  -0.00000   ) 
                     (  -0.00000  -0.00000   ) 
                     (  -0.00000  -0.00000   ) 
                     (  -0.00000  -0.00000   ) 
                     (  -0.00000  -0.00000   ) 
                     (  -0.00000  -0.00000   ) 
                     (  -0.00000  -0.00000   ) 
                     (  -0.00000  -0.00000   ) 
                     (  -0.00000  -0.00000   ) 
                     (  -0.00000  -0.00000   ) 
  autoval = 0.6682E+00
     Irreps are as follows:

                     mode #   7
                     (  -1.00000  -0.00000   ) 
                     (  -0.00000  -0.00000   ) 
                     (  -0.00000  -0.00000   ) 
                     (  -0.00000  -0.00000   ) 
                     (  -0.00000  -0.00000   ) 
                     (  -0.00000  -0.00000   ) 
                     (  -0.00000  -0.00000   ) 
                     (  -0.00000  -0.00000   ) 
                     (  -0.00000  -0.00000   ) 
                     (  -0.00000  -0.00000   ) 
                     (  -0.00000  -0.00000   ) 
                     (  -0.00000  -0.00000   ) 
                     (  -0.00000  -0.00000   ) 
                     (  -0.00000  -0.00000   ) 
                     (  -0.00000  -0.00000   ) 
  autoval = 0.6682E+00
     Irreps are as follows:

                     mode #   8
                     (  -0.00000   0.00000   ) 
                     (  -0.00000   0.00000   ) 
                     (  -1.00000  -0.00000   ) 
                     (  -0.00000  -0.00000   ) 
                     (  -0.00000  -0.00000   ) 
                     (  -0.00000  -0.00000   ) 
                     (  -0.00000  -0.00000   ) 
                     (  -0.00000  -0.00000   ) 
                     (  -0.00000  -0.00000   ) 
                     (  -0.00000  -0.00000   ) 
                     (  -0.00000  -0.00000   ) 
                     (  -0.00000  -0.00000   ) 
                     (  -0.00000  -0.00000   ) 
                     (  -0.00000  -0.00000   ) 
                     (  -0.00000  -0.00000   ) 
  autoval = 0.6682E+00
     Irreps are as follows:

                     mode #   9
                     (  -0.00000   0.00000   ) 
                     (  -1.00000  -0.00000   ) 
                     (  -0.00000  -0.00000   ) 
                     (  -0.00000  -0.00000   ) 
                     (  -0.00000  -0.00000   ) 
                     (  -0.00000  -0.00000   ) 
                     (  -0.00000  -0.00000   ) 
                     (  -0.00000  -0.00000   ) 
                     (  -0.00000  -0.00000   ) 
                     (  -0.00000  -0.00000   ) 
                     (  -0.00000  -0.00000   ) 
                     (  -0.00000  -0.00000   ) 
                     (  -0.00000  -0.00000   ) 
                     (  -0.00000  -0.00000   ) 
                     (  -0.00000  -0.00000   ) 
  autoval = 0.1010E+01
     Irreps are as follows:

                     mode #  10
                     (  -0.00000  -0.00000   ) 
                     (  -0.00000  -0.00000   ) 
                     (  -0.00000  -0.00000   ) 
                     (  -0.00000  -0.00000   ) 
                     (  -0.00000  -0.00000   ) 
                     (  -0.00000  -0.00000   ) 
                     (  -0.12746  -0.00000   ) 
                     (   0.04159  -0.00000   ) 
                     (  -0.13597  -0.00000   ) 
                     (  -0.12746  -0.00000   ) 
                     (  -0.00823  -0.00000   ) 
                     (   0.68733  -0.00000   ) 
                     (   0.02521  -0.00000   ) 
                     (   0.04159  -0.00000   ) 
                     (   0.68733  -0.00000   ) 
  autoval = 0.1010E+01
     Irreps are as follows:

                     mode #  11
                     (  -0.00000   0.00000   ) 
                     (  -0.00000   0.00000   ) 
                     (  -0.00000   0.00000   ) 
                     (  -0.00000   0.00000   ) 
                     (  -0.00000   0.00000   ) 
                     (  -0.00000   0.00000   ) 
                     (  -0.68820  -0.00000   ) 
                     (   0.01592   0.00000   ) 
                     (   0.02544   0.00000   ) 
                     (  -0.68820  -0.00000   ) 
                     (  -0.00315  -0.00000   ) 
                     (  -0.12858  -0.00000   ) 
                     (   0.13614   0.00000   ) 
                     (   0.01592   0.00000   ) 
                     (  -0.12858  -0.00000   ) 
  autoval = 0.1010E+01
     Irreps are as follows:

                     mode #  12
                     (  -0.00000  -0.00000   ) 
                     (  -0.00000  -0.00000   ) 
                     (  -0.00000  -0.00000   ) 
                     (  -0.00000  -0.00000   ) 
                     (  -0.00000  -0.00000   ) 
                     (  -0.00000  -0.00000   ) 
                     (  -0.02326  -0.00000   ) 
                     (  -0.69887  -0.00000   ) 
                     (  -0.00751  -0.00000   ) 
                     (  -0.02326  -0.00000   ) 
                     (   0.13825  -0.00000   ) 
                     (   0.03798  -0.00000   ) 
                     (   0.00460  -0.00000   ) 
                     (  -0.69887  -0.00000   ) 
                     (   0.03798  -0.00000   ) 
  autoval = 0.1803E+01
     Irreps are as follows:

                     mode #  13
                     (  -0.00000   0.00000   ) 
                     (  -0.00000   0.00000   ) 
                     (  -0.00000   0.00000   ) 
                     (  -0.00000   0.00000   ) 
                     (  -0.00000   0.00000   ) 
                     (  -0.00000   0.00000   ) 
                     (  -0.01178  -0.00000   ) 
                     (  -0.67747  -0.00000   ) 
                     (   0.00000   0.00000   ) 
                     (   0.01178   0.00000   ) 
                     (   0.00000   0.00000   ) 
                     (   0.20224   0.00000   ) 
                     (  -0.00000  -0.00000   ) 
                     (   0.67747   0.00000   ) 
                     (  -0.20224  -0.00000   ) 
  autoval = 0.1803E+01
     Irreps are as follows:

                     mode #  14
                     (  -0.00000  -0.00000   ) 
                     (  -0.00000  -0.00000   ) 
                     (  -0.00000  -0.00000   ) 
                     (  -0.00000  -0.00000   ) 
                     (  -0.00000  -0.00000   ) 
                     (  -0.00000  -0.00000   ) 
                     (  -0.70700  -0.00000   ) 
                     (   0.01203  -0.00000   ) 
                     (  -0.00000  -0.00000   ) 
                     (   0.70700  -0.00000   ) 
                     (  -0.00000  -0.00000   ) 
                     (  -0.00091  -0.00000   ) 
                     (   0.00000  -0.00000   ) 
                     (  -0.01203  -0.00000   ) 
                     (   0.00091  -0.00000   ) 
  autoval = 0.1803E+01
     Irreps are as follows:

                     mode #  15
                     (  -0.00000   0.00000   ) 
                     (  -0.00000   0.00000   ) 
                     (  -0.00000   0.00000   ) 
                     (  -0.00000   0.00000   ) 
                     (  -0.00000   0.00000   ) 
                     (  -0.00000   0.00000   ) 
                     (  -0.00257  -0.00000   ) 
                     (  -0.20223  -0.00000   ) 
                     (  -0.00000  -0.00000   ) 
                     (   0.00257   0.00000   ) 
                     (  -0.00000  -0.00000   ) 
                     (  -0.67757  -0.00000   ) 
                     (  -0.00000  -0.00000   ) 
                     (   0.20223   0.00000   ) 
                     (   0.67757   0.00000   ) 

     Calculation of q =    0.0000000   0.0000000   0.0000000

     SrTiO3 PBEsol -- Gamma phonons with epsil (Born charges + eps_inf)         

     bravais-lattice index     =            1
     lattice parameter (alat)  =       7.3568  a.u.
     unit-cell volume          =     398.1610 (a.u.)^3
     number of atoms/cell      =            5
     number of atomic types    =            3
     kinetic-energy cut-off    =      60.0000  Ry
     charge density cut-off    =     480.0000  Ry
     convergence threshold     =      1.0E-14
     beta                      =       0.7000
     number of iterations used =            4
     Exchange-correlation= PBESOL
                           (   1   4  10   8   0   0   0)


     celldm(1)=    7.35675  celldm(2)=    0.00000  celldm(3)=    0.00000
     celldm(4)=    0.00000  celldm(5)=    0.00000  celldm(6)=    0.00000

     crystal axes: (cart. coord. in units of alat)
               a(1) = (  1.0000  0.0000  0.0000 )  
               a(2) = (  0.0000  1.0000  0.0000 )  
               a(3) = (  0.0000  0.0000  1.0000 )  

     reciprocal axes: (cart. coord. in units 2 pi/alat)
               b(1) = (  1.0000  0.0000  0.0000 )  
               b(2) = (  0.0000  1.0000  0.0000 )  
               b(3) = (  0.0000  0.0000  1.0000 )  


     Atoms inside the unit cell: 

     Cartesian axes

     site n.  atom      mass           positions (alat units)
        1     Sr  87.6200   tau(    1) = (    0.00000    0.00000    0.00000  )
        2     Ti  47.8670   tau(    2) = (    0.50000    0.50000    0.50000  )
        3     O   15.9990   tau(    3) = (    0.50000    0.50000    0.00000  )
        4     O   15.9990   tau(    4) = (    0.50000    0.00000    0.50000  )
        5     O   15.9990   tau(    5) = (    0.00000    0.50000    0.50000  )

     Computing dynamical matrix for 
                    q = (   0.0000000   0.0000000   0.0000000 )

     49 Sym.Ops. (with q -> -q+G )

                                    s                        frac. trans.

      isym =  1     identity                                     

 cryst.   s( 1) = (     1          0          0      )
                  (     0          1          0      )
                  (     0          0          1      )

 cart.    s( 1) = (  1.0000000  0.0000000  0.0000000 )
                  (  0.0000000  1.0000000  0.0000000 )
                  (  0.0000000  0.0000000  1.0000000 )


      isym =  2     180 deg rotation - cart. axis [0,0,1]        

 cryst.   s( 2) = (    -1          0          0      )
                  (     0         -1          0      )
                  (     0          0          1      )

 cart.    s( 2) = ( -1.0000000  0.0000000  0.0000000 )
                  (  0.0000000 -1.0000000  0.0000000 )
                  (  0.0000000  0.0000000  1.0000000 )


      isym =  3     180 deg rotation - cart. axis [0,1,0]        

 cryst.   s( 3) = (    -1          0          0      )
                  (     0          1          0      )
                  (     0          0         -1      )

 cart.    s( 3) = ( -1.0000000  0.0000000  0.0000000 )
                  (  0.0000000  1.0000000  0.0000000 )
                  (  0.0000000  0.0000000 -1.0000000 )


      isym =  4     180 deg rotation - cart. axis [1,0,0]        

 cryst.   s( 4) = (     1          0          0      )
                  (     0         -1          0      )
                  (     0          0         -1      )

 cart.    s( 4) = (  1.0000000  0.0000000  0.0000000 )
                  (  0.0000000 -1.0000000  0.0000000 )
                  (  0.0000000  0.0000000 -1.0000000 )


      isym =  5     180 deg rotation - cart. axis [1,1,0]        

 cryst.   s( 5) = (     0          1          0      )
                  (     1          0          0      )
                  (     0          0         -1      )

 cart.    s( 5) = (  0.0000000  1.0000000  0.0000000 )
                  (  1.0000000  0.0000000  0.0000000 )
                  (  0.0000000  0.0000000 -1.0000000 )


      isym =  6     180 deg rotation - cart. axis [1,-1,0]       

 cryst.   s( 6) = (     0         -1          0      )
                  (    -1          0          0      )
                  (     0          0         -1      )

 cart.    s( 6) = (  0.0000000 -1.0000000  0.0000000 )
                  ( -1.0000000  0.0000000  0.0000000 )
                  (  0.0000000  0.0000000 -1.0000000 )


      isym =  7     90 deg rotation - cart. axis [0,0,-1]        

 cryst.   s( 7) = (     0         -1          0      )
                  (     1          0          0      )
                  (     0          0          1      )

 cart.    s( 7) = (  0.0000000  1.0000000  0.0000000 )
                  ( -1.0000000  0.0000000  0.0000000 )
                  (  0.0000000  0.0000000  1.0000000 )


      isym =  8     90 deg rotation - cart. axis [0,0,1]         

 cryst.   s( 8) = (     0          1          0      )
                  (    -1          0          0      )
                  (     0          0          1      )

 cart.    s( 8) = (  0.0000000 -1.0000000  0.0000000 )
                  (  1.0000000  0.0000000  0.0000000 )
                  (  0.0000000  0.0000000  1.0000000 )


      isym =  9     180 deg rotation - cart. axis [1,0,1]        

 cryst.   s( 9) = (     0          0          1      )
                  (     0         -1          0      )
                  (     1          0          0      )

 cart.    s( 9) = (  0.0000000  0.0000000  1.0000000 )
                  (  0.0000000 -1.0000000  0.0000000 )
                  (  1.0000000  0.0000000  0.0000000 )


      isym = 10     180 deg rotation - cart. axis [-1,0,1]       

 cryst.   s(10) = (     0          0         -1      )
                  (     0         -1          0      )
                  (    -1          0          0      )

 cart.    s(10) = (  0.0000000  0.0000000 -1.0000000 )
                  (  0.0000000 -1.0000000  0.0000000 )
                  ( -1.0000000  0.0000000  0.0000000 )


      isym = 11     90 deg rotation - cart. axis [0,1,0]         

 cryst.   s(11) = (     0          0         -1      )
                  (     0          1          0      )
                  (     1          0          0      )

 cart.    s(11) = (  0.0000000  0.0000000  1.0000000 )
                  (  0.0000000  1.0000000  0.0000000 )
                  ( -1.0000000  0.0000000  0.0000000 )


      isym = 12     90 deg rotation - cart. axis [0,-1,0]        

 cryst.   s(12) = (     0          0          1      )
                  (     0          1          0      )
                  (    -1          0          0      )

 cart.    s(12) = (  0.0000000  0.0000000 -1.0000000 )
                  (  0.0000000  1.0000000  0.0000000 )
                  (  1.0000000  0.0000000  0.0000000 )


      isym = 13     180 deg rotation - cart. axis [0,1,1]        

 cryst.   s(13) = (    -1          0          0      )
                  (     0          0          1      )
                  (     0          1          0      )

 cart.    s(13) = ( -1.0000000  0.0000000  0.0000000 )
                  (  0.0000000  0.0000000  1.0000000 )
                  (  0.0000000  1.0000000  0.0000000 )


      isym = 14     180 deg rotation - cart. axis [0,1,-1]       

 cryst.   s(14) = (    -1          0          0      )
                  (     0          0         -1      )
                  (     0         -1          0      )

 cart.    s(14) = ( -1.0000000  0.0000000  0.0000000 )
                  (  0.0000000  0.0000000 -1.0000000 )
                  (  0.0000000 -1.0000000  0.0000000 )


      isym = 15     90 deg rotation - cart. axis [-1,0,0]        

 cryst.   s(15) = (     1          0          0      )
                  (     0          0         -1      )
                  (     0          1          0      )

 cart.    s(15) = (  1.0000000  0.0000000  0.0000000 )
                  (  0.0000000  0.0000000  1.0000000 )
                  (  0.0000000 -1.0000000  0.0000000 )


      isym = 16     90 deg rotation - cart. axis [1,0,0]         

 cryst.   s(16) = (     1          0          0      )
                  (     0          0          1      )
                  (     0         -1          0      )

 cart.    s(16) = (  1.0000000  0.0000000  0.0000000 )
                  (  0.0000000  0.0000000 -1.0000000 )
                  (  0.0000000  1.0000000  0.0000000 )


      isym = 17     120 deg rotation - cart. axis [-1,-1,-1]     

 cryst.   s(17) = (     0          0          1      )
                  (     1          0          0      )
                  (     0          1          0      )

 cart.    s(17) = (  0.0000000  1.0000000  0.0000000 )
                  (  0.0000000  0.0000000  1.0000000 )
                  (  1.0000000  0.0000000  0.0000000 )


      isym = 18     120 deg rotation - cart. axis [-1,1,1]       

 cryst.   s(18) = (     0          0         -1      )
                  (    -1          0          0      )
                  (     0          1          0      )

 cart.    s(18) = (  0.0000000 -1.0000000  0.0000000 )
                  (  0.0000000  0.0000000  1.0000000 )
                  ( -1.0000000  0.0000000  0.0000000 )


      isym = 19     120 deg rotation - cart. axis [1,1,-1]       

 cryst.   s(19) = (     0          0         -1      )
                  (     1          0          0      )
                  (     0         -1          0      )

 cart.    s(19) = (  0.0000000  1.0000000  0.0000000 )
                  (  0.0000000  0.0000000 -1.0000000 )
                  ( -1.0000000  0.0000000  0.0000000 )


      isym = 20     120 deg rotation - cart. axis [1,-1,1]       

 cryst.   s(20) = (     0          0          1      )
                  (    -1          0          0      )
                  (     0         -1          0      )

 cart.    s(20) = (  0.0000000 -1.0000000  0.0000000 )
                  (  0.0000000  0.0000000 -1.0000000 )
                  (  1.0000000  0.0000000  0.0000000 )


      isym = 21     120 deg rotation - cart. axis [1,1,1]        

 cryst.   s(21) = (     0          1          0      )
                  (     0          0          1      )
                  (     1          0          0      )

 cart.    s(21) = (  0.0000000  0.0000000  1.0000000 )
                  (  1.0000000  0.0000000  0.0000000 )
                  (  0.0000000  1.0000000  0.0000000 )


      isym = 22     120 deg rotation - cart. axis [-1,1,-1]      

 cryst.   s(22) = (     0         -1          0      )
                  (     0          0         -1      )
                  (     1          0          0      )

 cart.    s(22) = (  0.0000000  0.0000000  1.0000000 )
                  ( -1.0000000  0.0000000  0.0000000 )
                  (  0.0000000 -1.0000000  0.0000000 )


      isym = 23     120 deg rotation - cart. axis [1,-1,-1]      

 cryst.   s(23) = (     0         -1          0      )
                  (     0          0          1      )
                  (    -1          0          0      )

 cart.    s(23) = (  0.0000000  0.0000000 -1.0000000 )
                  ( -1.0000000  0.0000000  0.0000000 )
                  (  0.0000000  1.0000000  0.0000000 )


      isym = 24     120 deg rotation - cart. axis [-1,-1,1]      

 cryst.   s(24) = (     0          1          0      )
                  (     0          0         -1      )
                  (    -1          0          0      )

 cart.    s(24) = (  0.0000000  0.0000000 -1.0000000 )
                  (  1.0000000  0.0000000  0.0000000 )
                  (  0.0000000 -1.0000000  0.0000000 )


      isym = 25     inversion                                    

 cryst.   s(25) = (    -1          0          0      )
                  (     0         -1          0      )
                  (     0          0         -1      )

 cart.    s(25) = ( -1.0000000  0.0000000  0.0000000 )
                  (  0.0000000 -1.0000000  0.0000000 )
                  (  0.0000000  0.0000000 -1.0000000 )


      isym = 26     inv. 180 deg rotation - cart. axis [0,0,1]   

 cryst.   s(26) = (     1          0          0      )
                  (     0          1          0      )
                  (     0          0         -1      )

 cart.    s(26) = (  1.0000000  0.0000000  0.0000000 )
                  (  0.0000000  1.0000000  0.0000000 )
                  (  0.0000000  0.0000000 -1.0000000 )


      isym = 27     inv. 180 deg rotation - cart. axis [0,1,0]   

 cryst.   s(27) = (     1          0          0      )
                  (     0         -1          0      )
                  (     0          0          1      )

 cart.    s(27) = (  1.0000000  0.0000000  0.0000000 )
                  (  0.0000000 -1.0000000  0.0000000 )
                  (  0.0000000  0.0000000  1.0000000 )


      isym = 28     inv. 180 deg rotation - cart. axis [1,0,0]   

 cryst.   s(28) = (    -1          0          0      )
                  (     0          1          0      )
                  (     0          0          1      )

 cart.    s(28) = ( -1.0000000  0.0000000  0.0000000 )
                  (  0.0000000  1.0000000  0.0000000 )
                  (  0.0000000  0.0000000  1.0000000 )


      isym = 29     inv. 180 deg rotation - cart. axis [1,1,0]   

 cryst.   s(29) = (     0         -1          0      )
                  (    -1          0          0      )
                  (     0          0          1      )

 cart.    s(29) = (  0.0000000 -1.0000000  0.0000000 )
                  ( -1.0000000  0.0000000  0.0000000 )
                  (  0.0000000  0.0000000  1.0000000 )


      isym = 30     inv. 180 deg rotation - cart. axis [1,-1,0]  

 cryst.   s(30) = (     0          1          0      )
                  (     1          0          0      )
                  (     0          0          1      )

 cart.    s(30) = (  0.0000000  1.0000000  0.0000000 )
                  (  1.0000000  0.0000000  0.0000000 )
                  (  0.0000000  0.0000000  1.0000000 )


      isym = 31     inv. 90 deg rotation - cart. axis [0,0,-1]   

 cryst.   s(31) = (     0          1          0      )
                  (    -1          0          0      )
                  (     0          0         -1      )

 cart.    s(31) = (  0.0000000 -1.0000000  0.0000000 )
                  (  1.0000000  0.0000000  0.0000000 )
                  (  0.0000000  0.0000000 -1.0000000 )


      isym = 32     inv. 90 deg rotation - cart. axis [0,0,1]    

 cryst.   s(32) = (     0         -1          0      )
                  (     1          0          0      )
                  (     0          0         -1      )

 cart.    s(32) = (  0.0000000  1.0000000  0.0000000 )
                  ( -1.0000000  0.0000000  0.0000000 )
                  (  0.0000000  0.0000000 -1.0000000 )


      isym = 33     inv. 180 deg rotation - cart. axis [1,0,1]   

 cryst.   s(33) = (     0          0         -1      )
                  (     0          1          0      )
                  (    -1          0          0      )

 cart.    s(33) = (  0.0000000  0.0000000 -1.0000000 )
                  (  0.0000000  1.0000000  0.0000000 )
                  ( -1.0000000  0.0000000  0.0000000 )


      isym = 34     inv. 180 deg rotation - cart. axis [-1,0,1]  

 cryst.   s(34) = (     0          0          1      )
                  (     0          1          0      )
                  (     1          0          0      )

 cart.    s(34) = (  0.0000000  0.0000000  1.0000000 )
                  (  0.0000000  1.0000000  0.0000000 )
                  (  1.0000000  0.0000000  0.0000000 )


      isym = 35     inv. 90 deg rotation - cart. axis [0,1,0]    

 cryst.   s(35) = (     0          0          1      )
                  (     0         -1          0      )
                  (    -1          0          0      )

 cart.    s(35) = (  0.0000000  0.0000000 -1.0000000 )
                  (  0.0000000 -1.0000000  0.0000000 )
                  (  1.0000000  0.0000000  0.0000000 )


      isym = 36     inv. 90 deg rotation - cart. axis [0,-1,0]   

 cryst.   s(36) = (     0          0         -1      )
                  (     0         -1          0      )
                  (     1          0          0      )

 cart.    s(36) = (  0.0000000  0.0000000  1.0000000 )
                  (  0.0000000 -1.0000000  0.0000000 )
                  ( -1.0000000  0.0000000  0.0000000 )


      isym = 37     inv. 180 deg rotation - cart. axis [0,1,1]   

 cryst.   s(37) = (     1          0          0      )
                  (     0          0         -1      )
                  (     0         -1          0      )

 cart.    s(37) = (  1.0000000  0.0000000  0.0000000 )
                  (  0.0000000  0.0000000 -1.0000000 )
                  (  0.0000000 -1.0000000  0.0000000 )


      isym = 38     inv. 180 deg rotation - cart. axis [0,1,-1]  

 cryst.   s(38) = (     1          0          0      )
                  (     0          0          1      )
                  (     0          1          0      )

 cart.    s(38) = (  1.0000000  0.0000000  0.0000000 )
                  (  0.0000000  0.0000000  1.0000000 )
                  (  0.0000000  1.0000000  0.0000000 )


      isym = 39     inv. 90 deg rotation - cart. axis [-1,0,0]   

 cryst.   s(39) = (    -1          0          0      )
                  (     0          0          1      )
                  (     0         -1          0      )

 cart.    s(39) = ( -1.0000000  0.0000000  0.0000000 )
                  (  0.0000000  0.0000000 -1.0000000 )
                  (  0.0000000  1.0000000  0.0000000 )


      isym = 40     inv. 90 deg rotation - cart. axis [1,0,0]    

 cryst.   s(40) = (    -1          0          0      )
                  (     0          0         -1      )
                  (     0          1          0      )

 cart.    s(40) = ( -1.0000000  0.0000000  0.0000000 )
                  (  0.0000000  0.0000000  1.0000000 )
                  (  0.0000000 -1.0000000  0.0000000 )


      isym = 41     inv. 120 deg rotation - cart. axis [-1,-1,-1]

 cryst.   s(41) = (     0          0         -1      )
                  (    -1          0          0      )
                  (     0         -1          0      )

 cart.    s(41) = (  0.0000000 -1.0000000  0.0000000 )
                  (  0.0000000  0.0000000 -1.0000000 )
                  ( -1.0000000  0.0000000  0.0000000 )


      isym = 42     inv. 120 deg rotation - cart. axis [-1,1,1]  

 cryst.   s(42) = (     0          0          1      )
                  (     1          0          0      )
                  (     0         -1          0      )

 cart.    s(42) = (  0.0000000  1.0000000  0.0000000 )
                  (  0.0000000  0.0000000 -1.0000000 )
                  (  1.0000000  0.0000000  0.0000000 )


      isym = 43     inv. 120 deg rotation - cart. axis [1,1,-1]  

 cryst.   s(43) = (     0          0          1      )
                  (    -1          0          0      )
                  (     0          1          0      )

 cart.    s(43) = (  0.0000000 -1.0000000  0.0000000 )
                  (  0.0000000  0.0000000  1.0000000 )
                  (  1.0000000  0.0000000  0.0000000 )


      isym = 44     inv. 120 deg rotation - cart. axis [1,-1,1]  

 cryst.   s(44) = (     0          0         -1      )
                  (     1          0          0      )
                  (     0          1          0      )

 cart.    s(44) = (  0.0000000  1.0000000  0.0000000 )
                  (  0.0000000  0.0000000  1.0000000 )
                  ( -1.0000000  0.0000000  0.0000000 )


      isym = 45     inv. 120 deg rotation - cart. axis [1,1,1]   

 cryst.   s(45) = (     0         -1          0      )
                  (     0          0         -1      )
                  (    -1          0          0      )

 cart.    s(45) = (  0.0000000  0.0000000 -1.0000000 )
                  ( -1.0000000  0.0000000  0.0000000 )
                  (  0.0000000 -1.0000000  0.0000000 )


      isym = 46     inv. 120 deg rotation - cart. axis [-1,1,-1] 

 cryst.   s(46) = (     0          1          0      )
                  (     0          0          1      )
                  (    -1          0          0      )

 cart.    s(46) = (  0.0000000  0.0000000 -1.0000000 )
                  (  1.0000000  0.0000000  0.0000000 )
                  (  0.0000000  1.0000000  0.0000000 )


      isym = 47     inv. 120 deg rotation - cart. axis [1,-1,-1] 

 cryst.   s(47) = (     0          1          0      )
                  (     0          0         -1      )
                  (     1          0          0      )

 cart.    s(47) = (  0.0000000  0.0000000  1.0000000 )
                  (  1.0000000  0.0000000  0.0000000 )
                  (  0.0000000 -1.0000000  0.0000000 )


      isym = 48     inv. 120 deg rotation - cart. axis [-1,-1,1] 

 cryst.   s(48) = (     0         -1          0      )
                  (     0          0          1      )
                  (     1          0          0      )

 cart.    s(48) = (  0.0000000  0.0000000  1.0000000 )
                  ( -1.0000000  0.0000000  0.0000000 )
                  (  0.0000000  1.0000000  0.0000000 )


     This transformation sends q -> -q+G

      isym = 49     identity                                     

 cryst.   s(49) = (     1          0          0      )
                  (     0          1          0      )
                  (     0          0          1      )

 cart.    s(49) = (  1.0000000  0.0000000  0.0000000 )
                  (  0.0000000  1.0000000  0.0000000 )
                  (  0.0000000  0.0000000  1.0000000 )


     G cutoff =  658.0425  (   8846 G-vectors)     FFT grid: ( 54, 54, 54)
     G cutoff =  329.0213  (   3148 G-vectors)  smooth grid: ( 40, 40, 40)
     number of k points=    35
                       cart. coord. in units 2pi/alat
        k(    1) = (   0.0000000   0.0000000   0.0000000), wk =   0.0039062
        k(    2) = (   0.0000000   0.0000000   0.1250000), wk =   0.0234375
        k(    3) = (   0.0000000   0.0000000   0.2500000), wk =   0.0234375
        k(    4) = (   0.0000000   0.0000000   0.3750000), wk =   0.0234375
        k(    5) = (   0.0000000   0.0000000  -0.5000000), wk =   0.0117188
        k(    6) = (   0.0000000   0.1250000   0.1250000), wk =   0.0468750
        k(    7) = (   0.0000000   0.1250000   0.2500000), wk =   0.0937500
        k(    8) = (   0.0000000   0.1250000   0.3750000), wk =   0.0937500
        k(    9) = (   0.0000000   0.1250000  -0.5000000), wk =   0.0468750
        k(   10) = (   0.0000000   0.2500000   0.2500000), wk =   0.0468750
        k(   11) = (   0.0000000   0.2500000   0.3750000), wk =   0.0937500
        k(   12) = (   0.0000000   0.2500000  -0.5000000), wk =   0.0468750
        k(   13) = (   0.0000000   0.3750000   0.3750000), wk =   0.0468750
        k(   14) = (   0.0000000   0.3750000  -0.5000000), wk =   0.0468750
        k(   15) = (   0.0000000  -0.5000000  -0.5000000), wk =   0.0117188
        k(   16) = (   0.1250000   0.1250000   0.1250000), wk =   0.0312500
        k(   17) = (   0.1250000   0.1250000   0.2500000), wk =   0.0937500
        k(   18) = (   0.1250000   0.1250000   0.3750000), wk =   0.0937500
        k(   19) = (   0.1250000   0.1250000  -0.5000000), wk =   0.0468750
        k(   20) = (   0.1250000   0.2500000   0.2500000), wk =   0.0937500
        k(   21) = (   0.1250000   0.2500000   0.3750000), wk =   0.1875000
        k(   22) = (   0.1250000   0.2500000  -0.5000000), wk =   0.0937500
        k(   23) = (   0.1250000   0.3750000   0.3750000), wk =   0.0937500
        k(   24) = (   0.1250000   0.3750000  -0.5000000), wk =   0.0937500
        k(   25) = (   0.1250000  -0.5000000  -0.5000000), wk =   0.0234375
        k(   26) = (   0.2500000   0.2500000   0.2500000), wk =   0.0312500
        k(   27) = (   0.2500000   0.2500000   0.3750000), wk =   0.0937500
        k(   28) = (   0.2500000   0.2500000  -0.5000000), wk =   0.0468750
        k(   29) = (   0.2500000   0.3750000   0.3750000), wk =   0.0937500
        k(   30) = (   0.2500000   0.3750000  -0.5000000), wk =   0.0937500
        k(   31) = (   0.2500000  -0.5000000  -0.5000000), wk =   0.0234375
        k(   32) = (   0.3750000   0.3750000   0.3750000), wk =   0.0312500
        k(   33) = (   0.3750000   0.3750000  -0.5000000), wk =   0.0468750
        k(   34) = (   0.3750000  -0.5000000  -0.5000000), wk =   0.0234375
        k(   35) = (  -0.5000000  -0.5000000  -0.5000000), wk =   0.0039062

                       cryst. coord.
        k(    1) = (   0.0000000   0.0000000   0.0000000), wk =   0.0039062
        k(    2) = (   0.0000000   0.0000000   0.1250000), wk =   0.0234375
        k(    3) = (   0.0000000   0.0000000   0.2500000), wk =   0.0234375
        k(    4) = (   0.0000000   0.0000000   0.3750000), wk =   0.0234375
        k(    5) = (   0.0000000   0.0000000  -0.5000000), wk =   0.0117188
        k(    6) = (   0.0000000   0.1250000   0.1250000), wk =   0.0468750
        k(    7) = (   0.0000000   0.1250000   0.2500000), wk =   0.0937500
        k(    8) = (   0.0000000   0.1250000   0.3750000), wk =   0.0937500
        k(    9) = (   0.0000000   0.1250000  -0.5000000), wk =   0.0468750
        k(   10) = (   0.0000000   0.2500000   0.2500000), wk =   0.0468750
        k(   11) = (   0.0000000   0.2500000   0.3750000), wk =   0.0937500
        k(   12) = (   0.0000000   0.2500000  -0.5000000), wk =   0.0468750
        k(   13) = (   0.0000000   0.3750000   0.3750000), wk =   0.0468750
        k(   14) = (   0.0000000   0.3750000  -0.5000000), wk =   0.0468750
        k(   15) = (   0.0000000  -0.5000000  -0.5000000), wk =   0.0117188
        k(   16) = (   0.1250000   0.1250000   0.1250000), wk =   0.0312500
        k(   17) = (   0.1250000   0.1250000   0.2500000), wk =   0.0937500
        k(   18) = (   0.1250000   0.1250000   0.3750000), wk =   0.0937500
        k(   19) = (   0.1250000   0.1250000  -0.5000000), wk =   0.0468750
        k(   20) = (   0.1250000   0.2500000   0.2500000), wk =   0.0937500
        k(   21) = (   0.1250000   0.2500000   0.3750000), wk =   0.1875000
        k(   22) = (   0.1250000   0.2500000  -0.5000000), wk =   0.0937500
        k(   23) = (   0.1250000   0.3750000   0.3750000), wk =   0.0937500
        k(   24) = (   0.1250000   0.3750000  -0.5000000), wk =   0.0937500
        k(   25) = (   0.1250000  -0.5000000  -0.5000000), wk =   0.0234375
        k(   26) = (   0.2500000   0.2500000   0.2500000), wk =   0.0312500
        k(   27) = (   0.2500000   0.2500000   0.3750000), wk =   0.0937500
        k(   28) = (   0.2500000   0.2500000  -0.5000000), wk =   0.0468750
        k(   29) = (   0.2500000   0.3750000   0.3750000), wk =   0.0937500
        k(   30) = (   0.2500000   0.3750000  -0.5000000), wk =   0.0937500
        k(   31) = (   0.2500000  -0.5000000  -0.5000000), wk =   0.0234375
        k(   32) = (   0.3750000   0.3750000   0.3750000), wk =   0.0312500
        k(   33) = (   0.3750000   0.3750000  -0.5000000), wk =   0.0468750
        k(   34) = (   0.3750000  -0.5000000  -0.5000000), wk =   0.0234375
        k(   35) = (  -0.5000000  -0.5000000  -0.5000000), wk =   0.0039062

     PseudoPot. # 1 for Sr read from file:
     ./pseudo/Sr.pbesol-spn-kjpaw_psl.1.0.0.UPF
     MD5 check sum: 5f6d651ace59fc2f5ab95f6a3abc31cb
     Pseudo is Projector augmented-wave + core cor, Zval = 10.0
     Generated using &quot;atomic&quot; code by A. Dal Corso  v.6.2.2
     Shape of augmentation charge: PSQ
     Using radial grid of 1221 points,  6 beta functions with: 
                l(1) =   0
                l(2) =   0
                l(3) =   1
                l(4) =   1
                l(5) =   2
                l(6) =   2
     Q(r) pseudized with 0 coefficients 


     PseudoPot. # 2 for Ti read from file:
     ./pseudo/Ti.pbesol-spn-kjpaw_psl.1.0.0.UPF
     MD5 check sum: 37a32a5821746b2d50d64995a8e5b789
     Pseudo is Projector augmented-wave + core cor, Zval = 12.0
     Generated using &quot;atomic&quot; code by A. Dal Corso  v.6.2.2
     Shape of augmentation charge: PSQ
     Using radial grid of 1177 points,  6 beta functions with: 
                l(1) =   0
                l(2) =   0
                l(3) =   1
                l(4) =   1
                l(5) =   2
                l(6) =   2
     Q(r) pseudized with 0 coefficients 


     PseudoPot. # 3 for O  read from file:
     ./pseudo/O.pbesol-n-kjpaw_psl.1.0.0.UPF
     MD5 check sum: cb766521a97cf798d01896eaf7ac9a0a
     Pseudo is Projector augmented-wave + core cor, Zval =  6.0
     Generated using &quot;atomic&quot; code by A. Dal Corso  v.6.3
     Shape of augmentation charge: PSQ
     Using radial grid of 1095 points,  4 beta functions with: 
                l(1) =   0
                l(2) =   0
                l(3) =   1
                l(4) =   1
     Q(r) pseudized with 0 coefficients 


     point group O_h (m-3m) 
     there are 10 classes
     the character table:

       E     8C3   3C2   6C4   6C2'  i     8S6   3s_h  6S4   6s_d 
A_1g   1.00  1.00  1.00  1.00  1.00  1.00  1.00  1.00  1.00  1.00
A_2g   1.00  1.00  1.00 -1.00 -1.00  1.00  1.00  1.00 -1.00 -1.00
E_g    2.00 -1.00  2.00  0.00  0.00  2.00 -1.00  2.00  0.00  0.00
T_1g   3.00  0.00 -1.00  1.00 -1.00  3.00  0.00 -1.00  1.00 -1.00
T_2g   3.00  0.00 -1.00 -1.00  1.00  3.00  0.00 -1.00 -1.00  1.00
A_1u   1.00  1.00  1.00  1.00  1.00 -1.00 -1.00 -1.00 -1.00 -1.00
A_2u   1.00  1.00  1.00 -1.00 -1.00 -1.00 -1.00 -1.00  1.00  1.00
E_u    2.00 -1.00  2.00  0.00  0.00 -2.00  1.00 -2.00  0.00  0.00
T_1u   3.00  0.00 -1.00  1.00 -1.00 -3.00  0.00  1.00 -1.00  1.00
T_2u   3.00  0.00 -1.00 -1.00  1.00 -3.00  0.00  1.00  1.00 -1.00

     the symmetry operations in each class and the name of the first element:

     E        1
                                                                 
     8C3     17   19   20   18   24   21   22   23
                                                                 
     3C2      2    4    3
                                                                 
     6C4      7    8   15   16   12   11
                                                                 
     6C2'     5    6   14   13   10    9
                                                                 
     i       25
                                                                 
     8S6     41   43   44   42   48   45   46   47
                                                                 
     3s_h    26   28   27
                                                                 
     6S4     31   32   39   40   36   35
                                                                 
     6s_d    29   30   38   37   34   33
                                                                 


     Electric field:
     Dielectric constant
     Born effective charges as d Force / d E


     Atomic displacements:
     There are    5 irreducible representations

     Representation     1      3 modes -  To be done
     Irreps are as follows:

     mode #   1              mode #   2              mode #   3
     (  -0.00000   0.00000 ) (  -0.00000   0.00000 ) (   0.00000  -0.00000 ) 
     (  -0.00000   0.00000 ) (  -0.00000   0.00000 ) (   0.00000  -0.00000 ) 
     (  -0.00000   0.00000 ) (  -0.00000   0.00000 ) (   0.00000  -0.00000 ) 
     (  -0.00000   0.00000 ) (  -0.00000   0.00000 ) (   0.00000  -0.00000 ) 
     (  -0.00000   0.00000 ) (  -0.00000   0.00000 ) (   0.00000  -0.00000 ) 
     (  -0.00000   0.00000 ) (  -0.00000   0.00000 ) (   0.00000  -0.00000 ) 
     (   0.00000   0.00000 ) (  -0.07139  -0.00000 ) (  -0.06707  -0.00000 ) 
     (  -0.00000  -0.00000 ) (   0.06707   0.00000 ) (  -0.07139  -0.00000 ) 
     (  -0.99036  -0.00000 ) (  -0.00000  -0.00000 ) (   0.00000   0.00000 ) 
     (   0.00000   0.00000 ) (  -0.07139  -0.00000 ) (  -0.06707  -0.00000 ) 
     (  -0.00000  -0.00000 ) (   0.67810   0.00000 ) (  -0.72179  -0.00000 ) 
     (  -0.09796  -0.00000 ) (  -0.00000  -0.00000 ) (  -0.00000  -0.00000 ) 
     (   0.00000   0.00000 ) (  -0.72179  -0.00000 ) (  -0.67810  -0.00000 ) 
     (   0.00000   0.00000 ) (   0.06707   0.00000 ) (  -0.07139  -0.00000 ) 
     (  -0.09796  -0.00000 ) (  -0.00000  -0.00000 ) (  -0.00000  -0.00000 ) 

     Representation     2      3 modes -  To be done
     Irreps are as follows:

     mode #   4              mode #   5              mode #   6
     (  -0.00000   0.00000 ) (  -0.00000   0.00000 ) (  -0.00000   0.00000 ) 
     (  -0.00000   0.00000 ) (  -0.00000   0.00000 ) (  -0.00000   0.00000 ) 
     (  -0.00000   0.00000 ) (  -0.00000   0.00000 ) (  -0.00000   0.00000 ) 
     (  -1.00000  -0.00000 ) (  -0.00000   0.00000 ) (  -0.00000   0.00000 ) 
     (  -0.00000  -0.00000 ) (  -1.00000  -0.00000 ) (  -0.00000   0.00000 ) 
     (  -0.00000  -0.00000 ) (  -0.00000  -0.00000 ) (  -1.00000  -0.00000 ) 
     (  -0.00000  -0.00000 ) (  -0.00000  -0.00000 ) (  -0.00000  -0.00000 ) 
     (  -0.00000  -0.00000 ) (  -0.00000  -0.00000 ) (  -0.00000  -0.00000 ) 
     (  -0.00000  -0.00000 ) (  -0.00000  -0.00000 ) (  -0.00000  -0.00000 ) 
     (  -0.00000  -0.00000 ) (  -0.00000  -0.00000 ) (  -0.00000  -0.00000 ) 
     (  -0.00000  -0.00000 ) (  -0.00000  -0.00000 ) (  -0.00000  -0.00000 ) 
     (  -0.00000  -0.00000 ) (  -0.00000  -0.00000 ) (  -0.00000  -0.00000 ) 
     (  -0.00000  -0.00000 ) (  -0.00000  -0.00000 ) (  -0.00000  -0.00000 ) 
     (  -0.00000  -0.00000 ) (  -0.00000  -0.00000 ) (  -0.00000  -0.00000 ) 
     (  -0.00000  -0.00000 ) (  -0.00000  -0.00000 ) (  -0.00000  -0.00000 ) 

     Representation     3      3 modes -  To be done
     Irreps are as follows:

     mode #   7              mode #   8              mode #   9
     (  -1.00000  -0.00000 ) (  -0.00000   0.00000 ) (  -0.00000   0.00000 ) 
     (  -0.00000  -0.00000 ) (  -0.00000   0.00000 ) (  -1.00000  -0.00000 ) 
     (  -0.00000  -0.00000 ) (  -1.00000  -0.00000 ) (  -0.00000  -0.00000 ) 
     (  -0.00000  -0.00000 ) (  -0.00000  -0.00000 ) (  -0.00000  -0.00000 ) 
     (  -0.00000  -0.00000 ) (  -0.00000  -0.00000 ) (  -0.00000  -0.00000 ) 
     (  -0.00000  -0.00000 ) (  -0.00000  -0.00000 ) (  -0.00000  -0.00000 ) 
     (  -0.00000  -0.00000 ) (  -0.00000  -0.00000 ) (  -0.00000  -0.00000 ) 
     (  -0.00000  -0.00000 ) (  -0.00000  -0.00000 ) (  -0.00000  -0.00000 ) 
     (  -0.00000  -0.00000 ) (  -0.00000  -0.00000 ) (  -0.00000  -0.00000 ) 
     (  -0.00000  -0.00000 ) (  -0.00000  -0.00000 ) (  -0.00000  -0.00000 ) 
     (  -0.00000  -0.00000 ) (  -0.00000  -0.00000 ) (  -0.00000  -0.00000 ) 
     (  -0.00000  -0.00000 ) (  -0.00000  -0.00000 ) (  -0.00000  -0.00000 ) 
     (  -0.00000  -0.00000 ) (  -0.00000  -0.00000 ) (  -0.00000  -0.00000 ) 
     (  -0.00000  -0.00000 ) (  -0.00000  -0.00000 ) (  -0.00000  -0.00000 ) 
     (  -0.00000  -0.00000 ) (  -0.00000  -0.00000 ) (  -0.00000  -0.00000 ) 

     Representation     4      3 modes -  To be done
     Irreps are as follows:

     mode #  10              mode #  11              mode #  12
     (  -0.00000  -0.00000 ) (  -0.00000   0.00000 ) (  -0.00000  -0.00000 ) 
     (  -0.00000  -0.00000 ) (  -0.00000   0.00000 ) (  -0.00000  -0.00000 ) 
     (  -0.00000  -0.00000 ) (  -0.00000   0.00000 ) (  -0.00000  -0.00000 ) 
     (  -0.00000  -0.00000 ) (  -0.00000   0.00000 ) (  -0.00000  -0.00000 ) 
     (  -0.00000  -0.00000 ) (  -0.00000   0.00000 ) (  -0.00000  -0.00000 ) 
     (  -0.00000  -0.00000 ) (  -0.00000   0.00000 ) (  -0.00000  -0.00000 ) 
     (  -0.12746  -0.00000 ) (  -0.68820  -0.00000 ) (  -0.02326  -0.00000 ) 
     (   0.04159  -0.00000 ) (   0.01592   0.00000 ) (  -0.69887  -0.00000 ) 
     (  -0.13597  -0.00000 ) (   0.02544   0.00000 ) (  -0.00751  -0.00000 ) 
     (  -0.12746  -0.00000 ) (  -0.68820  -0.00000 ) (  -0.02326  -0.00000 ) 
     (  -0.00823  -0.00000 ) (  -0.00315  -0.00000 ) (   0.13825  -0.00000 ) 
     (   0.68733  -0.00000 ) (  -0.12858  -0.00000 ) (   0.03798  -0.00000 ) 
     (   0.02521  -0.00000 ) (   0.13614   0.00000 ) (   0.00460  -0.00000 ) 
     (   0.04159  -0.00000 ) (   0.01592   0.00000 ) (  -0.69887  -0.00000 ) 
     (   0.68733  -0.00000 ) (  -0.12858  -0.00000 ) (   0.03798  -0.00000 ) 

     Representation     5      3 modes -  To be done
     Irreps are as follows:

     mode #  13              mode #  14              mode #  15
     (  -0.00000   0.00000 ) (  -0.00000  -0.00000 ) (  -0.00000   0.00000 ) 
     (  -0.00000   0.00000 ) (  -0.00000  -0.00000 ) (  -0.00000   0.00000 ) 
     (  -0.00000   0.00000 ) (  -0.00000  -0.00000 ) (  -0.00000   0.00000 ) 
     (  -0.00000   0.00000 ) (  -0.00000  -0.00000 ) (  -0.00000   0.00000 ) 
     (  -0.00000   0.00000 ) (  -0.00000  -0.00000 ) (  -0.00000   0.00000 ) 
     (  -0.00000   0.00000 ) (  -0.00000  -0.00000 ) (  -0.00000   0.00000 ) 
     (  -0.01178  -0.00000 ) (  -0.70700  -0.00000 ) (  -0.00257  -0.00000 ) 
     (  -0.67747  -0.00000 ) (   0.01203  -0.00000 ) (  -0.20223  -0.00000 ) 
     (   0.00000   0.00000 ) (  -0.00000  -0.00000 ) (  -0.00000  -0.00000 ) 
     (   0.01178   0.00000 ) (   0.70700  -0.00000 ) (   0.00257   0.00000 ) 
     (   0.00000   0.00000 ) (  -0.00000  -0.00000 ) (  -0.00000  -0.00000 ) 
     (   0.20224   0.00000 ) (  -0.00091  -0.00000 ) (  -0.67757  -0.00000 ) 
     (  -0.00000  -0.00000 ) (   0.00000  -0.00000 ) (  -0.00000  -0.00000 ) 
     (   0.67747   0.00000 ) (  -0.01203  -0.00000 ) (   0.20223   0.00000 ) 
     (  -0.20224  -0.00000 ) (   0.00091  -0.00000 ) (   0.67757   0.00000 ) 



     Alpha used in Ewald sum =   2.8000
     PHONON       :      5.67s CPU      5.78s WALL


     Electric Fields Calculation

      iter #   1 total cpu time :    57.5 secs   av.it.:  11.6
      thresh= 1.000E-02 alpha_mix =  0.700 |ddv_scf|^2 =  1.056E-08

      iter #   2 total cpu time :    80.9 secs   av.it.:  21.6
      thresh= 1.028E-05 alpha_mix =  0.700 |ddv_scf|^2 =  8.521E-10

      iter #   3 total cpu time :   103.3 secs   av.it.:  20.6
      thresh= 2.919E-06 alpha_mix =  0.700 |ddv_scf|^2 =  7.239E-11

      iter #   4 total cpu time :   126.1 secs   av.it.:  20.8
      thresh= 8.508E-07 alpha_mix =  0.700 |ddv_scf|^2 =  3.279E-12

      iter #   5 total cpu time :   149.0 secs   av.it.:  20.7
      thresh= 1.811E-07 alpha_mix =  0.700 |ddv_scf|^2 =  2.989E-13

      iter #   6 total cpu time :   171.4 secs   av.it.:  20.7
      thresh= 5.467E-08 alpha_mix =  0.700 |ddv_scf|^2 =  5.135E-15

     End of electric fields calculation

          Dielectric constant in cartesian axis 

          (       6.324279932       0.000000000       0.000000000 )
          (       0.000000000       6.324279932       0.000000000 )
          (       0.000000000       0.000000000       6.324279932 )

          Effective charges (d Force / dE) in cartesian axis

           atom      1   Sr 
      Ex  (        2.55415        0.00000        0.00000 )
      Ey  (        0.00000        2.55415        0.00000 )
      Ez  (        0.00000        0.00000        2.55415 )
           atom      2   Ti 
      Ex  (        7.33328        0.00000        0.00000 )
      Ey  (        0.00000        7.33328        0.00000 )
      Ez  (        0.00000        0.00000        7.33328 )
           atom      3   O  
      Ex  (       -2.08111        0.00000        0.00000 )
      Ey  (        0.00000       -2.08111        0.00000 )
      Ez  (        0.00000        0.00000       -5.84336 )
           atom      4   O  
      Ex  (       -2.08111        0.00000        0.00000 )
      Ey  (        0.00000       -5.84336        0.00000 )
      Ez  (        0.00000        0.00000       -2.08111 )
           atom      5   O  
      Ex  (       -5.84336        0.00000        0.00000 )
      Ey  (        0.00000       -2.08111        0.00000 )
      Ez  (        0.00000        0.00000       -2.08111 )


     Representation #   1 modes #   1   2   3

     Self-consistent Calculation

      iter #   1 total cpu time :   209.9 secs   av.it.:  11.3
      thresh= 1.000E-02 alpha_mix =  0.700 |ddv_scf|^2 =  2.424E-07

      iter #   2 total cpu time :   237.0 secs   av.it.:  21.5
      thresh= 4.923E-05 alpha_mix =  0.700 |ddv_scf|^2 =  4.152E-08

      iter #   3 total cpu time :   260.0 secs   av.it.:  21.1
      thresh= 2.038E-05 alpha_mix =  0.700 |ddv_scf|^2 =  3.366E-10

      iter #   4 total cpu time :   283.5 secs   av.it.:  21.2
      thresh= 1.835E-06 alpha_mix =  0.700 |ddv_scf|^2 =  3.641E-12

      iter #   5 total cpu time :   307.2 secs   av.it.:  21.5
      thresh= 1.908E-07 alpha_mix =  0.700 |ddv_scf|^2 =  2.591E-13

      iter #   6 total cpu time :   330.5 secs   av.it.:  21.4
      thresh= 5.090E-08 alpha_mix =  0.700 |ddv_scf|^2 =  4.388E-15

     End of self-consistent calculation

     Convergence has been achieved 


     Representation #   2 modes #   4   5   6

     Self-consistent Calculation

      iter #   1 total cpu time :   345.7 secs   av.it.:  11.9
      thresh= 1.000E-02 alpha_mix =  0.700 |ddv_scf|^2 =  9.680E-07

      iter #   2 total cpu time :   368.6 secs   av.it.:  20.9
      thresh= 9.839E-05 alpha_mix =  0.700 |ddv_scf|^2 =  2.527E-07

      iter #   3 total cpu time :   391.2 secs   av.it.:  20.4
      thresh= 5.027E-05 alpha_mix =  0.700 |ddv_scf|^2 =  3.553E-10

      iter #   4 total cpu time :   414.4 secs   av.it.:  21.5
      thresh= 1.885E-06 alpha_mix =  0.700 |ddv_scf|^2 =  2.394E-11

      iter #   5 total cpu time :   437.3 secs   av.it.:  20.9
      thresh= 4.893E-07 alpha_mix =  0.700 |ddv_scf|^2 =  1.956E-13

      iter #   6 total cpu time :   460.3 secs   av.it.:  21.1
      thresh= 4.423E-08 alpha_mix =  0.700 |ddv_scf|^2 =  1.059E-14

      iter #   7 total cpu time :   483.2 secs   av.it.:  20.9
      thresh= 1.029E-08 alpha_mix =  0.700 |ddv_scf|^2 =  3.796E-16

     End of self-consistent calculation

     Convergence has been achieved 


     Representation #   3 modes #   7   8   9

     Self-consistent Calculation

      iter #   1 total cpu time :   496.2 secs   av.it.:   9.3
      thresh= 1.000E-02 alpha_mix =  0.700 |ddv_scf|^2 =  2.485E-07

      iter #   2 total cpu time :   518.4 secs   av.it.:  20.3
      thresh= 4.985E-05 alpha_mix =  0.700 |ddv_scf|^2 =  4.315E-08

      iter #   3 total cpu time :   540.8 secs   av.it.:  20.3
      thresh= 2.077E-05 alpha_mix =  0.700 |ddv_scf|^2 =  3.426E-10

      iter #   4 total cpu time :   563.9 secs   av.it.:  20.8
      thresh= 1.851E-06 alpha_mix =  0.700 |ddv_scf|^2 =  2.424E-11

      iter #   5 total cpu time :   586.9 secs   av.it.:  20.7
      thresh= 4.924E-07 alpha_mix =  0.700 |ddv_scf|^2 =  8.729E-13

      iter #   6 total cpu time :   608.9 secs   av.it.:  19.7
      thresh= 9.343E-08 alpha_mix =  0.700 |ddv_scf|^2 =  3.193E-15

     End of self-consistent calculation

     Convergence has been achieved 


     Representation #   4 modes #  10  11  12

     Self-consistent Calculation

      iter #   1 total cpu time :   624.8 secs   av.it.:  12.0
      thresh= 1.000E-02 alpha_mix =  0.700 |ddv_scf|^2 =  4.174E-07

      iter #   2 total cpu time :   648.9 secs   av.it.:  22.1
      thresh= 6.460E-05 alpha_mix =  0.700 |ddv_scf|^2 =  7.403E-08

      iter #   3 total cpu time :   672.2 secs   av.it.:  21.5
      thresh= 2.721E-05 alpha_mix =  0.700 |ddv_scf|^2 =  3.079E-10

      iter #   4 total cpu time :   695.9 secs   av.it.:  22.1
      thresh= 1.755E-06 alpha_mix =  0.700 |ddv_scf|^2 =  4.115E-12

      iter #   5 total cpu time :   719.7 secs   av.it.:  21.9
      thresh= 2.028E-07 alpha_mix =  0.700 |ddv_scf|^2 =  1.770E-13

      iter #   6 total cpu time :   743.3 secs   av.it.:  21.9
      thresh= 4.207E-08 alpha_mix =  0.700 |ddv_scf|^2 =  5.271E-15

     End of self-consistent calculation

     Convergence has been achieved 


     Representation #   5 modes #  13  14  15

     Self-consistent Calculation

      iter #   1 total cpu time :   757.6 secs   av.it.:  11.2
      thresh= 1.000E-02 alpha_mix =  0.700 |ddv_scf|^2 =  1.255E-07

      iter #   2 total cpu time :   781.0 secs   av.it.:  21.4
      thresh= 3.543E-05 alpha_mix =  0.700 |ddv_scf|^2 =  6.493E-10

      iter #   3 total cpu time :   804.4 secs   av.it.:  21.5
      thresh= 2.548E-06 alpha_mix =  0.700 |ddv_scf|^2 =  5.858E-12

      iter #   4 total cpu time :   828.5 secs   av.it.:  20.6
      thresh= 2.420E-07 alpha_mix =  0.700 |ddv_scf|^2 =  1.470E-14

      iter #   5 total cpu time :   851.8 secs   av.it.:  21.4
      thresh= 1.212E-08 alpha_mix =  0.700 |ddv_scf|^2 =  8.596E-17

     End of self-consistent calculation

     Convergence has been achieved 

     Number of q in the star =    1
     List of q in the star:
          1   0.000000000   0.000000000   0.000000000

          Dielectric constant in cartesian axis 

          (       6.324279932       0.000000000       0.000000000 )
          (       0.000000000       6.324279932       0.000000000 )
          (       0.000000000       0.000000000       6.324279932 )

          Effective charges (d Force / dE) in cartesian axis

           atom      1   Sr 
      Ex  (        2.55415        0.00000        0.00000 )
      Ey  (        0.00000        2.55415        0.00000 )
      Ez  (        0.00000        0.00000        2.55415 )
           atom      2   Ti 
      Ex  (        7.33328        0.00000        0.00000 )
      Ey  (        0.00000        7.33328        0.00000 )
      Ez  (        0.00000        0.00000        7.33328 )
           atom      3   O  
      Ex  (       -2.08111        0.00000        0.00000 )
      Ey  (        0.00000       -2.08111        0.00000 )
      Ez  (        0.00000        0.00000       -5.84336 )
           atom      4   O  
      Ex  (       -2.08111        0.00000        0.00000 )
      Ey  (        0.00000       -5.84336        0.00000 )
      Ez  (        0.00000        0.00000       -2.08111 )
           atom      5   O  
      Ex  (       -5.84336        0.00000        0.00000 )
      Ey  (        0.00000       -2.08111        0.00000 )
      Ez  (        0.00000        0.00000       -2.08111 )

     Diagonalizing the dynamical matrix

     q = (    0.000000000   0.000000000   0.000000000 ) 

 **************************************************************************
     freq (    1) =      -2.276116 [THz] =     -75.923070 [cm-1]
     freq (    2) =      -2.276116 [THz] =     -75.923070 [cm-1]
     freq (    3) =      -2.276116 [THz] =     -75.923070 [cm-1]
     freq (    4) =      -0.395236 [THz] =     -13.183665 [cm-1]
     freq (    5) =      -0.395236 [THz] =     -13.183665 [cm-1]
     freq (    6) =      -0.395236 [THz] =     -13.183665 [cm-1]
     freq (    7) =       4.723742 [THz] =     157.567085 [cm-1]
     freq (    8) =       4.723742 [THz] =     157.567085 [cm-1]
     freq (    9) =       4.723742 [THz] =     157.567085 [cm-1]
     freq (   10) =       6.794646 [THz] =     226.644998 [cm-1]
     freq (   11) =       6.794646 [THz] =     226.644998 [cm-1]
     freq (   12) =       6.794646 [THz] =     226.644998 [cm-1]
     freq (   13) =      16.013887 [THz] =     534.165770 [cm-1]
     freq (   14) =      16.013887 [THz] =     534.165770 [cm-1]
     freq (   15) =      16.013887 [THz] =     534.165770 [cm-1]
 **************************************************************************

     Mode symmetry, O_h (m-3m)  point group:

     freq (   1-   3) =        -75.9  [cm-1]   --> T_1u G_15  G_4- I  
     freq (   4-   6) =        -13.2  [cm-1]   --> T_1u G_15  G_4- I  
     freq (   7-   9) =        157.6  [cm-1]   --> T_1u G_15  G_4- I  
     freq (  10-  12) =        226.6  [cm-1]   --> T_2u G_25  G_5-    
     freq (  13-  15) =        534.2  [cm-1]   --> T_1u G_15  G_4- I  

     PHONON       :  13m50.45s CPU  14m12.25s WALL

     INITIALIZATION: 
     phq_setup    :      0.02s CPU      0.02s WALL (       1 calls)
     phq_init     :      4.86s CPU      4.92s WALL (       1 calls)

     phq_init     :      4.86s CPU      4.92s WALL (       1 calls)
     set_drhoc    :      0.97s CPU      0.97s WALL (       3 calls)
     init_vloc    :      0.02s CPU      0.02s WALL (       1 calls)
     init_us_1    :      0.11s CPU      0.12s WALL (       1 calls)
     newd         :      0.03s CPU      0.05s WALL (       1 calls)
     dvanqq       :      0.71s CPU      0.71s WALL (       1 calls)
     drho         :      2.43s CPU      2.48s WALL (       1 calls)
     cmpt_qdipol  :      0.00s CPU      0.00s WALL (       1 calls)

     DIELECTRIC CONSTANT AND EFFECTIVE CHARGES:
     solve_e      :    162.12s CPU    165.66s WALL (       1 calls)
     dielec       :      0.00s CPU      0.01s WALL (       1 calls)
     zstar_eu     :     24.01s CPU     24.41s WALL (       1 calls)

     DYNAMICAL MATRIX:
     dynmat0      :      0.97s CPU      0.97s WALL (       1 calls)
     phqscf       :    638.64s CPU    656.36s WALL (       1 calls)
     dynmatrix    :      0.00s CPU      0.00s WALL (       1 calls)

     phqscf       :    638.64s CPU    656.36s WALL (       1 calls)
     solve_linter :    636.66s CPU    654.34s WALL (       5 calls)
     drhodv       :      1.98s CPU      2.01s WALL (       5 calls)

     dynmat0      :      0.97s CPU      0.97s WALL (       1 calls)
     dynmat_us    :      0.29s CPU      0.30s WALL (       1 calls)
     d2ionq       :      0.02s CPU      0.02s WALL (       1 calls)
     dynmatcc     :      0.66s CPU      0.66s WALL (       1 calls)

     dynmat_us    :      0.29s CPU      0.30s WALL (       1 calls)
     addusdynmat  :      0.00s CPU      0.00s WALL (       1 calls)

     phqscf       :    638.64s CPU    656.36s WALL (       1 calls)
     solve_linter :    636.66s CPU    654.34s WALL (       5 calls)

     solve_linter :    636.66s CPU    654.34s WALL (       5 calls)
     dvqpsi_us    :      7.44s CPU      7.63s WALL (    1050 calls)
     ortho        :      9.36s CPU      9.47s WALL (    3885 calls)
     cgsolve      :    688.40s CPU    701.24s WALL (    3885 calls)
     incdrhoscf   :     15.25s CPU     16.00s WALL (    3885 calls)
     addusddens   :      2.54s CPU      2.54s WALL (      35 calls)
     vpsifft      :      8.24s CPU      8.70s WALL (    2625 calls)
     dv_of_drho   :      0.76s CPU      0.81s WALL (     111 calls)
     mix_pot      :      0.07s CPU      0.40s WALL (      36 calls)
     psymdvscf    :     14.79s CPU     14.83s WALL (      30 calls)
     newdq        :      4.63s CPU      4.64s WALL (      36 calls)
     adddvscf     :      4.00s CPU      4.07s WALL (    3150 calls)
     drhodvus     :      0.01s CPU      0.01s WALL (       5 calls)

     dvqpsi_us    :      7.44s CPU      7.63s WALL (    1050 calls)
     dvqpsi_us_on :      3.97s CPU      3.99s WALL (    1050 calls)

     cgsolve      :    688.40s CPU    701.24s WALL (    3885 calls)
     ch_psi       :    670.91s CPU    683.64s WALL (  114815 calls)

     ch_psi       :    670.91s CPU    683.64s WALL (  114815 calls)
     h_psi        :    394.74s CPU    405.28s WALL (  114815 calls)
     last         :    198.77s CPU    200.63s WALL (  114815 calls)

     h_psi        :    394.74s CPU    405.28s WALL (  114815 calls)
     add_vuspsi   :     74.08s CPU     74.65s WALL (  114815 calls)

     incdrhoscf   :     15.25s CPU     16.00s WALL (    3885 calls)
     addusdbec    :      3.86s CPU      3.98s WALL (    4410 calls)

     drhodvus     :      0.01s CPU      0.01s WALL (       5 calls)

      General routines
     calbec       :    157.01s CPU    160.58s WALL (  253185 calls)
     fft          :      1.19s CPU      1.27s WALL (    2570 calls)
     ffts         :      0.25s CPU      0.27s WALL (    1375 calls)
     fftw         :    241.96s CPU    249.92s WALL ( 3520674 calls)
     davcio       :      0.66s CPU      7.13s WALL (   18553 calls)
     write_rec    :      0.01s CPU      0.08s WALL (      41 calls)


     PHONON       :  13m50.45s CPU  14m12.25s WALL


   This run was terminated on:  21:35:27  15Jul2026            

=------------------------------------------------------------------------------=
   JOB DONE.
=------------------------------------------------------------------------------=
