     diagonalizing the dynamical matrix ...

 q =       0.0000      0.0000      0.0000
 **************************************************************************
     freq (    1) =      -4.129723 [THz] =    -137.752719 [cm-1]
 ( -0.000000   0.000000     0.004479   0.000000     0.087127   0.000000   )
 ( -0.000000   0.000000     0.019203   0.000000     0.373540   0.000000   )
 ( -0.000000   0.000000    -0.026278   0.000000    -0.572428   0.000000   )
 ( -0.000000   0.000000    -0.029428   0.000000    -0.511159   0.000000   )
 ( -0.000000   0.000000    -0.026278   0.000000    -0.511159   0.000000   )
     freq (    2) =      -4.129723 [THz] =    -137.752719 [cm-1]
 (  0.000000   0.000000    -0.087127   0.000000     0.004479   0.000000   )
 (  0.000000   0.000000    -0.373540   0.000000     0.019203   0.000000   )
 (  0.000000   0.000000     0.511159   0.000000    -0.029428   0.000000   )
 ( -0.000000   0.000000     0.572428   0.000000    -0.026278   0.000000   )
 ( -0.000000   0.000000     0.511159   0.000000    -0.026278   0.000000   )
     freq (    3) =      -0.000000 [THz] =      -0.000010 [cm-1]
 (  0.021710   0.000000     0.046427   0.000000    -0.444267   0.000000   )
 (  0.021710   0.000000     0.046427   0.000000    -0.444267   0.000000   )
 (  0.021710   0.000000     0.046427   0.000000    -0.444267   0.000000   )
 (  0.021710   0.000000     0.046427   0.000000    -0.444267   0.000000   )
 (  0.021710   0.000000     0.046427   0.000000    -0.444267   0.000000   )
     freq (    4) =       0.000000 [THz] =       0.000001 [cm-1]
 (  0.185568  -0.000000    -0.405530   0.000000    -0.033311   0.000000   )
 (  0.185568  -0.000000    -0.405530   0.000000    -0.033311   0.000000   )
 (  0.185568  -0.000000    -0.405530   0.000000    -0.033311   0.000000   )
 (  0.185568  -0.000000    -0.405530   0.000000    -0.033311   0.000000   )
 (  0.185568  -0.000000    -0.405530   0.000000    -0.033311   0.000000   )
     freq (    5) =       0.000000 [THz] =       0.000004 [cm-1]
 ( -0.406316   0.000000    -0.182729   0.000000    -0.038951   0.000000   )
 ( -0.406316   0.000000    -0.182729   0.000000    -0.038951   0.000000   )
 ( -0.406316   0.000000    -0.182729   0.000000    -0.038951   0.000000   )
 ( -0.406316   0.000000    -0.182729   0.000000    -0.038951   0.000000   )
 ( -0.406316   0.000000    -0.182729   0.000000    -0.038951   0.000000   )
     freq (    6) =       4.354778 [THz] =     145.259750 [cm-1]
 ( -0.515566   0.000000    -0.000000   0.000000    -0.000000   0.000000   )
 (  0.591554   0.000000     0.000000   0.000000     0.000000   0.000000   )
 (  0.399822   0.000000     0.000000   0.000000     0.000000   0.000000   )
 (  0.399822   0.000000     0.000000   0.000000     0.000000   0.000000   )
 (  0.254048   0.000000     0.000000   0.000000     0.000000   0.000000   )
     freq (    7) =       4.373529 [THz] =     145.885239 [cm-1]
 ( -0.000000   0.000000     0.525293   0.000000     0.003491   0.000000   )
 (  0.000000   0.000000    -0.655042   0.000000    -0.004354   0.000000   )
 (  0.000000   0.000000    -0.355064   0.000000    -0.001375   0.000000   )
 (  0.000000   0.000000    -0.206885   0.000000    -0.002360   0.000000   )
 (  0.000000   0.000000    -0.355064   0.000000    -0.002360   0.000000   )
     freq (    8) =       4.373529 [THz] =     145.885239 [cm-1]
 ( -0.000000   0.000000    -0.003491   0.000000     0.525293   0.000000   )
 (  0.000000   0.000000     0.004354   0.000000    -0.655042   0.000000   )
 (  0.000000   0.000000     0.002360   0.000000    -0.206885   0.000000   )
 (  0.000000   0.000000     0.001375   0.000000    -0.355064   0.000000   )
 (  0.000000   0.000000     0.002360   0.000000    -0.355064   0.000000   )
     freq (    9) =       6.920978 [THz] =     230.858982 [cm-1]
 (  0.000000   0.000000    -0.000000   0.000000    -0.000000   0.000000   )
 ( -0.000000   0.000000     0.000000   0.000000     0.000000   0.000000   )
 (  0.630059   0.000000    -0.320681   0.000000     0.000000   0.000000   )
 ( -0.630059   0.000000     0.000000   0.000000    -0.013767   0.000000   )
 ( -0.000000   0.000000     0.320681   0.000000     0.013767   0.000000   )
     freq (   10) =       6.920978 [THz] =     230.858982 [cm-1]
 (  0.000000   0.000000    -0.000000   0.000000     0.000000   0.000000   )
 ( -0.000000   0.000000     0.000000   0.000000    -0.000000   0.000000   )
 (  0.312748   0.000000     0.606520   0.000000    -0.000000   0.000000   )
 ( -0.312748   0.000000     0.000000   0.000000     0.185263   0.000000   )
 (  0.000000   0.000000    -0.606520   0.000000    -0.185263   0.000000   )
     freq (   11) =       6.920978 [THz] =     230.858982 [cm-1]
 (  0.000000   0.000000    -0.000000   0.000000     0.000000   0.000000   )
 ( -0.000000   0.000000     0.000000   0.000000    -0.000000   0.000000   )
 ( -0.072210   0.000000    -0.171165   0.000000    -0.000000   0.000000   )
 (  0.072210   0.000000     0.000000   0.000000     0.682267   0.000000   )
 ( -0.000000   0.000000     0.171165   0.000000    -0.682267   0.000000   )
     freq (   12) =      13.344494 [THz] =     445.124421 [cm-1]
 ( -0.019063   0.000000     0.000000   0.000000    -0.000000   0.000000   )
 ( -0.261313   0.000000    -0.000000   0.000000     0.000000   0.000000   )
 (  0.629461   0.000000     0.000000   0.000000     0.000000   0.000000   )
 (  0.629461   0.000000    -0.000000   0.000000     0.000000   0.000000   )
 ( -0.372704   0.000000     0.000000   0.000000    -0.000000   0.000000   )
     freq (   13) =      15.276259 [THz] =     509.561159 [cm-1]
 ( -0.000000   0.000000    -0.017259   0.000000     0.001634   0.000000   )
 ( -0.000000   0.000000     0.039967   0.000000    -0.003785   0.000000   )
 (  0.000000   0.000000    -0.414350   0.000000    -0.076104   0.000000   )
 (  0.000000   0.000000     0.803645   0.000000     0.039239   0.000000   )
 ( -0.000000   0.000000    -0.414350   0.000000     0.039239   0.000000   )
     freq (   14) =      15.276259 [THz] =     509.561159 [cm-1]
 ( -0.000000   0.000000     0.001634   0.000000     0.017259   0.000000   )
 ( -0.000000   0.000000    -0.003785   0.000000    -0.039967   0.000000   )
 ( -0.000000   0.000000     0.039239   0.000000    -0.803645   0.000000   )
 ( -0.000000   0.000000    -0.076104   0.000000     0.414350   0.000000   )
 (  0.000000   0.000000     0.039239   0.000000     0.414350   0.000000   )
     freq (   15) =      22.027589 [THz] =     734.761270 [cm-1]
 (  0.059294   0.000000     0.000000   0.000000     0.000000   0.000000   )
 (  0.277355   0.000000    -0.000000   0.000000     0.000000   0.000000   )
 ( -0.103412   0.000000     0.000000   0.000000     0.000000   0.000000   )
 ( -0.103412   0.000000     0.000000   0.000000     0.000000   0.000000   )
 ( -0.947718   0.000000    -0.000000   0.000000     0.000000   0.000000   )
 **************************************************************************
