
     Program PHONON v.6.7MaX starts on  4Jul2026 at 21:53:14 

     This program is part of the open-source Quantum ESPRESSO suite
     for quantum simulation of materials; please cite
         "P. Giannozzi et al., J. Phys.:Condens. Matter 21 395502 (2009);
         "P. Giannozzi et al., J. Phys.:Condens. Matter 29 465901 (2017);
          URL http://www.quantum-espresso.org", 
     in publications or presentations arising from this work. More details at
     http://www.quantum-espresso.org/quote

     Parallel version (MPI), running on     1 processors

     MPI processes distributed on     1 nodes
     Reading input from ph.in
     Message from routine ph_restart_set_filename :
     cannot open file for reading or writing
     Message from routine ph_restart_set_filename :
     cannot open file for reading or writing
     Run is not recoverable starting from scratch

     Reading xml data from directory:

     ./tmp/SrTiO3_pristine.save/
     file Sr.pbe-spn-kjpaw_psl.1.0.0.UPF: wavefunction(s)  4P renormalized
     file Ti.pbe-spn-kjpaw_psl.1.0.0.UPF: wavefunction(s)  3S 3P 3D renormalized
     file O.pbe-n-kjpaw_psl.1.0.0.UPF: wavefunction(s)  2S 2P renormalized

     IMPORTANT: XC functional enforced from input :
     Exchange-correlation= PBE
                           (   1   4   3   4   0   0   0)
     Any further DFT definition will be discarded
     Please, verify this is what you really want


     G-vector sticks info
     --------------------
     sticks:   dense  smooth     PW     G-vecs:    dense   smooth      PW
     Sum        2101    1049    317                72935    25725    4169


     Check: negative core charge=   -0.000002
     Reading collected, re-writing distributed wavefunctions
  autoval = -.1097E+01
     Irreps are as follows:

                     mode #   1
                     (  -0.00000   0.00000   ) 
                     (  -0.00000   0.00000   ) 
                     (  -0.00000   0.00000   ) 
                     (  -0.00000   0.00000   ) 
                     (  -0.00000   0.00000   ) 
                     (  -0.00000   0.00000   ) 
                     (   0.00000   0.00000   ) 
                     (  -0.00000  -0.00000   ) 
                     (  -0.99036  -0.00000   ) 
                     (   0.00000   0.00000   ) 
                     (  -0.00000  -0.00000   ) 
                     (  -0.09796  -0.00000   ) 
                     (   0.00000   0.00000   ) 
                     (   0.00000   0.00000   ) 
                     (  -0.09796  -0.00000   ) 
  autoval = -.1097E+01
     Irreps are as follows:

                     mode #   2
                     (  -0.00000   0.00000   ) 
                     (  -0.00000   0.00000   ) 
                     (  -0.00000   0.00000   ) 
                     (  -0.00000   0.00000   ) 
                     (  -0.00000   0.00000   ) 
                     (  -0.00000   0.00000   ) 
                     (  -0.07139  -0.00000   ) 
                     (   0.06707   0.00000   ) 
                     (  -0.00000  -0.00000   ) 
                     (  -0.07139  -0.00000   ) 
                     (   0.67810   0.00000   ) 
                     (  -0.00000  -0.00000   ) 
                     (  -0.72179  -0.00000   ) 
                     (   0.06707   0.00000   ) 
                     (  -0.00000  -0.00000   ) 
  autoval = -.1097E+01
     Irreps are as follows:

                     mode #   3
                     (   0.00000  -0.00000   ) 
                     (   0.00000  -0.00000   ) 
                     (   0.00000  -0.00000   ) 
                     (   0.00000  -0.00000   ) 
                     (   0.00000  -0.00000   ) 
                     (   0.00000  -0.00000   ) 
                     (  -0.06707  -0.00000   ) 
                     (  -0.07139  -0.00000   ) 
                     (   0.00000   0.00000   ) 
                     (  -0.06707  -0.00000   ) 
                     (  -0.72179  -0.00000   ) 
                     (  -0.00000  -0.00000   ) 
                     (  -0.67810  -0.00000   ) 
                     (  -0.07139  -0.00000   ) 
                     (  -0.00000  -0.00000   ) 
  autoval = 0.3752E+00
     Irreps are as follows:

                     mode #   4
                     (  -0.00000   0.00000   ) 
                     (  -0.00000   0.00000   ) 
                     (  -0.00000   0.00000   ) 
                     (  -1.00000  -0.00000   ) 
                     (  -0.00000  -0.00000   ) 
                     (  -0.00000  -0.00000   ) 
                     (  -0.00000  -0.00000   ) 
                     (  -0.00000  -0.00000   ) 
                     (  -0.00000  -0.00000   ) 
                     (  -0.00000  -0.00000   ) 
                     (  -0.00000  -0.00000   ) 
                     (  -0.00000  -0.00000   ) 
                     (  -0.00000  -0.00000   ) 
                     (  -0.00000  -0.00000   ) 
                     (  -0.00000  -0.00000   ) 
  autoval = 0.3752E+00
     Irreps are as follows:

                     mode #   5
                     (  -0.00000   0.00000   ) 
                     (  -0.00000   0.00000   ) 
                     (  -0.00000   0.00000   ) 
                     (  -0.00000   0.00000   ) 
                     (  -1.00000  -0.00000   ) 
                     (  -0.00000  -0.00000   ) 
                     (  -0.00000  -0.00000   ) 
                     (  -0.00000  -0.00000   ) 
                     (  -0.00000  -0.00000   ) 
                     (  -0.00000  -0.00000   ) 
                     (  -0.00000  -0.00000   ) 
                     (  -0.00000  -0.00000   ) 
                     (  -0.00000  -0.00000   ) 
                     (  -0.00000  -0.00000   ) 
                     (  -0.00000  -0.00000   ) 
  autoval = 0.3752E+00
     Irreps are as follows:

                     mode #   6
                     (  -0.00000   0.00000   ) 
                     (  -0.00000   0.00000   ) 
                     (  -0.00000   0.00000   ) 
                     (  -0.00000   0.00000   ) 
                     (  -0.00000   0.00000   ) 
                     (  -1.00000  -0.00000   ) 
                     (  -0.00000  -0.00000   ) 
                     (  -0.00000  -0.00000   ) 
                     (  -0.00000  -0.00000   ) 
                     (  -0.00000  -0.00000   ) 
                     (  -0.00000  -0.00000   ) 
                     (  -0.00000  -0.00000   ) 
                     (  -0.00000  -0.00000   ) 
                     (  -0.00000  -0.00000   ) 
                     (  -0.00000  -0.00000   ) 
  autoval = 0.6682E+00
     Irreps are as follows:

                     mode #   7
                     (  -1.00000  -0.00000   ) 
                     (  -0.00000  -0.00000   ) 
                     (  -0.00000  -0.00000   ) 
                     (  -0.00000  -0.00000   ) 
                     (  -0.00000  -0.00000   ) 
                     (  -0.00000  -0.00000   ) 
                     (  -0.00000  -0.00000   ) 
                     (  -0.00000  -0.00000   ) 
                     (  -0.00000  -0.00000   ) 
                     (  -0.00000  -0.00000   ) 
                     (  -0.00000  -0.00000   ) 
                     (  -0.00000  -0.00000   ) 
                     (  -0.00000  -0.00000   ) 
                     (  -0.00000  -0.00000   ) 
                     (  -0.00000  -0.00000   ) 
  autoval = 0.6682E+00
     Irreps are as follows:

                     mode #   8
                     (  -0.00000   0.00000   ) 
                     (  -0.00000   0.00000   ) 
                     (  -1.00000  -0.00000   ) 
                     (  -0.00000  -0.00000   ) 
                     (  -0.00000  -0.00000   ) 
                     (  -0.00000  -0.00000   ) 
                     (  -0.00000  -0.00000   ) 
                     (  -0.00000  -0.00000   ) 
                     (  -0.00000  -0.00000   ) 
                     (  -0.00000  -0.00000   ) 
                     (  -0.00000  -0.00000   ) 
                     (  -0.00000  -0.00000   ) 
                     (  -0.00000  -0.00000   ) 
                     (  -0.00000  -0.00000   ) 
                     (  -0.00000  -0.00000   ) 
  autoval = 0.6682E+00
     Irreps are as follows:

                     mode #   9
                     (  -0.00000   0.00000   ) 
                     (  -1.00000  -0.00000   ) 
                     (  -0.00000  -0.00000   ) 
                     (  -0.00000  -0.00000   ) 
                     (  -0.00000  -0.00000   ) 
                     (  -0.00000  -0.00000   ) 
                     (  -0.00000  -0.00000   ) 
                     (  -0.00000  -0.00000   ) 
                     (  -0.00000  -0.00000   ) 
                     (  -0.00000  -0.00000   ) 
                     (  -0.00000  -0.00000   ) 
                     (  -0.00000  -0.00000   ) 
                     (  -0.00000  -0.00000   ) 
                     (  -0.00000  -0.00000   ) 
                     (  -0.00000  -0.00000   ) 
  autoval = 0.1010E+01
     Irreps are as follows:

                     mode #  10
                     (  -0.00000  -0.00000   ) 
                     (  -0.00000  -0.00000   ) 
                     (  -0.00000  -0.00000   ) 
                     (  -0.00000  -0.00000   ) 
                     (  -0.00000  -0.00000   ) 
                     (  -0.00000  -0.00000   ) 
                     (  -0.12746  -0.00000   ) 
                     (   0.04159  -0.00000   ) 
                     (  -0.13597  -0.00000   ) 
                     (  -0.12746  -0.00000   ) 
                     (  -0.00823  -0.00000   ) 
                     (   0.68733  -0.00000   ) 
                     (   0.02521  -0.00000   ) 
                     (   0.04159  -0.00000   ) 
                     (   0.68733  -0.00000   ) 
  autoval = 0.1010E+01
     Irreps are as follows:

                     mode #  11
                     (  -0.00000   0.00000   ) 
                     (  -0.00000   0.00000   ) 
                     (  -0.00000   0.00000   ) 
                     (  -0.00000   0.00000   ) 
                     (  -0.00000   0.00000   ) 
                     (  -0.00000   0.00000   ) 
                     (  -0.68820  -0.00000   ) 
                     (   0.01592   0.00000   ) 
                     (   0.02544   0.00000   ) 
                     (  -0.68820  -0.00000   ) 
                     (  -0.00315  -0.00000   ) 
                     (  -0.12858  -0.00000   ) 
                     (   0.13614   0.00000   ) 
                     (   0.01592   0.00000   ) 
                     (  -0.12858  -0.00000   ) 
  autoval = 0.1010E+01
     Irreps are as follows:

                     mode #  12
                     (  -0.00000  -0.00000   ) 
                     (  -0.00000  -0.00000   ) 
                     (  -0.00000  -0.00000   ) 
                     (  -0.00000  -0.00000   ) 
                     (  -0.00000  -0.00000   ) 
                     (  -0.00000  -0.00000   ) 
                     (  -0.02326  -0.00000   ) 
                     (  -0.69887  -0.00000   ) 
                     (  -0.00751  -0.00000   ) 
                     (  -0.02326  -0.00000   ) 
                     (   0.13825  -0.00000   ) 
                     (   0.03798  -0.00000   ) 
                     (   0.00460  -0.00000   ) 
                     (  -0.69887  -0.00000   ) 
                     (   0.03798  -0.00000   ) 
  autoval = 0.1803E+01
     Irreps are as follows:

                     mode #  13
                     (  -0.00000   0.00000   ) 
                     (  -0.00000   0.00000   ) 
                     (  -0.00000   0.00000   ) 
                     (  -0.00000   0.00000   ) 
                     (  -0.00000   0.00000   ) 
                     (  -0.00000   0.00000   ) 
                     (  -0.01178  -0.00000   ) 
                     (  -0.67747  -0.00000   ) 
                     (   0.00000   0.00000   ) 
                     (   0.01178   0.00000   ) 
                     (   0.00000   0.00000   ) 
                     (   0.20224   0.00000   ) 
                     (  -0.00000  -0.00000   ) 
                     (   0.67747   0.00000   ) 
                     (  -0.20224  -0.00000   ) 
  autoval = 0.1803E+01
     Irreps are as follows:

                     mode #  14
                     (  -0.00000  -0.00000   ) 
                     (  -0.00000  -0.00000   ) 
                     (  -0.00000  -0.00000   ) 
                     (  -0.00000  -0.00000   ) 
                     (  -0.00000  -0.00000   ) 
                     (  -0.00000  -0.00000   ) 
                     (  -0.70700  -0.00000   ) 
                     (   0.01203  -0.00000   ) 
                     (  -0.00000  -0.00000   ) 
                     (   0.70700  -0.00000   ) 
                     (  -0.00000  -0.00000   ) 
                     (  -0.00091  -0.00000   ) 
                     (   0.00000  -0.00000   ) 
                     (  -0.01203  -0.00000   ) 
                     (   0.00091  -0.00000   ) 
  autoval = 0.1803E+01
     Irreps are as follows:

                     mode #  15
                     (  -0.00000   0.00000   ) 
                     (  -0.00000   0.00000   ) 
                     (  -0.00000   0.00000   ) 
                     (  -0.00000   0.00000   ) 
                     (  -0.00000   0.00000   ) 
                     (  -0.00000   0.00000   ) 
                     (  -0.00257  -0.00000   ) 
                     (  -0.20223  -0.00000   ) 
                     (  -0.00000  -0.00000   ) 
                     (   0.00257   0.00000   ) 
                     (  -0.00000  -0.00000   ) 
                     (  -0.67757  -0.00000   ) 
                     (  -0.00000  -0.00000   ) 
                     (   0.20223   0.00000   ) 
                     (   0.67757   0.00000   ) 

     Calculation of q =    0.0000000   0.0000000   0.0000000

     SrTiO3 pristine 5-atom cell -- Gamma-point phonons (harmonic ph.x, escalati

     bravais-lattice index     =            1
     lattice parameter (alat)  =       7.4420  a.u.
     unit-cell volume          =     412.1668 (a.u.)^3
     number of atoms/cell      =            5
     number of atomic types    =            3
     kinetic-energy cut-off    =      60.0000  Ry
     charge density cut-off    =     480.0000  Ry
     convergence threshold     =      1.0E-14
     beta                      =       0.7000
     number of iterations used =            4
     Exchange-correlation= PBE
                           (   1   4   3   4   0   0   0)


     celldm(1)=    7.44202  celldm(2)=    0.00000  celldm(3)=    0.00000
     celldm(4)=    0.00000  celldm(5)=    0.00000  celldm(6)=    0.00000

     crystal axes: (cart. coord. in units of alat)
               a(1) = (  1.0000  0.0000  0.0000 )  
               a(2) = (  0.0000  1.0000  0.0000 )  
               a(3) = (  0.0000  0.0000  1.0000 )  

     reciprocal axes: (cart. coord. in units 2 pi/alat)
               b(1) = (  1.0000  0.0000  0.0000 )  
               b(2) = (  0.0000  1.0000  0.0000 )  
               b(3) = (  0.0000  0.0000  1.0000 )  


     Atoms inside the unit cell: 

     Cartesian axes

     site n.  atom      mass           positions (alat units)
        1     Sr  87.6200   tau(    1) = (    0.00000    0.00000    0.00000  )
        2     Ti  47.8670   tau(    2) = (    0.50000    0.50000    0.50000  )
        3     O   15.9990   tau(    3) = (    0.50000    0.50000    0.00000  )
        4     O   15.9990   tau(    4) = (    0.50000    0.00000    0.50000  )
        5     O   15.9990   tau(    5) = (    0.00000    0.50000    0.50000  )

     Computing dynamical matrix for 
                    q = (   0.0000000   0.0000000   0.0000000 )

     49 Sym.Ops. (with q -> -q+G )

                                    s                        frac. trans.

      isym =  1     identity                                     

 cryst.   s( 1) = (     1          0          0      )
                  (     0          1          0      )
                  (     0          0          1      )

 cart.    s( 1) = (  1.0000000  0.0000000  0.0000000 )
                  (  0.0000000  1.0000000  0.0000000 )
                  (  0.0000000  0.0000000  1.0000000 )


      isym =  2     180 deg rotation - cart. axis [0,0,1]        

 cryst.   s( 2) = (    -1          0          0      )
                  (     0         -1          0      )
                  (     0          0          1      )

 cart.    s( 2) = ( -1.0000000  0.0000000  0.0000000 )
                  (  0.0000000 -1.0000000  0.0000000 )
                  (  0.0000000  0.0000000  1.0000000 )


      isym =  3     180 deg rotation - cart. axis [0,1,0]        

 cryst.   s( 3) = (    -1          0          0      )
                  (     0          1          0      )
                  (     0          0         -1      )

 cart.    s( 3) = ( -1.0000000  0.0000000  0.0000000 )
                  (  0.0000000  1.0000000  0.0000000 )
                  (  0.0000000  0.0000000 -1.0000000 )


      isym =  4     180 deg rotation - cart. axis [1,0,0]        

 cryst.   s( 4) = (     1          0          0      )
                  (     0         -1          0      )
                  (     0          0         -1      )

 cart.    s( 4) = (  1.0000000  0.0000000  0.0000000 )
                  (  0.0000000 -1.0000000  0.0000000 )
                  (  0.0000000  0.0000000 -1.0000000 )


      isym =  5     180 deg rotation - cart. axis [1,1,0]        

 cryst.   s( 5) = (     0          1          0      )
                  (     1          0          0      )
                  (     0          0         -1      )

 cart.    s( 5) = (  0.0000000  1.0000000  0.0000000 )
                  (  1.0000000  0.0000000  0.0000000 )
                  (  0.0000000  0.0000000 -1.0000000 )


      isym =  6     180 deg rotation - cart. axis [1,-1,0]       

 cryst.   s( 6) = (     0         -1          0      )
                  (    -1          0          0      )
                  (     0          0         -1      )

 cart.    s( 6) = (  0.0000000 -1.0000000  0.0000000 )
                  ( -1.0000000  0.0000000  0.0000000 )
                  (  0.0000000  0.0000000 -1.0000000 )


      isym =  7     90 deg rotation - cart. axis [0,0,-1]        

 cryst.   s( 7) = (     0         -1          0      )
                  (     1          0          0      )
                  (     0          0          1      )

 cart.    s( 7) = (  0.0000000  1.0000000  0.0000000 )
                  ( -1.0000000  0.0000000  0.0000000 )
                  (  0.0000000  0.0000000  1.0000000 )


      isym =  8     90 deg rotation - cart. axis [0,0,1]         

 cryst.   s( 8) = (     0          1          0      )
                  (    -1          0          0      )
                  (     0          0          1      )

 cart.    s( 8) = (  0.0000000 -1.0000000  0.0000000 )
                  (  1.0000000  0.0000000  0.0000000 )
                  (  0.0000000  0.0000000  1.0000000 )


      isym =  9     180 deg rotation - cart. axis [1,0,1]        

 cryst.   s( 9) = (     0          0          1      )
                  (     0         -1          0      )
                  (     1          0          0      )

 cart.    s( 9) = (  0.0000000  0.0000000  1.0000000 )
                  (  0.0000000 -1.0000000  0.0000000 )
                  (  1.0000000  0.0000000  0.0000000 )


      isym = 10     180 deg rotation - cart. axis [-1,0,1]       

 cryst.   s(10) = (     0          0         -1      )
                  (     0         -1          0      )
                  (    -1          0          0      )

 cart.    s(10) = (  0.0000000  0.0000000 -1.0000000 )
                  (  0.0000000 -1.0000000  0.0000000 )
                  ( -1.0000000  0.0000000  0.0000000 )


      isym = 11     90 deg rotation - cart. axis [0,1,0]         

 cryst.   s(11) = (     0          0         -1      )
                  (     0          1          0      )
                  (     1          0          0      )

 cart.    s(11) = (  0.0000000  0.0000000  1.0000000 )
                  (  0.0000000  1.0000000  0.0000000 )
                  ( -1.0000000  0.0000000  0.0000000 )


      isym = 12     90 deg rotation - cart. axis [0,-1,0]        

 cryst.   s(12) = (     0          0          1      )
                  (     0          1          0      )
                  (    -1          0          0      )

 cart.    s(12) = (  0.0000000  0.0000000 -1.0000000 )
                  (  0.0000000  1.0000000  0.0000000 )
                  (  1.0000000  0.0000000  0.0000000 )


      isym = 13     180 deg rotation - cart. axis [0,1,1]        

 cryst.   s(13) = (    -1          0          0      )
                  (     0          0          1      )
                  (     0          1          0      )

 cart.    s(13) = ( -1.0000000  0.0000000  0.0000000 )
                  (  0.0000000  0.0000000  1.0000000 )
                  (  0.0000000  1.0000000  0.0000000 )


      isym = 14     180 deg rotation - cart. axis [0,1,-1]       

 cryst.   s(14) = (    -1          0          0      )
                  (     0          0         -1      )
                  (     0         -1          0      )

 cart.    s(14) = ( -1.0000000  0.0000000  0.0000000 )
                  (  0.0000000  0.0000000 -1.0000000 )
                  (  0.0000000 -1.0000000  0.0000000 )


      isym = 15     90 deg rotation - cart. axis [-1,0,0]        

 cryst.   s(15) = (     1          0          0      )
                  (     0          0         -1      )
                  (     0          1          0      )

 cart.    s(15) = (  1.0000000  0.0000000  0.0000000 )
                  (  0.0000000  0.0000000  1.0000000 )
                  (  0.0000000 -1.0000000  0.0000000 )


      isym = 16     90 deg rotation - cart. axis [1,0,0]         

 cryst.   s(16) = (     1          0          0      )
                  (     0          0          1      )
                  (     0         -1          0      )

 cart.    s(16) = (  1.0000000  0.0000000  0.0000000 )
                  (  0.0000000  0.0000000 -1.0000000 )
                  (  0.0000000  1.0000000  0.0000000 )


      isym = 17     120 deg rotation - cart. axis [-1,-1,-1]     

 cryst.   s(17) = (     0          0          1      )
                  (     1          0          0      )
                  (     0          1          0      )

 cart.    s(17) = (  0.0000000  1.0000000  0.0000000 )
                  (  0.0000000  0.0000000  1.0000000 )
                  (  1.0000000  0.0000000  0.0000000 )


      isym = 18     120 deg rotation - cart. axis [-1,1,1]       

 cryst.   s(18) = (     0          0         -1      )
                  (    -1          0          0      )
                  (     0          1          0      )

 cart.    s(18) = (  0.0000000 -1.0000000  0.0000000 )
                  (  0.0000000  0.0000000  1.0000000 )
                  ( -1.0000000  0.0000000  0.0000000 )


      isym = 19     120 deg rotation - cart. axis [1,1,-1]       

 cryst.   s(19) = (     0          0         -1      )
                  (     1          0          0      )
                  (     0         -1          0      )

 cart.    s(19) = (  0.0000000  1.0000000  0.0000000 )
                  (  0.0000000  0.0000000 -1.0000000 )
                  ( -1.0000000  0.0000000  0.0000000 )


      isym = 20     120 deg rotation - cart. axis [1,-1,1]       

 cryst.   s(20) = (     0          0          1      )
                  (    -1          0          0      )
                  (     0         -1          0      )

 cart.    s(20) = (  0.0000000 -1.0000000  0.0000000 )
                  (  0.0000000  0.0000000 -1.0000000 )
                  (  1.0000000  0.0000000  0.0000000 )


      isym = 21     120 deg rotation - cart. axis [1,1,1]        

 cryst.   s(21) = (     0          1          0      )
                  (     0          0          1      )
                  (     1          0          0      )

 cart.    s(21) = (  0.0000000  0.0000000  1.0000000 )
                  (  1.0000000  0.0000000  0.0000000 )
                  (  0.0000000  1.0000000  0.0000000 )


      isym = 22     120 deg rotation - cart. axis [-1,1,-1]      

 cryst.   s(22) = (     0         -1          0      )
                  (     0          0         -1      )
                  (     1          0          0      )

 cart.    s(22) = (  0.0000000  0.0000000  1.0000000 )
                  ( -1.0000000  0.0000000  0.0000000 )
                  (  0.0000000 -1.0000000  0.0000000 )


      isym = 23     120 deg rotation - cart. axis [1,-1,-1]      

 cryst.   s(23) = (     0         -1          0      )
                  (     0          0          1      )
                  (    -1          0          0      )

 cart.    s(23) = (  0.0000000  0.0000000 -1.0000000 )
                  ( -1.0000000  0.0000000  0.0000000 )
                  (  0.0000000  1.0000000  0.0000000 )


      isym = 24     120 deg rotation - cart. axis [-1,-1,1]      

 cryst.   s(24) = (     0          1          0      )
                  (     0          0         -1      )
                  (    -1          0          0      )

 cart.    s(24) = (  0.0000000  0.0000000 -1.0000000 )
                  (  1.0000000  0.0000000  0.0000000 )
                  (  0.0000000 -1.0000000  0.0000000 )


      isym = 25     inversion                                    

 cryst.   s(25) = (    -1          0          0      )
                  (     0         -1          0      )
                  (     0          0         -1      )

 cart.    s(25) = ( -1.0000000  0.0000000  0.0000000 )
                  (  0.0000000 -1.0000000  0.0000000 )
                  (  0.0000000  0.0000000 -1.0000000 )


      isym = 26     inv. 180 deg rotation - cart. axis [0,0,1]   

 cryst.   s(26) = (     1          0          0      )
                  (     0          1          0      )
                  (     0          0         -1      )

 cart.    s(26) = (  1.0000000  0.0000000  0.0000000 )
                  (  0.0000000  1.0000000  0.0000000 )
                  (  0.0000000  0.0000000 -1.0000000 )


      isym = 27     inv. 180 deg rotation - cart. axis [0,1,0]   

 cryst.   s(27) = (     1          0          0      )
                  (     0         -1          0      )
                  (     0          0          1      )

 cart.    s(27) = (  1.0000000  0.0000000  0.0000000 )
                  (  0.0000000 -1.0000000  0.0000000 )
                  (  0.0000000  0.0000000  1.0000000 )


      isym = 28     inv. 180 deg rotation - cart. axis [1,0,0]   

 cryst.   s(28) = (    -1          0          0      )
                  (     0          1          0      )
                  (     0          0          1      )

 cart.    s(28) = ( -1.0000000  0.0000000  0.0000000 )
                  (  0.0000000  1.0000000  0.0000000 )
                  (  0.0000000  0.0000000  1.0000000 )


      isym = 29     inv. 180 deg rotation - cart. axis [1,1,0]   

 cryst.   s(29) = (     0         -1          0      )
                  (    -1          0          0      )
                  (     0          0          1      )

 cart.    s(29) = (  0.0000000 -1.0000000  0.0000000 )
                  ( -1.0000000  0.0000000  0.0000000 )
                  (  0.0000000  0.0000000  1.0000000 )


      isym = 30     inv. 180 deg rotation - cart. axis [1,-1,0]  

 cryst.   s(30) = (     0          1          0      )
                  (     1          0          0      )
                  (     0          0          1      )

 cart.    s(30) = (  0.0000000  1.0000000  0.0000000 )
                  (  1.0000000  0.0000000  0.0000000 )
                  (  0.0000000  0.0000000  1.0000000 )


      isym = 31     inv. 90 deg rotation - cart. axis [0,0,-1]   

 cryst.   s(31) = (     0          1          0      )
                  (    -1          0          0      )
                  (     0          0         -1      )

 cart.    s(31) = (  0.0000000 -1.0000000  0.0000000 )
                  (  1.0000000  0.0000000  0.0000000 )
                  (  0.0000000  0.0000000 -1.0000000 )


      isym = 32     inv. 90 deg rotation - cart. axis [0,0,1]    

 cryst.   s(32) = (     0         -1          0      )
                  (     1          0          0      )
                  (     0          0         -1      )

 cart.    s(32) = (  0.0000000  1.0000000  0.0000000 )
                  ( -1.0000000  0.0000000  0.0000000 )
                  (  0.0000000  0.0000000 -1.0000000 )


      isym = 33     inv. 180 deg rotation - cart. axis [1,0,1]   

 cryst.   s(33) = (     0          0         -1      )
                  (     0          1          0      )
                  (    -1          0          0      )

 cart.    s(33) = (  0.0000000  0.0000000 -1.0000000 )
                  (  0.0000000  1.0000000  0.0000000 )
                  ( -1.0000000  0.0000000  0.0000000 )


      isym = 34     inv. 180 deg rotation - cart. axis [-1,0,1]  

 cryst.   s(34) = (     0          0          1      )
                  (     0          1          0      )
                  (     1          0          0      )

 cart.    s(34) = (  0.0000000  0.0000000  1.0000000 )
                  (  0.0000000  1.0000000  0.0000000 )
                  (  1.0000000  0.0000000  0.0000000 )


      isym = 35     inv. 90 deg rotation - cart. axis [0,1,0]    

 cryst.   s(35) = (     0          0          1      )
                  (     0         -1          0      )
                  (    -1          0          0      )

 cart.    s(35) = (  0.0000000  0.0000000 -1.0000000 )
                  (  0.0000000 -1.0000000  0.0000000 )
                  (  1.0000000  0.0000000  0.0000000 )


      isym = 36     inv. 90 deg rotation - cart. axis [0,-1,0]   

 cryst.   s(36) = (     0          0         -1      )
                  (     0         -1          0      )
                  (     1          0          0      )

 cart.    s(36) = (  0.0000000  0.0000000  1.0000000 )
                  (  0.0000000 -1.0000000  0.0000000 )
                  ( -1.0000000  0.0000000  0.0000000 )


      isym = 37     inv. 180 deg rotation - cart. axis [0,1,1]   

 cryst.   s(37) = (     1          0          0      )
                  (     0          0         -1      )
                  (     0         -1          0      )

 cart.    s(37) = (  1.0000000  0.0000000  0.0000000 )
                  (  0.0000000  0.0000000 -1.0000000 )
                  (  0.0000000 -1.0000000  0.0000000 )


      isym = 38     inv. 180 deg rotation - cart. axis [0,1,-1]  

 cryst.   s(38) = (     1          0          0      )
                  (     0          0          1      )
                  (     0          1          0      )

 cart.    s(38) = (  1.0000000  0.0000000  0.0000000 )
                  (  0.0000000  0.0000000  1.0000000 )
                  (  0.0000000  1.0000000  0.0000000 )


      isym = 39     inv. 90 deg rotation - cart. axis [-1,0,0]   

 cryst.   s(39) = (    -1          0          0      )
                  (     0          0          1      )
                  (     0         -1          0      )

 cart.    s(39) = ( -1.0000000  0.0000000  0.0000000 )
                  (  0.0000000  0.0000000 -1.0000000 )
                  (  0.0000000  1.0000000  0.0000000 )


      isym = 40     inv. 90 deg rotation - cart. axis [1,0,0]    

 cryst.   s(40) = (    -1          0          0      )
                  (     0          0         -1      )
                  (     0          1          0      )

 cart.    s(40) = ( -1.0000000  0.0000000  0.0000000 )
                  (  0.0000000  0.0000000  1.0000000 )
                  (  0.0000000 -1.0000000  0.0000000 )


      isym = 41     inv. 120 deg rotation - cart. axis [-1,-1,-1]

 cryst.   s(41) = (     0          0         -1      )
                  (    -1          0          0      )
                  (     0         -1          0      )

 cart.    s(41) = (  0.0000000 -1.0000000  0.0000000 )
                  (  0.0000000  0.0000000 -1.0000000 )
                  ( -1.0000000  0.0000000  0.0000000 )


      isym = 42     inv. 120 deg rotation - cart. axis [-1,1,1]  

 cryst.   s(42) = (     0          0          1      )
                  (     1          0          0      )
                  (     0         -1          0      )

 cart.    s(42) = (  0.0000000  1.0000000  0.0000000 )
                  (  0.0000000  0.0000000 -1.0000000 )
                  (  1.0000000  0.0000000  0.0000000 )


      isym = 43     inv. 120 deg rotation - cart. axis [1,1,-1]  

 cryst.   s(43) = (     0          0          1      )
                  (    -1          0          0      )
                  (     0          1          0      )

 cart.    s(43) = (  0.0000000 -1.0000000  0.0000000 )
                  (  0.0000000  0.0000000  1.0000000 )
                  (  1.0000000  0.0000000  0.0000000 )


      isym = 44     inv. 120 deg rotation - cart. axis [1,-1,1]  

 cryst.   s(44) = (     0          0         -1      )
                  (     1          0          0      )
                  (     0          1          0      )

 cart.    s(44) = (  0.0000000  1.0000000  0.0000000 )
                  (  0.0000000  0.0000000  1.0000000 )
                  ( -1.0000000  0.0000000  0.0000000 )


      isym = 45     inv. 120 deg rotation - cart. axis [1,1,1]   

 cryst.   s(45) = (     0         -1          0      )
                  (     0          0         -1      )
                  (    -1          0          0      )

 cart.    s(45) = (  0.0000000  0.0000000 -1.0000000 )
                  ( -1.0000000  0.0000000  0.0000000 )
                  (  0.0000000 -1.0000000  0.0000000 )


      isym = 46     inv. 120 deg rotation - cart. axis [-1,1,-1] 

 cryst.   s(46) = (     0          1          0      )
                  (     0          0          1      )
                  (    -1          0          0      )

 cart.    s(46) = (  0.0000000  0.0000000 -1.0000000 )
                  (  1.0000000  0.0000000  0.0000000 )
                  (  0.0000000  1.0000000  0.0000000 )


      isym = 47     inv. 120 deg rotation - cart. axis [1,-1,-1] 

 cryst.   s(47) = (     0          1          0      )
                  (     0          0         -1      )
                  (     1          0          0      )

 cart.    s(47) = (  0.0000000  0.0000000  1.0000000 )
                  (  1.0000000  0.0000000  0.0000000 )
                  (  0.0000000 -1.0000000  0.0000000 )


      isym = 48     inv. 120 deg rotation - cart. axis [-1,-1,1] 

 cryst.   s(48) = (     0         -1          0      )
                  (     0          0          1      )
                  (     1          0          0      )

 cart.    s(48) = (  0.0000000  0.0000000  1.0000000 )
                  ( -1.0000000  0.0000000  0.0000000 )
                  (  0.0000000  1.0000000  0.0000000 )


     This transformation sends q -> -q+G

      isym = 49     identity                                     

 cryst.   s(49) = (     1          0          0      )
                  (     0          1          0      )
                  (     0          0          1      )

 cart.    s(49) = (  1.0000000  0.0000000  0.0000000 )
                  (  0.0000000  1.0000000  0.0000000 )
                  (  0.0000000  0.0000000  1.0000000 )


     G cutoff =  673.3851  (  72935 G-vectors)     FFT grid: ( 54, 54, 54)
     G cutoff =  336.6926  (  25725 G-vectors)  smooth grid: ( 40, 40, 40)
     number of k points=    35
                       cart. coord. in units 2pi/alat
        k(    1) = (   0.0000000   0.0000000   0.0000000), wk =   0.0039062
        k(    2) = (   0.0000000   0.0000000   0.1250000), wk =   0.0234375
        k(    3) = (   0.0000000   0.0000000   0.2500000), wk =   0.0234375
        k(    4) = (   0.0000000   0.0000000   0.3750000), wk =   0.0234375
        k(    5) = (   0.0000000   0.0000000  -0.5000000), wk =   0.0117188
        k(    6) = (   0.0000000   0.1250000   0.1250000), wk =   0.0468750
        k(    7) = (   0.0000000   0.1250000   0.2500000), wk =   0.0937500
        k(    8) = (   0.0000000   0.1250000   0.3750000), wk =   0.0937500
        k(    9) = (   0.0000000   0.1250000  -0.5000000), wk =   0.0468750
        k(   10) = (   0.0000000   0.2500000   0.2500000), wk =   0.0468750
        k(   11) = (   0.0000000   0.2500000   0.3750000), wk =   0.0937500
        k(   12) = (   0.0000000   0.2500000  -0.5000000), wk =   0.0468750
        k(   13) = (   0.0000000   0.3750000   0.3750000), wk =   0.0468750
        k(   14) = (   0.0000000   0.3750000  -0.5000000), wk =   0.0468750
        k(   15) = (   0.0000000  -0.5000000  -0.5000000), wk =   0.0117188
        k(   16) = (   0.1250000   0.1250000   0.1250000), wk =   0.0312500
        k(   17) = (   0.1250000   0.1250000   0.2500000), wk =   0.0937500
        k(   18) = (   0.1250000   0.1250000   0.3750000), wk =   0.0937500
        k(   19) = (   0.1250000   0.1250000  -0.5000000), wk =   0.0468750
        k(   20) = (   0.1250000   0.2500000   0.2500000), wk =   0.0937500
        k(   21) = (   0.1250000   0.2500000   0.3750000), wk =   0.1875000
        k(   22) = (   0.1250000   0.2500000  -0.5000000), wk =   0.0937500
        k(   23) = (   0.1250000   0.3750000   0.3750000), wk =   0.0937500
        k(   24) = (   0.1250000   0.3750000  -0.5000000), wk =   0.0937500
        k(   25) = (   0.1250000  -0.5000000  -0.5000000), wk =   0.0234375
        k(   26) = (   0.2500000   0.2500000   0.2500000), wk =   0.0312500
        k(   27) = (   0.2500000   0.2500000   0.3750000), wk =   0.0937500
        k(   28) = (   0.2500000   0.2500000  -0.5000000), wk =   0.0468750
        k(   29) = (   0.2500000   0.3750000   0.3750000), wk =   0.0937500
        k(   30) = (   0.2500000   0.3750000  -0.5000000), wk =   0.0937500
        k(   31) = (   0.2500000  -0.5000000  -0.5000000), wk =   0.0234375
        k(   32) = (   0.3750000   0.3750000   0.3750000), wk =   0.0312500
        k(   33) = (   0.3750000   0.3750000  -0.5000000), wk =   0.0468750
        k(   34) = (   0.3750000  -0.5000000  -0.5000000), wk =   0.0234375
        k(   35) = (  -0.5000000  -0.5000000  -0.5000000), wk =   0.0039062

                       cryst. coord.
        k(    1) = (   0.0000000   0.0000000   0.0000000), wk =   0.0039062
        k(    2) = (   0.0000000   0.0000000   0.1250000), wk =   0.0234375
        k(    3) = (   0.0000000   0.0000000   0.2500000), wk =   0.0234375
        k(    4) = (   0.0000000   0.0000000   0.3750000), wk =   0.0234375
        k(    5) = (   0.0000000   0.0000000  -0.5000000), wk =   0.0117188
        k(    6) = (   0.0000000   0.1250000   0.1250000), wk =   0.0468750
        k(    7) = (   0.0000000   0.1250000   0.2500000), wk =   0.0937500
        k(    8) = (   0.0000000   0.1250000   0.3750000), wk =   0.0937500
        k(    9) = (   0.0000000   0.1250000  -0.5000000), wk =   0.0468750
        k(   10) = (   0.0000000   0.2500000   0.2500000), wk =   0.0468750
        k(   11) = (   0.0000000   0.2500000   0.3750000), wk =   0.0937500
        k(   12) = (   0.0000000   0.2500000  -0.5000000), wk =   0.0468750
        k(   13) = (   0.0000000   0.3750000   0.3750000), wk =   0.0468750
        k(   14) = (   0.0000000   0.3750000  -0.5000000), wk =   0.0468750
        k(   15) = (   0.0000000  -0.5000000  -0.5000000), wk =   0.0117188
        k(   16) = (   0.1250000   0.1250000   0.1250000), wk =   0.0312500
        k(   17) = (   0.1250000   0.1250000   0.2500000), wk =   0.0937500
        k(   18) = (   0.1250000   0.1250000   0.3750000), wk =   0.0937500
        k(   19) = (   0.1250000   0.1250000  -0.5000000), wk =   0.0468750
        k(   20) = (   0.1250000   0.2500000   0.2500000), wk =   0.0937500
        k(   21) = (   0.1250000   0.2500000   0.3750000), wk =   0.1875000
        k(   22) = (   0.1250000   0.2500000  -0.5000000), wk =   0.0937500
        k(   23) = (   0.1250000   0.3750000   0.3750000), wk =   0.0937500
        k(   24) = (   0.1250000   0.3750000  -0.5000000), wk =   0.0937500
        k(   25) = (   0.1250000  -0.5000000  -0.5000000), wk =   0.0234375
        k(   26) = (   0.2500000   0.2500000   0.2500000), wk =   0.0312500
        k(   27) = (   0.2500000   0.2500000   0.3750000), wk =   0.0937500
        k(   28) = (   0.2500000   0.2500000  -0.5000000), wk =   0.0468750
        k(   29) = (   0.2500000   0.3750000   0.3750000), wk =   0.0937500
        k(   30) = (   0.2500000   0.3750000  -0.5000000), wk =   0.0937500
        k(   31) = (   0.2500000  -0.5000000  -0.5000000), wk =   0.0234375
        k(   32) = (   0.3750000   0.3750000   0.3750000), wk =   0.0312500
        k(   33) = (   0.3750000   0.3750000  -0.5000000), wk =   0.0468750
        k(   34) = (   0.3750000  -0.5000000  -0.5000000), wk =   0.0234375
        k(   35) = (  -0.5000000  -0.5000000  -0.5000000), wk =   0.0039062

     PseudoPot. # 1 for Sr read from file:
     ./pseudo/Sr.pbe-spn-kjpaw_psl.1.0.0.UPF
     MD5 check sum: 304ac60131d69ebf2380f6d2a1d0bd9f
     Pseudo is Projector augmented-wave + core cor, Zval = 10.0
     Generated using &quot;atomic&quot; code by A. Dal Corso  v.6.2.2
     Shape of augmentation charge: PSQ
     Using radial grid of 1221 points,  6 beta functions with: 
                l(1) =   0
                l(2) =   0
                l(3) =   1
                l(4) =   1
                l(5) =   2
                l(6) =   2
     Q(r) pseudized with 0 coefficients 


     PseudoPot. # 2 for Ti read from file:
     ./pseudo/Ti.pbe-spn-kjpaw_psl.1.0.0.UPF
     MD5 check sum: 7ea84e4330344cbc938d542ff58a5c10
     Pseudo is Projector augmented-wave + core cor, Zval = 12.0
     Generated using &quot;atomic&quot; code by A. Dal Corso  v.6.2.2
     Shape of augmentation charge: PSQ
     Using radial grid of 1177 points,  6 beta functions with: 
                l(1) =   0
                l(2) =   0
                l(3) =   1
                l(4) =   1
                l(5) =   2
                l(6) =   2
     Q(r) pseudized with 0 coefficients 


     PseudoPot. # 3 for O  read from file:
     ./pseudo/O.pbe-n-kjpaw_psl.1.0.0.UPF
     MD5 check sum: 62c11a45e085f03adfe5482d7843b034
     Pseudo is Projector augmented-wave + core cor, Zval =  6.0
     Generated using &quot;atomic&quot; code by A. Dal Corso  v.6.3
     Shape of augmentation charge: PSQ
     Using radial grid of 1095 points,  4 beta functions with: 
                l(1) =   0
                l(2) =   0
                l(3) =   1
                l(4) =   1
     Q(r) pseudized with 0 coefficients 


     point group O_h (m-3m) 
     there are 10 classes
     the character table:

       E     8C3   3C2   6C4   6C2'  i     8S6   3s_h  6S4   6s_d 
A_1g   1.00  1.00  1.00  1.00  1.00  1.00  1.00  1.00  1.00  1.00
A_2g   1.00  1.00  1.00 -1.00 -1.00  1.00  1.00  1.00 -1.00 -1.00
E_g    2.00 -1.00  2.00  0.00  0.00  2.00 -1.00  2.00  0.00  0.00
T_1g   3.00  0.00 -1.00  1.00 -1.00  3.00  0.00 -1.00  1.00 -1.00
T_2g   3.00  0.00 -1.00 -1.00  1.00  3.00  0.00 -1.00 -1.00  1.00
A_1u   1.00  1.00  1.00  1.00  1.00 -1.00 -1.00 -1.00 -1.00 -1.00
A_2u   1.00  1.00  1.00 -1.00 -1.00 -1.00 -1.00 -1.00  1.00  1.00
E_u    2.00 -1.00  2.00  0.00  0.00 -2.00  1.00 -2.00  0.00  0.00
T_1u   3.00  0.00 -1.00  1.00 -1.00 -3.00  0.00  1.00 -1.00  1.00
T_2u   3.00  0.00 -1.00 -1.00  1.00 -3.00  0.00  1.00  1.00 -1.00

     the symmetry operations in each class and the name of the first element:

     E        1
                                                                 
     8C3     17   19   20   18   24   21   22   23
                                                                 
     3C2      2    4    3
                                                                 
     6C4      7    8   15   16   12   11
                                                                 
     6C2'     5    6   14   13   10    9
                                                                 
     i       25
                                                                 
     8S6     41   43   44   42   48   45   46   47
                                                                 
     3s_h    26   28   27
                                                                 
     6S4     31   32   39   40   36   35
                                                                 
     6s_d    29   30   38   37   34   33
                                                                 


     Electric field:
     Dielectric constant
     Born effective charges as d Force / d E


     Atomic displacements:
     There are    5 irreducible representations

     Representation     1      3 modes -  To be done
     Irreps are as follows:

     mode #   1              mode #   2              mode #   3
     (  -0.00000   0.00000 ) (  -0.00000   0.00000 ) (   0.00000  -0.00000 ) 
     (  -0.00000   0.00000 ) (  -0.00000   0.00000 ) (   0.00000  -0.00000 ) 
     (  -0.00000   0.00000 ) (  -0.00000   0.00000 ) (   0.00000  -0.00000 ) 
     (  -0.00000   0.00000 ) (  -0.00000   0.00000 ) (   0.00000  -0.00000 ) 
     (  -0.00000   0.00000 ) (  -0.00000   0.00000 ) (   0.00000  -0.00000 ) 
     (  -0.00000   0.00000 ) (  -0.00000   0.00000 ) (   0.00000  -0.00000 ) 
     (   0.00000   0.00000 ) (  -0.07139  -0.00000 ) (  -0.06707  -0.00000 ) 
     (  -0.00000  -0.00000 ) (   0.06707   0.00000 ) (  -0.07139  -0.00000 ) 
     (  -0.99036  -0.00000 ) (  -0.00000  -0.00000 ) (   0.00000   0.00000 ) 
     (   0.00000   0.00000 ) (  -0.07139  -0.00000 ) (  -0.06707  -0.00000 ) 
     (  -0.00000  -0.00000 ) (   0.67810   0.00000 ) (  -0.72179  -0.00000 ) 
     (  -0.09796  -0.00000 ) (  -0.00000  -0.00000 ) (  -0.00000  -0.00000 ) 
     (   0.00000   0.00000 ) (  -0.72179  -0.00000 ) (  -0.67810  -0.00000 ) 
     (   0.00000   0.00000 ) (   0.06707   0.00000 ) (  -0.07139  -0.00000 ) 
     (  -0.09796  -0.00000 ) (  -0.00000  -0.00000 ) (  -0.00000  -0.00000 ) 

     Representation     2      3 modes -  To be done
     Irreps are as follows:

     mode #   4              mode #   5              mode #   6
     (  -0.00000   0.00000 ) (  -0.00000   0.00000 ) (  -0.00000   0.00000 ) 
     (  -0.00000   0.00000 ) (  -0.00000   0.00000 ) (  -0.00000   0.00000 ) 
     (  -0.00000   0.00000 ) (  -0.00000   0.00000 ) (  -0.00000   0.00000 ) 
     (  -1.00000  -0.00000 ) (  -0.00000   0.00000 ) (  -0.00000   0.00000 ) 
     (  -0.00000  -0.00000 ) (  -1.00000  -0.00000 ) (  -0.00000   0.00000 ) 
     (  -0.00000  -0.00000 ) (  -0.00000  -0.00000 ) (  -1.00000  -0.00000 ) 
     (  -0.00000  -0.00000 ) (  -0.00000  -0.00000 ) (  -0.00000  -0.00000 ) 
     (  -0.00000  -0.00000 ) (  -0.00000  -0.00000 ) (  -0.00000  -0.00000 ) 
     (  -0.00000  -0.00000 ) (  -0.00000  -0.00000 ) (  -0.00000  -0.00000 ) 
     (  -0.00000  -0.00000 ) (  -0.00000  -0.00000 ) (  -0.00000  -0.00000 ) 
     (  -0.00000  -0.00000 ) (  -0.00000  -0.00000 ) (  -0.00000  -0.00000 ) 
     (  -0.00000  -0.00000 ) (  -0.00000  -0.00000 ) (  -0.00000  -0.00000 ) 
     (  -0.00000  -0.00000 ) (  -0.00000  -0.00000 ) (  -0.00000  -0.00000 ) 
     (  -0.00000  -0.00000 ) (  -0.00000  -0.00000 ) (  -0.00000  -0.00000 ) 
     (  -0.00000  -0.00000 ) (  -0.00000  -0.00000 ) (  -0.00000  -0.00000 ) 

     Representation     3      3 modes -  To be done
     Irreps are as follows:

     mode #   7              mode #   8              mode #   9
     (  -1.00000  -0.00000 ) (  -0.00000   0.00000 ) (  -0.00000   0.00000 ) 
     (  -0.00000  -0.00000 ) (  -0.00000   0.00000 ) (  -1.00000  -0.00000 ) 
     (  -0.00000  -0.00000 ) (  -1.00000  -0.00000 ) (  -0.00000  -0.00000 ) 
     (  -0.00000  -0.00000 ) (  -0.00000  -0.00000 ) (  -0.00000  -0.00000 ) 
     (  -0.00000  -0.00000 ) (  -0.00000  -0.00000 ) (  -0.00000  -0.00000 ) 
     (  -0.00000  -0.00000 ) (  -0.00000  -0.00000 ) (  -0.00000  -0.00000 ) 
     (  -0.00000  -0.00000 ) (  -0.00000  -0.00000 ) (  -0.00000  -0.00000 ) 
     (  -0.00000  -0.00000 ) (  -0.00000  -0.00000 ) (  -0.00000  -0.00000 ) 
     (  -0.00000  -0.00000 ) (  -0.00000  -0.00000 ) (  -0.00000  -0.00000 ) 
     (  -0.00000  -0.00000 ) (  -0.00000  -0.00000 ) (  -0.00000  -0.00000 ) 
     (  -0.00000  -0.00000 ) (  -0.00000  -0.00000 ) (  -0.00000  -0.00000 ) 
     (  -0.00000  -0.00000 ) (  -0.00000  -0.00000 ) (  -0.00000  -0.00000 ) 
     (  -0.00000  -0.00000 ) (  -0.00000  -0.00000 ) (  -0.00000  -0.00000 ) 
     (  -0.00000  -0.00000 ) (  -0.00000  -0.00000 ) (  -0.00000  -0.00000 ) 
     (  -0.00000  -0.00000 ) (  -0.00000  -0.00000 ) (  -0.00000  -0.00000 ) 

     Representation     4      3 modes -  To be done
     Irreps are as follows:

     mode #  10              mode #  11              mode #  12
     (  -0.00000  -0.00000 ) (  -0.00000   0.00000 ) (  -0.00000  -0.00000 ) 
     (  -0.00000  -0.00000 ) (  -0.00000   0.00000 ) (  -0.00000  -0.00000 ) 
     (  -0.00000  -0.00000 ) (  -0.00000   0.00000 ) (  -0.00000  -0.00000 ) 
     (  -0.00000  -0.00000 ) (  -0.00000   0.00000 ) (  -0.00000  -0.00000 ) 
     (  -0.00000  -0.00000 ) (  -0.00000   0.00000 ) (  -0.00000  -0.00000 ) 
     (  -0.00000  -0.00000 ) (  -0.00000   0.00000 ) (  -0.00000  -0.00000 ) 
     (  -0.12746  -0.00000 ) (  -0.68820  -0.00000 ) (  -0.02326  -0.00000 ) 
     (   0.04159  -0.00000 ) (   0.01592   0.00000 ) (  -0.69887  -0.00000 ) 
     (  -0.13597  -0.00000 ) (   0.02544   0.00000 ) (  -0.00751  -0.00000 ) 
     (  -0.12746  -0.00000 ) (  -0.68820  -0.00000 ) (  -0.02326  -0.00000 ) 
     (  -0.00823  -0.00000 ) (  -0.00315  -0.00000 ) (   0.13825  -0.00000 ) 
     (   0.68733  -0.00000 ) (  -0.12858  -0.00000 ) (   0.03798  -0.00000 ) 
     (   0.02521  -0.00000 ) (   0.13614   0.00000 ) (   0.00460  -0.00000 ) 
     (   0.04159  -0.00000 ) (   0.01592   0.00000 ) (  -0.69887  -0.00000 ) 
     (   0.68733  -0.00000 ) (  -0.12858  -0.00000 ) (   0.03798  -0.00000 ) 

     Representation     5      3 modes -  To be done
     Irreps are as follows:

     mode #  13              mode #  14              mode #  15
     (  -0.00000   0.00000 ) (  -0.00000  -0.00000 ) (  -0.00000   0.00000 ) 
     (  -0.00000   0.00000 ) (  -0.00000  -0.00000 ) (  -0.00000   0.00000 ) 
     (  -0.00000   0.00000 ) (  -0.00000  -0.00000 ) (  -0.00000   0.00000 ) 
     (  -0.00000   0.00000 ) (  -0.00000  -0.00000 ) (  -0.00000   0.00000 ) 
     (  -0.00000   0.00000 ) (  -0.00000  -0.00000 ) (  -0.00000   0.00000 ) 
     (  -0.00000   0.00000 ) (  -0.00000  -0.00000 ) (  -0.00000   0.00000 ) 
     (  -0.01178  -0.00000 ) (  -0.70700  -0.00000 ) (  -0.00257  -0.00000 ) 
     (  -0.67747  -0.00000 ) (   0.01203  -0.00000 ) (  -0.20223  -0.00000 ) 
     (   0.00000   0.00000 ) (  -0.00000  -0.00000 ) (  -0.00000  -0.00000 ) 
     (   0.01178   0.00000 ) (   0.70700  -0.00000 ) (   0.00257   0.00000 ) 
     (   0.00000   0.00000 ) (  -0.00000  -0.00000 ) (  -0.00000  -0.00000 ) 
     (   0.20224   0.00000 ) (  -0.00091  -0.00000 ) (  -0.67757  -0.00000 ) 
     (  -0.00000  -0.00000 ) (   0.00000  -0.00000 ) (  -0.00000  -0.00000 ) 
     (   0.67747   0.00000 ) (  -0.01203  -0.00000 ) (   0.20223   0.00000 ) 
     (  -0.20224  -0.00000 ) (   0.00091  -0.00000 ) (   0.67757   0.00000 ) 



     Alpha used in Ewald sum =   2.8000
     PHONON       :     44.30s CPU     44.63s WALL


     Electric Fields Calculation

      iter #   1 total cpu time :   438.0 secs   av.it.:  11.7
      thresh= 1.000E-02 alpha_mix =  0.700 |ddv_scf|^2 =  1.360E-08

      iter #   2 total cpu time :   611.5 secs   av.it.:  21.7
      thresh= 1.166E-05 alpha_mix =  0.700 |ddv_scf|^2 =  1.298E-09

      iter #   3 total cpu time :   777.1 secs   av.it.:  20.6
      thresh= 3.602E-06 alpha_mix =  0.700 |ddv_scf|^2 =  1.535E-10

      iter #   4 total cpu time :   944.2 secs   av.it.:  20.8
      thresh= 1.239E-06 alpha_mix =  0.700 |ddv_scf|^2 =  4.470E-12

      iter #   5 total cpu time :  1112.8 secs   av.it.:  20.9
      thresh= 2.114E-07 alpha_mix =  0.700 |ddv_scf|^2 =  3.824E-13

      iter #   6 total cpu time :  1282.1 secs   av.it.:  21.0
      thresh= 6.184E-08 alpha_mix =  0.700 |ddv_scf|^2 =  8.991E-15

     End of electric fields calculation

          Dielectric constant in cartesian axis 

          (       6.303988360       0.000000000       0.000000000 )
          (       0.000000000       6.303988360       0.000000000 )
          (       0.000000000       0.000000000       6.303988360 )

          Effective charges (d Force / dE) in cartesian axis

           atom      1   Sr 
      Ex  (        2.54755        0.00000        0.00000 )
      Ey  (        0.00000        2.54755        0.00000 )
      Ez  (        0.00000        0.00000        2.54755 )
           atom      2   Ti 
      Ex  (        7.35763        0.00000        0.00000 )
      Ey  (        0.00000        7.35763        0.00000 )
      Ez  (        0.00000        0.00000        7.35763 )
           atom      3   O  
      Ex  (       -2.06476        0.00000        0.00000 )
      Ey  (        0.00000       -2.06476        0.00000 )
      Ez  (        0.00000        0.00000       -5.89700 )
           atom      4   O  
      Ex  (       -2.06476        0.00000        0.00000 )
      Ey  (        0.00000       -5.89700        0.00000 )
      Ez  (        0.00000        0.00000       -2.06476 )
           atom      5   O  
      Ex  (       -5.89700        0.00000        0.00000 )
      Ey  (        0.00000       -2.06476        0.00000 )
      Ez  (        0.00000        0.00000       -2.06476 )


     Representation #   1 modes #   1   2   3

     Self-consistent Calculation

      iter #   1 total cpu time :  1560.2 secs   av.it.:  11.3
      thresh= 1.000E-02 alpha_mix =  0.700 |ddv_scf|^2 =  2.494E-07

      iter #   2 total cpu time :  1734.9 secs   av.it.:  21.8
      thresh= 4.994E-05 alpha_mix =  0.700 |ddv_scf|^2 =  4.045E-08

      iter #   3 total cpu time :  1906.3 secs   av.it.:  21.3
      thresh= 2.011E-05 alpha_mix =  0.700 |ddv_scf|^2 =  3.364E-10

      iter #   4 total cpu time :  2078.8 secs   av.it.:  21.5
      thresh= 1.834E-06 alpha_mix =  0.700 |ddv_scf|^2 =  3.924E-12

      iter #   5 total cpu time :  2252.9 secs   av.it.:  21.7
      thresh= 1.981E-07 alpha_mix =  0.700 |ddv_scf|^2 =  2.841E-13

      iter #   6 total cpu time :  2426.7 secs   av.it.:  21.6
      thresh= 5.330E-08 alpha_mix =  0.700 |ddv_scf|^2 =  5.069E-15

     End of self-consistent calculation

     Convergence has been achieved 


     Representation #   2 modes #   4   5   6

     Self-consistent Calculation

      iter #   1 total cpu time :  2536.5 secs   av.it.:  12.0
      thresh= 1.000E-02 alpha_mix =  0.700 |ddv_scf|^2 =  9.922E-07

      iter #   2 total cpu time :  2706.9 secs   av.it.:  21.2
      thresh= 9.961E-05 alpha_mix =  0.700 |ddv_scf|^2 =  2.479E-07

      iter #   3 total cpu time :  2873.8 secs   av.it.:  20.7
      thresh= 4.979E-05 alpha_mix =  0.700 |ddv_scf|^2 =  3.656E-10

      iter #   4 total cpu time :  3049.2 secs   av.it.:  21.8
      thresh= 1.912E-06 alpha_mix =  0.700 |ddv_scf|^2 =  2.808E-11

      iter #   5 total cpu time :  3220.6 secs   av.it.:  21.2
      thresh= 5.299E-07 alpha_mix =  0.700 |ddv_scf|^2 =  2.981E-13

      iter #   6 total cpu time :  3391.2 secs   av.it.:  21.1
      thresh= 5.460E-08 alpha_mix =  0.700 |ddv_scf|^2 =  1.619E-14

      iter #   7 total cpu time :  3561.3 secs   av.it.:  21.0
      thresh= 1.273E-08 alpha_mix =  0.700 |ddv_scf|^2 =  6.303E-16

     End of self-consistent calculation

     Convergence has been achieved 


     Representation #   3 modes #   7   8   9

     Self-consistent Calculation

      iter #   1 total cpu time :  3652.5 secs   av.it.:   9.4
      thresh= 1.000E-02 alpha_mix =  0.700 |ddv_scf|^2 =  2.554E-07

      iter #   2 total cpu time :  3818.2 secs   av.it.:  20.4
      thresh= 5.054E-05 alpha_mix =  0.700 |ddv_scf|^2 =  4.214E-08

      iter #   3 total cpu time :  3984.7 secs   av.it.:  20.6
      thresh= 2.053E-05 alpha_mix =  0.700 |ddv_scf|^2 =  3.624E-10

      iter #   4 total cpu time :  4154.9 secs   av.it.:  21.0
      thresh= 1.904E-06 alpha_mix =  0.700 |ddv_scf|^2 =  2.725E-11

      iter #   5 total cpu time :  4323.0 secs   av.it.:  20.8
      thresh= 5.220E-07 alpha_mix =  0.700 |ddv_scf|^2 =  1.025E-12

      iter #   6 total cpu time :  4484.8 secs   av.it.:  20.0
      thresh= 1.012E-07 alpha_mix =  0.700 |ddv_scf|^2 =  3.163E-15

     End of self-consistent calculation

     Convergence has been achieved 


     Representation #   4 modes #  10  11  12

     Self-consistent Calculation

      iter #   1 total cpu time :  4596.7 secs   av.it.:  12.2
      thresh= 1.000E-02 alpha_mix =  0.700 |ddv_scf|^2 =  4.266E-07

      iter #   2 total cpu time :  4776.0 secs   av.it.:  22.4
      thresh= 6.532E-05 alpha_mix =  0.700 |ddv_scf|^2 =  7.105E-08

      iter #   3 total cpu time :  4950.6 secs   av.it.:  21.7
      thresh= 2.666E-05 alpha_mix =  0.700 |ddv_scf|^2 =  3.216E-10

      iter #   4 total cpu time :  5129.1 secs   av.it.:  22.3
      thresh= 1.793E-06 alpha_mix =  0.700 |ddv_scf|^2 =  4.485E-12

      iter #   5 total cpu time :  5305.9 secs   av.it.:  22.1
      thresh= 2.118E-07 alpha_mix =  0.700 |ddv_scf|^2 =  2.077E-13

      iter #   6 total cpu time :  5483.6 secs   av.it.:  22.2
      thresh= 4.558E-08 alpha_mix =  0.700 |ddv_scf|^2 =  6.565E-15

     End of self-consistent calculation

     Convergence has been achieved 


     Representation #   5 modes #  13  14  15

     Self-consistent Calculation

      iter #   1 total cpu time :  5588.8 secs   av.it.:  11.3
      thresh= 1.000E-02 alpha_mix =  0.700 |ddv_scf|^2 =  1.300E-07

      iter #   2 total cpu time :  5762.9 secs   av.it.:  21.7
      thresh= 3.606E-05 alpha_mix =  0.700 |ddv_scf|^2 =  6.230E-10

      iter #   3 total cpu time :  5937.7 secs   av.it.:  21.8
      thresh= 2.496E-06 alpha_mix =  0.700 |ddv_scf|^2 =  7.410E-12

      iter #   4 total cpu time :  6105.1 secs   av.it.:  20.7
      thresh= 2.722E-07 alpha_mix =  0.700 |ddv_scf|^2 =  2.159E-14

      iter #   5 total cpu time :  6278.7 secs   av.it.:  21.6
      thresh= 1.469E-08 alpha_mix =  0.700 |ddv_scf|^2 =  2.025E-16

     End of self-consistent calculation

     Convergence has been achieved 

     Number of q in the star =    1
     List of q in the star:
          1   0.000000000   0.000000000   0.000000000

          Dielectric constant in cartesian axis 

          (       6.303988360       0.000000000       0.000000000 )
          (       0.000000000       6.303988360       0.000000000 )
          (       0.000000000       0.000000000       6.303988360 )

          Effective charges (d Force / dE) in cartesian axis

           atom      1   Sr 
      Ex  (        2.54755        0.00000        0.00000 )
      Ey  (        0.00000        2.54755        0.00000 )
      Ez  (        0.00000        0.00000        2.54755 )
           atom      2   Ti 
      Ex  (        7.35763        0.00000        0.00000 )
      Ey  (        0.00000        7.35763        0.00000 )
      Ez  (        0.00000        0.00000        7.35763 )
           atom      3   O  
      Ex  (       -2.06476        0.00000        0.00000 )
      Ey  (        0.00000       -2.06476        0.00000 )
      Ez  (        0.00000        0.00000       -5.89700 )
           atom      4   O  
      Ex  (       -2.06476        0.00000        0.00000 )
      Ey  (        0.00000       -5.89700        0.00000 )
      Ez  (        0.00000        0.00000       -2.06476 )
           atom      5   O  
      Ex  (       -5.89700        0.00000        0.00000 )
      Ey  (        0.00000       -2.06476        0.00000 )
      Ez  (        0.00000        0.00000       -2.06476 )

     Diagonalizing the dynamical matrix

     q = (    0.000000000   0.000000000   0.000000000 ) 

 **************************************************************************
     freq (    1) =      -4.071504 [THz] =    -135.810747 [cm-1]
     freq (    2) =      -4.071504 [THz] =    -135.810747 [cm-1]
     freq (    3) =      -4.071504 [THz] =    -135.810747 [cm-1]
     freq (    4) =      -0.235312 [THz] =      -7.849158 [cm-1]
     freq (    5) =      -0.235312 [THz] =      -7.849158 [cm-1]
     freq (    6) =      -0.235312 [THz] =      -7.849158 [cm-1]
     freq (    7) =       4.352480 [THz] =     145.183090 [cm-1]
     freq (    8) =       4.352480 [THz] =     145.183090 [cm-1]
     freq (    9) =       4.352480 [THz] =     145.183090 [cm-1]
     freq (   10) =       6.920978 [THz] =     230.858986 [cm-1]
     freq (   11) =       6.920978 [THz] =     230.858986 [cm-1]
     freq (   12) =       6.920978 [THz] =     230.858986 [cm-1]
     freq (   13) =      15.276259 [THz] =     509.561162 [cm-1]
     freq (   14) =      15.276259 [THz] =     509.561162 [cm-1]
     freq (   15) =      15.276259 [THz] =     509.561162 [cm-1]
 **************************************************************************

     Mode symmetry, O_h (m-3m)  point group:

     freq (   1-   3) =       -135.8  [cm-1]   --> T_1u G_15  G_4- I  
     freq (   4-   6) =         -7.8  [cm-1]   --> T_1u G_15  G_4- I  
     freq (   7-   9) =        145.2  [cm-1]   --> T_1u G_15  G_4- I  
     freq (  10-  12) =        230.9  [cm-1]   --> T_2u G_25  G_5-    
     freq (  13-  15) =        509.6  [cm-1]   --> T_1u G_15  G_4- I  

     PHONON       :      1h44m CPU      1h44m WALL

     INITIALIZATION: 
     phq_setup    :      0.17s CPU      0.20s WALL (       1 calls)
     phq_init     :     41.95s CPU     42.08s WALL (       1 calls)

     phq_init     :     41.95s CPU     42.08s WALL (       1 calls)
     set_drhoc    :      8.00s CPU      8.00s WALL (       3 calls)
     init_vloc    :      0.02s CPU      0.02s WALL (       1 calls)
     init_us_1    :      0.85s CPU      0.85s WALL (       1 calls)
     newd         :      0.22s CPU      0.33s WALL (       1 calls)
     dvanqq       :      7.54s CPU      7.55s WALL (       1 calls)
     drho         :     21.24s CPU     21.32s WALL (       1 calls)
     cmpt_qdipol  :      0.00s CPU      0.00s WALL (       1 calls)

     DIELECTRIC CONSTANT AND EFFECTIVE CHARGES:
     solve_e      :   1234.64s CPU   1237.43s WALL (       1 calls)
     dielec       :      0.03s CPU      0.08s WALL (       1 calls)
     zstar_eu     :    174.36s CPU    175.39s WALL (       1 calls)

     DYNAMICAL MATRIX:
     dynmat0      :      7.19s CPU      7.22s WALL (       1 calls)
     phqscf       :   4812.65s CPU   4824.43s WALL (       1 calls)
     dynmatrix    :      0.00s CPU      0.00s WALL (       1 calls)

     phqscf       :   4812.65s CPU   4824.43s WALL (       1 calls)
     solve_linter :   4798.09s CPU   4809.73s WALL (       5 calls)
     drhodv       :     14.56s CPU     14.66s WALL (       5 calls)

     dynmat0      :      7.19s CPU      7.22s WALL (       1 calls)
     dynmat_us    :      1.63s CPU      1.65s WALL (       1 calls)
     d2ionq       :      0.13s CPU      0.13s WALL (       1 calls)
     dynmatcc     :      5.43s CPU      5.44s WALL (       1 calls)

     dynmat_us    :      1.63s CPU      1.65s WALL (       1 calls)
     addusdynmat  :      0.00s CPU      0.00s WALL (       1 calls)

     phqscf       :   4812.65s CPU   4824.43s WALL (       1 calls)
     solve_linter :   4798.09s CPU   4809.73s WALL (       5 calls)

     solve_linter :   4798.09s CPU   4809.73s WALL (       5 calls)
     dvqpsi_us    :     46.39s CPU     46.58s WALL (    1050 calls)
     ortho        :     70.20s CPU     70.39s WALL (    3885 calls)
     cgsolve      :   5384.92s CPU   5394.34s WALL (    3885 calls)
     incdrhoscf   :    156.31s CPU    157.47s WALL (    3885 calls)
     addusddens   :     19.85s CPU     19.93s WALL (      35 calls)
     vpsifft      :     68.85s CPU     69.61s WALL (    2625 calls)
     dv_of_drho   :      5.19s CPU      5.20s WALL (     111 calls)
     mix_pot      :      0.51s CPU      1.21s WALL (      36 calls)
     psymdvscf    :     14.20s CPU     14.21s WALL (      30 calls)
     newdq        :     35.41s CPU     35.60s WALL (      36 calls)
     adddvscf     :     30.07s CPU     30.09s WALL (    3150 calls)
     drhodvus     :      0.07s CPU      0.09s WALL (       5 calls)

     dvqpsi_us    :     46.39s CPU     46.58s WALL (    1050 calls)
     dvqpsi_us_on :     16.30s CPU     16.30s WALL (    1050 calls)

     cgsolve      :   5384.92s CPU   5394.34s WALL (    3885 calls)
     ch_psi       :   5263.61s CPU   5272.34s WALL (  117134 calls)

     ch_psi       :   5263.61s CPU   5272.34s WALL (  117134 calls)
     h_psi        :   3205.59s CPU   3212.93s WALL (  117134 calls)
     last         :   1486.62s CPU   1487.54s WALL (  117134 calls)

     h_psi        :   3205.59s CPU   3212.93s WALL (  117134 calls)
     add_vuspsi   :    550.61s CPU    550.99s WALL (  117134 calls)

     incdrhoscf   :    156.31s CPU    157.47s WALL (    3885 calls)
     addusdbec    :     29.48s CPU     29.50s WALL (    4410 calls)

     drhodvus     :      0.07s CPU      0.09s WALL (       5 calls)

      General routines
     calbec       :   1204.57s CPU   1205.67s WALL (  257823 calls)
     fft          :      7.17s CPU      7.18s WALL (    2570 calls)
     ffts         :      2.19s CPU      2.20s WALL (    1375 calls)
     fftw         :   2081.46s CPU   2089.24s WALL ( 3551884 calls)
     davcio       :      3.02s CPU      5.17s WALL (   18553 calls)
     write_rec    :      0.02s CPU      0.30s WALL (      41 calls)


     PHONON       :      1h44m CPU      1h44m WALL


   This run was terminated on:  23:37:56   4Jul2026            

=------------------------------------------------------------------------------=
   JOB DONE.
=------------------------------------------------------------------------------=
