     diagonalizing the dynamical matrix ...

 q =       0.0000      0.0000      0.0000
 **************************************************************************
     freq (    1) =      -7.339613 [THz] =    -244.823144 [cm-1]
 ( -0.000000   0.000000    -0.003730   0.000000    -0.000117   0.000000   )
 ( -0.000000   0.000000    -0.460855   0.000000    -0.014424   0.000000   )
 (  0.000000   0.000000     0.327020   0.000000     0.023686   0.000000   )
 ( -0.000000   0.000000     0.756793   0.000000     0.010235   0.000000   )
 ( -0.000000   0.000000     0.327020   0.000000     0.010235   0.000000   )
     freq (    2) =      -7.339613 [THz] =    -244.823144 [cm-1]
 (  0.000000   0.000000    -0.000117   0.000000     0.003730   0.000000   )
 ( -0.000000   0.000000    -0.014424   0.000000     0.460855   0.000000   )
 (  0.000000   0.000000     0.010235   0.000000    -0.756793   0.000000   )
 (  0.000000   0.000000     0.023686   0.000000    -0.327020   0.000000   )
 (  0.000000   0.000000     0.010235   0.000000    -0.327020   0.000000   )
     freq (    3) =      -0.000000 [THz] =      -0.000005 [cm-1]
 ( -0.438707   0.000000    -0.086665   0.000000     0.005040   0.000000   )
 ( -0.438707   0.000000    -0.086665   0.000000     0.005040   0.000000   )
 ( -0.438707   0.000000    -0.086665   0.000000     0.005040   0.000000   )
 ( -0.438707   0.000000    -0.086665   0.000000     0.005040   0.000000   )
 ( -0.438707   0.000000    -0.086665   0.000000     0.005040   0.000000   )
     freq (    4) =      -0.000000 [THz] =      -0.000003 [cm-1]
 (  0.086663   0.000000    -0.438736   0.000000    -0.000711   0.000000   )
 (  0.086663   0.000000    -0.438736   0.000000    -0.000711   0.000000   )
 (  0.086663   0.000000    -0.438736   0.000000    -0.000711   0.000000   )
 (  0.086663   0.000000    -0.438736   0.000000    -0.000711   0.000000   )
 (  0.086663   0.000000    -0.438736   0.000000    -0.000711   0.000000   )
     freq (    5) =       0.000000 [THz] =       0.000008 [cm-1]
 (  0.005082   0.000000     0.000279   0.000000     0.447185   0.000000   )
 (  0.005082   0.000000     0.000279   0.000000     0.447185   0.000000   )
 (  0.005082   0.000000     0.000279   0.000000     0.447185   0.000000   )
 (  0.005082   0.000000     0.000279   0.000000     0.447185   0.000000   )
 (  0.005082   0.000000     0.000279   0.000000     0.447185   0.000000   )
     freq (    6) =       4.710638 [THz] =     157.129980 [cm-1]
 ( -0.359767   0.000000     0.000000   0.000000     0.000000   0.000000   )
 (  0.658177   0.000000    -0.000000   0.000000    -0.000000   0.000000   )
 (  0.430807   0.000000    -0.000000   0.000000    -0.000000   0.000000   )
 (  0.430807   0.000000    -0.000000   0.000000    -0.000000   0.000000   )
 (  0.257256   0.000000    -0.000000   0.000000    -0.000000   0.000000   )
     freq (    7) =       4.994762 [THz] =     166.607316 [cm-1]
 ( -0.000000   0.000000    -0.003024   0.000000    -0.329979   0.000000   )
 (  0.000000   0.000000     0.004358   0.000000     0.475543   0.000000   )
 (  0.000000   0.000000     0.004496   0.000000     0.428499   0.000000   )
 (  0.000000   0.000000     0.003927   0.000000     0.490550   0.000000   )
 (  0.000000   0.000000     0.004496   0.000000     0.490550   0.000000   )
     freq (    8) =       4.994762 [THz] =     166.607316 [cm-1]
 ( -0.000000   0.000000    -0.329979   0.000000     0.003024  -0.000000   )
 (  0.000000  -0.000000     0.475543  -0.000000    -0.004358   0.000000   )
 (  0.000000  -0.000000     0.490550  -0.000000    -0.003927   0.000000   )
 (  0.000000  -0.000000     0.428499  -0.000000    -0.004496   0.000000   )
 (  0.000000  -0.000000     0.490550  -0.000000    -0.004496   0.000000   )
     freq (    9) =       8.438008 [THz] =     281.461660 [cm-1]
 ( -0.000000   0.000000     0.000000   0.000000    -0.000000   0.000000   )
 (  0.000000   0.000000    -0.000000   0.000000    -0.000000   0.000000   )
 (  0.705040   0.000000     0.036605   0.000000    -0.000000   0.000000   )
 ( -0.705040   0.000000     0.000000   0.000000     0.039728   0.000000   )
 (  0.000000   0.000000    -0.036605   0.000000    -0.039728   0.000000   )
     freq (   10) =       8.438008 [THz] =     281.461660 [cm-1]
 ( -0.000000   0.000000     0.000000   0.000000    -0.000000   0.000000   )
 (  0.000000   0.000000     0.000000   0.000000     0.000000   0.000000   )
 ( -0.043553   0.000000     0.692816   0.000000     0.000000   0.000000   )
 (  0.043553   0.000000    -0.000000   0.000000     0.134570   0.000000   )
 ( -0.000000   0.000000    -0.692816   0.000000    -0.134570   0.000000   )
     freq (   11) =       8.438008 [THz] =     281.461660 [cm-1]
 ( -0.000000   0.000000    -0.000000   0.000000     0.000000  -0.000000   )
 (  0.000000  -0.000000     0.000000  -0.000000    -0.000000   0.000000   )
 ( -0.031959   0.000000    -0.136624   0.000000     0.000000  -0.000000   )
 (  0.031959  -0.000000     0.000000  -0.000000     0.693046  -0.000000   )
 (  0.000000  -0.000000     0.136624  -0.000000    -0.693046   0.000000   )
     freq (   12) =      13.352228 [THz] =     445.382385 [cm-1]
 (  0.008079   0.000000     0.000000   0.000000    -0.000000   0.000000   )
 (  0.207838   0.000000    -0.000000   0.000000     0.000000   0.000000   )
 ( -0.594968   0.000000     0.000000   0.000000     0.000000   0.000000   )
 ( -0.594968   0.000000    -0.000000   0.000000    -0.000000   0.000000   )
 (  0.498764   0.000000     0.000000   0.000000    -0.000000   0.000000   )
     freq (   13) =      13.585680 [THz] =     453.169522 [cm-1]
 (  0.000000   0.000000    -0.006773   0.000000     0.000988   0.000000   )
 (  0.000000   0.000000     0.131023   0.000000    -0.019118   0.000000   )
 ( -0.000000   0.000000    -0.503885   0.000000    -0.098332   0.000000   )
 ( -0.000000   0.000000     0.673899   0.000000     0.073524   0.000000   )
 (  0.000000   0.000000    -0.503885   0.000000     0.073524   0.000000   )
     freq (   14) =      13.585680 [THz] =     453.169522 [cm-1]
 ( -0.000000   0.000000     0.000988   0.000000     0.006773   0.000000   )
 ( -0.000000   0.000000    -0.019118   0.000000    -0.131023   0.000000   )
 (  0.000000   0.000000     0.073524   0.000000    -0.673899   0.000000   )
 ( -0.000000   0.000000    -0.098332   0.000000     0.503885   0.000000   )
 (  0.000000   0.000000     0.073524   0.000000     0.503885   0.000000   )
     freq (   15) =      18.867831 [THz] =     629.363083 [cm-1]
 ( -0.052799   0.000000    -0.000000   0.000000    -0.000000   0.000000   )
 ( -0.296704   0.000000     0.000000   0.000000     0.000000   0.000000   )
 (  0.219722   0.000000    -0.000000   0.000000    -0.000000   0.000000   )
 (  0.219722   0.000000     0.000000   0.000000    -0.000000   0.000000   )
 (  0.901456   0.000000    -0.000000   0.000000     0.000000   0.000000   )
 **************************************************************************
