
     Program PHONON v.6.7MaX starts on  6Jul2026 at 16:45: 9 

     This program is part of the open-source Quantum ESPRESSO suite
     for quantum simulation of materials; please cite
         "P. Giannozzi et al., J. Phys.:Condens. Matter 21 395502 (2009);
         "P. Giannozzi et al., J. Phys.:Condens. Matter 29 465901 (2017);
          URL http://www.quantum-espresso.org", 
     in publications or presentations arising from this work. More details at
     http://www.quantum-espresso.org/quote

     Parallel version (MPI), running on     8 processors

     MPI processes distributed on     1 nodes
     R & G space division:  proc/nbgrp/npool/nimage =       8
     Reading input from ph.in

     Reading xml data from directory:

     ./tmp/BaTiO3_pristine.save/
     file Ba.pbe-spn-kjpaw_psl.1.0.0.UPF: wavefunction(s)  5S 6S renormalized
     file Ti.pbe-spn-kjpaw_psl.1.0.0.UPF: wavefunction(s)  3S 3P 3D renormalized
     file O.pbe-n-kjpaw_psl.1.0.0.UPF: wavefunction(s)  2S 2P renormalized

     IMPORTANT: XC functional enforced from input :
     Exchange-correlation= PBE
                           (   1   4   3   4   0   0   0)
     Any further DFT definition will be discarded
     Please, verify this is what you really want


     Parallelization info
     --------------------
     sticks:   dense  smooth     PW     G-vecs:    dense   smooth      PW
     Min         277     137     41                 9775     3449     557
     Max         278     138     43                 9778     3452     558
     Sum        2217    1101    333                78205    27609    4457


     Check: negative core charge=   -0.000002
     Reading collected, re-writing distributed wavefunctions
  autoval = -.1097E+01
     Irreps are as follows:

                     mode #   1
                     (  -0.00000   0.00000   ) 
                     (  -0.00000   0.00000   ) 
                     (  -0.00000   0.00000   ) 
                     (  -0.00000   0.00000   ) 
                     (  -0.00000   0.00000   ) 
                     (  -0.00000   0.00000   ) 
                     (   0.00000   0.00000   ) 
                     (  -0.00000  -0.00000   ) 
                     (  -0.99036  -0.00000   ) 
                     (   0.00000   0.00000   ) 
                     (  -0.00000  -0.00000   ) 
                     (  -0.09796  -0.00000   ) 
                     (   0.00000   0.00000   ) 
                     (   0.00000   0.00000   ) 
                     (  -0.09796  -0.00000   ) 
  autoval = -.1097E+01
     Irreps are as follows:

                     mode #   2
                     (  -0.00000   0.00000   ) 
                     (  -0.00000   0.00000   ) 
                     (  -0.00000   0.00000   ) 
                     (  -0.00000   0.00000   ) 
                     (  -0.00000   0.00000   ) 
                     (  -0.00000   0.00000   ) 
                     (  -0.07139  -0.00000   ) 
                     (   0.06707   0.00000   ) 
                     (  -0.00000  -0.00000   ) 
                     (  -0.07139  -0.00000   ) 
                     (   0.67810   0.00000   ) 
                     (  -0.00000  -0.00000   ) 
                     (  -0.72179  -0.00000   ) 
                     (   0.06707   0.00000   ) 
                     (  -0.00000  -0.00000   ) 
  autoval = -.1097E+01
     Irreps are as follows:

                     mode #   3
                     (   0.00000  -0.00000   ) 
                     (   0.00000  -0.00000   ) 
                     (   0.00000  -0.00000   ) 
                     (   0.00000  -0.00000   ) 
                     (   0.00000  -0.00000   ) 
                     (   0.00000  -0.00000   ) 
                     (  -0.06707  -0.00000   ) 
                     (  -0.07139  -0.00000   ) 
                     (   0.00000   0.00000   ) 
                     (  -0.06707  -0.00000   ) 
                     (  -0.72179  -0.00000   ) 
                     (  -0.00000  -0.00000   ) 
                     (  -0.67810  -0.00000   ) 
                     (  -0.07139  -0.00000   ) 
                     (  -0.00000  -0.00000   ) 
  autoval = 0.3752E+00
     Irreps are as follows:

                     mode #   4
                     (  -0.00000   0.00000   ) 
                     (  -0.00000   0.00000   ) 
                     (  -0.00000   0.00000   ) 
                     (  -1.00000  -0.00000   ) 
                     (  -0.00000  -0.00000   ) 
                     (  -0.00000  -0.00000   ) 
                     (  -0.00000  -0.00000   ) 
                     (  -0.00000  -0.00000   ) 
                     (  -0.00000  -0.00000   ) 
                     (  -0.00000  -0.00000   ) 
                     (  -0.00000  -0.00000   ) 
                     (  -0.00000  -0.00000   ) 
                     (  -0.00000  -0.00000   ) 
                     (  -0.00000  -0.00000   ) 
                     (  -0.00000  -0.00000   ) 
  autoval = 0.3752E+00
     Irreps are as follows:

                     mode #   5
                     (  -0.00000   0.00000   ) 
                     (  -0.00000   0.00000   ) 
                     (  -0.00000   0.00000   ) 
                     (  -0.00000   0.00000   ) 
                     (  -1.00000  -0.00000   ) 
                     (  -0.00000  -0.00000   ) 
                     (  -0.00000  -0.00000   ) 
                     (  -0.00000  -0.00000   ) 
                     (  -0.00000  -0.00000   ) 
                     (  -0.00000  -0.00000   ) 
                     (  -0.00000  -0.00000   ) 
                     (  -0.00000  -0.00000   ) 
                     (  -0.00000  -0.00000   ) 
                     (  -0.00000  -0.00000   ) 
                     (  -0.00000  -0.00000   ) 
  autoval = 0.3752E+00
     Irreps are as follows:

                     mode #   6
                     (  -0.00000   0.00000   ) 
                     (  -0.00000   0.00000   ) 
                     (  -0.00000   0.00000   ) 
                     (  -0.00000   0.00000   ) 
                     (  -0.00000   0.00000   ) 
                     (  -1.00000  -0.00000   ) 
                     (  -0.00000  -0.00000   ) 
                     (  -0.00000  -0.00000   ) 
                     (  -0.00000  -0.00000   ) 
                     (  -0.00000  -0.00000   ) 
                     (  -0.00000  -0.00000   ) 
                     (  -0.00000  -0.00000   ) 
                     (  -0.00000  -0.00000   ) 
                     (  -0.00000  -0.00000   ) 
                     (  -0.00000  -0.00000   ) 
  autoval = 0.6682E+00
     Irreps are as follows:

                     mode #   7
                     (  -1.00000  -0.00000   ) 
                     (  -0.00000  -0.00000   ) 
                     (  -0.00000  -0.00000   ) 
                     (  -0.00000  -0.00000   ) 
                     (  -0.00000  -0.00000   ) 
                     (  -0.00000  -0.00000   ) 
                     (  -0.00000  -0.00000   ) 
                     (  -0.00000  -0.00000   ) 
                     (  -0.00000  -0.00000   ) 
                     (  -0.00000  -0.00000   ) 
                     (  -0.00000  -0.00000   ) 
                     (  -0.00000  -0.00000   ) 
                     (  -0.00000  -0.00000   ) 
                     (  -0.00000  -0.00000   ) 
                     (  -0.00000  -0.00000   ) 
  autoval = 0.6682E+00
     Irreps are as follows:

                     mode #   8
                     (  -0.00000   0.00000   ) 
                     (  -0.00000   0.00000   ) 
                     (  -1.00000  -0.00000   ) 
                     (  -0.00000  -0.00000   ) 
                     (  -0.00000  -0.00000   ) 
                     (  -0.00000  -0.00000   ) 
                     (  -0.00000  -0.00000   ) 
                     (  -0.00000  -0.00000   ) 
                     (  -0.00000  -0.00000   ) 
                     (  -0.00000  -0.00000   ) 
                     (  -0.00000  -0.00000   ) 
                     (  -0.00000  -0.00000   ) 
                     (  -0.00000  -0.00000   ) 
                     (  -0.00000  -0.00000   ) 
                     (  -0.00000  -0.00000   ) 
  autoval = 0.6682E+00
     Irreps are as follows:

                     mode #   9
                     (  -0.00000   0.00000   ) 
                     (  -1.00000  -0.00000   ) 
                     (  -0.00000  -0.00000   ) 
                     (  -0.00000  -0.00000   ) 
                     (  -0.00000  -0.00000   ) 
                     (  -0.00000  -0.00000   ) 
                     (  -0.00000  -0.00000   ) 
                     (  -0.00000  -0.00000   ) 
                     (  -0.00000  -0.00000   ) 
                     (  -0.00000  -0.00000   ) 
                     (  -0.00000  -0.00000   ) 
                     (  -0.00000  -0.00000   ) 
                     (  -0.00000  -0.00000   ) 
                     (  -0.00000  -0.00000   ) 
                     (  -0.00000  -0.00000   ) 
  autoval = 0.1010E+01
     Irreps are as follows:

                     mode #  10
                     (  -0.00000  -0.00000   ) 
                     (  -0.00000  -0.00000   ) 
                     (  -0.00000  -0.00000   ) 
                     (  -0.00000  -0.00000   ) 
                     (  -0.00000  -0.00000   ) 
                     (  -0.00000  -0.00000   ) 
                     (  -0.12746  -0.00000   ) 
                     (   0.04159  -0.00000   ) 
                     (  -0.13597  -0.00000   ) 
                     (  -0.12746  -0.00000   ) 
                     (  -0.00823  -0.00000   ) 
                     (   0.68733  -0.00000   ) 
                     (   0.02521  -0.00000   ) 
                     (   0.04159  -0.00000   ) 
                     (   0.68733  -0.00000   ) 
  autoval = 0.1010E+01
     Irreps are as follows:

                     mode #  11
                     (  -0.00000   0.00000   ) 
                     (  -0.00000   0.00000   ) 
                     (  -0.00000   0.00000   ) 
                     (  -0.00000   0.00000   ) 
                     (  -0.00000   0.00000   ) 
                     (  -0.00000   0.00000   ) 
                     (  -0.68820  -0.00000   ) 
                     (   0.01592   0.00000   ) 
                     (   0.02544   0.00000   ) 
                     (  -0.68820  -0.00000   ) 
                     (  -0.00315  -0.00000   ) 
                     (  -0.12858  -0.00000   ) 
                     (   0.13614   0.00000   ) 
                     (   0.01592   0.00000   ) 
                     (  -0.12858  -0.00000   ) 
  autoval = 0.1010E+01
     Irreps are as follows:

                     mode #  12
                     (  -0.00000  -0.00000   ) 
                     (  -0.00000  -0.00000   ) 
                     (  -0.00000  -0.00000   ) 
                     (  -0.00000  -0.00000   ) 
                     (  -0.00000  -0.00000   ) 
                     (  -0.00000  -0.00000   ) 
                     (  -0.02326  -0.00000   ) 
                     (  -0.69887  -0.00000   ) 
                     (  -0.00751  -0.00000   ) 
                     (  -0.02326  -0.00000   ) 
                     (   0.13825  -0.00000   ) 
                     (   0.03798  -0.00000   ) 
                     (   0.00460  -0.00000   ) 
                     (  -0.69887  -0.00000   ) 
                     (   0.03798  -0.00000   ) 
  autoval = 0.1803E+01
     Irreps are as follows:

                     mode #  13
                     (  -0.00000   0.00000   ) 
                     (  -0.00000   0.00000   ) 
                     (  -0.00000   0.00000   ) 
                     (  -0.00000   0.00000   ) 
                     (  -0.00000   0.00000   ) 
                     (  -0.00000   0.00000   ) 
                     (  -0.01178  -0.00000   ) 
                     (  -0.67747  -0.00000   ) 
                     (   0.00000   0.00000   ) 
                     (   0.01178   0.00000   ) 
                     (   0.00000   0.00000   ) 
                     (   0.20224   0.00000   ) 
                     (  -0.00000  -0.00000   ) 
                     (   0.67747   0.00000   ) 
                     (  -0.20224  -0.00000   ) 
  autoval = 0.1803E+01
     Irreps are as follows:

                     mode #  14
                     (  -0.00000  -0.00000   ) 
                     (  -0.00000  -0.00000   ) 
                     (  -0.00000  -0.00000   ) 
                     (  -0.00000  -0.00000   ) 
                     (  -0.00000  -0.00000   ) 
                     (  -0.00000  -0.00000   ) 
                     (  -0.70700  -0.00000   ) 
                     (   0.01203  -0.00000   ) 
                     (  -0.00000  -0.00000   ) 
                     (   0.70700  -0.00000   ) 
                     (  -0.00000  -0.00000   ) 
                     (  -0.00091  -0.00000   ) 
                     (   0.00000  -0.00000   ) 
                     (  -0.01203  -0.00000   ) 
                     (   0.00091  -0.00000   ) 
  autoval = 0.1803E+01
     Irreps are as follows:

                     mode #  15
                     (  -0.00000   0.00000   ) 
                     (  -0.00000   0.00000   ) 
                     (  -0.00000   0.00000   ) 
                     (  -0.00000   0.00000   ) 
                     (  -0.00000   0.00000   ) 
                     (  -0.00000   0.00000   ) 
                     (  -0.00257  -0.00000   ) 
                     (  -0.20223  -0.00000   ) 
                     (  -0.00000  -0.00000   ) 
                     (   0.00257   0.00000   ) 
                     (  -0.00000  -0.00000   ) 
                     (  -0.67757  -0.00000   ) 
                     (  -0.00000  -0.00000   ) 
                     (   0.20223   0.00000   ) 
                     (   0.67757   0.00000   ) 

     Calculation of q =    0.0000000   0.0000000   0.0000000

     BaTiO3 pristine 5-atom cell -- Gamma-point phonons (harmonic ph.x)         

     bravais-lattice index     =            1
     lattice parameter (alat)  =       7.6067  a.u.
     unit-cell volume          =     440.1425 (a.u.)^3
     number of atoms/cell      =            5
     number of atomic types    =            3
     kinetic-energy cut-off    =      60.0000  Ry
     charge density cut-off    =     480.0000  Ry
     convergence threshold     =      1.0E-14
     beta                      =       0.7000
     number of iterations used =            4
     Exchange-correlation= PBE
                           (   1   4   3   4   0   0   0)


     celldm(1)=    7.60673  celldm(2)=    0.00000  celldm(3)=    0.00000
     celldm(4)=    0.00000  celldm(5)=    0.00000  celldm(6)=    0.00000

     crystal axes: (cart. coord. in units of alat)
               a(1) = (  1.0000  0.0000  0.0000 )  
               a(2) = (  0.0000  1.0000  0.0000 )  
               a(3) = (  0.0000  0.0000  1.0000 )  

     reciprocal axes: (cart. coord. in units 2 pi/alat)
               b(1) = (  1.0000  0.0000  0.0000 )  
               b(2) = (  0.0000  1.0000  0.0000 )  
               b(3) = (  0.0000  0.0000  1.0000 )  


     Atoms inside the unit cell: 

     Cartesian axes

     site n.  atom      mass           positions (alat units)
        1     Ba 137.3270   tau(    1) = (    0.00000    0.00000    0.00000  )
        2     Ti  47.8670   tau(    2) = (    0.50000    0.50000    0.50000  )
        3     O   15.9990   tau(    3) = (    0.50000    0.50000    0.00000  )
        4     O   15.9990   tau(    4) = (    0.50000    0.00000    0.50000  )
        5     O   15.9990   tau(    5) = (    0.00000    0.50000    0.50000  )

     Computing dynamical matrix for 
                    q = (   0.0000000   0.0000000   0.0000000 )

     49 Sym.Ops. (with q -> -q+G )

                                    s                        frac. trans.

      isym =  1     identity                                     

 cryst.   s( 1) = (     1          0          0      )
                  (     0          1          0      )
                  (     0          0          1      )

 cart.    s( 1) = (  1.0000000  0.0000000  0.0000000 )
                  (  0.0000000  1.0000000  0.0000000 )
                  (  0.0000000  0.0000000  1.0000000 )


      isym =  2     180 deg rotation - cart. axis [0,0,1]        

 cryst.   s( 2) = (    -1          0          0      )
                  (     0         -1          0      )
                  (     0          0          1      )

 cart.    s( 2) = ( -1.0000000  0.0000000  0.0000000 )
                  (  0.0000000 -1.0000000  0.0000000 )
                  (  0.0000000  0.0000000  1.0000000 )


      isym =  3     180 deg rotation - cart. axis [0,1,0]        

 cryst.   s( 3) = (    -1          0          0      )
                  (     0          1          0      )
                  (     0          0         -1      )

 cart.    s( 3) = ( -1.0000000  0.0000000  0.0000000 )
                  (  0.0000000  1.0000000  0.0000000 )
                  (  0.0000000  0.0000000 -1.0000000 )


      isym =  4     180 deg rotation - cart. axis [1,0,0]        

 cryst.   s( 4) = (     1          0          0      )
                  (     0         -1          0      )
                  (     0          0         -1      )

 cart.    s( 4) = (  1.0000000  0.0000000  0.0000000 )
                  (  0.0000000 -1.0000000  0.0000000 )
                  (  0.0000000  0.0000000 -1.0000000 )


      isym =  5     180 deg rotation - cart. axis [1,1,0]        

 cryst.   s( 5) = (     0          1          0      )
                  (     1          0          0      )
                  (     0          0         -1      )

 cart.    s( 5) = (  0.0000000  1.0000000  0.0000000 )
                  (  1.0000000  0.0000000  0.0000000 )
                  (  0.0000000  0.0000000 -1.0000000 )


      isym =  6     180 deg rotation - cart. axis [1,-1,0]       

 cryst.   s( 6) = (     0         -1          0      )
                  (    -1          0          0      )
                  (     0          0         -1      )

 cart.    s( 6) = (  0.0000000 -1.0000000  0.0000000 )
                  ( -1.0000000  0.0000000  0.0000000 )
                  (  0.0000000  0.0000000 -1.0000000 )


      isym =  7     90 deg rotation - cart. axis [0,0,-1]        

 cryst.   s( 7) = (     0         -1          0      )
                  (     1          0          0      )
                  (     0          0          1      )

 cart.    s( 7) = (  0.0000000  1.0000000  0.0000000 )
                  ( -1.0000000  0.0000000  0.0000000 )
                  (  0.0000000  0.0000000  1.0000000 )


      isym =  8     90 deg rotation - cart. axis [0,0,1]         

 cryst.   s( 8) = (     0          1          0      )
                  (    -1          0          0      )
                  (     0          0          1      )

 cart.    s( 8) = (  0.0000000 -1.0000000  0.0000000 )
                  (  1.0000000  0.0000000  0.0000000 )
                  (  0.0000000  0.0000000  1.0000000 )


      isym =  9     180 deg rotation - cart. axis [1,0,1]        

 cryst.   s( 9) = (     0          0          1      )
                  (     0         -1          0      )
                  (     1          0          0      )

 cart.    s( 9) = (  0.0000000  0.0000000  1.0000000 )
                  (  0.0000000 -1.0000000  0.0000000 )
                  (  1.0000000  0.0000000  0.0000000 )


      isym = 10     180 deg rotation - cart. axis [-1,0,1]       

 cryst.   s(10) = (     0          0         -1      )
                  (     0         -1          0      )
                  (    -1          0          0      )

 cart.    s(10) = (  0.0000000  0.0000000 -1.0000000 )
                  (  0.0000000 -1.0000000  0.0000000 )
                  ( -1.0000000  0.0000000  0.0000000 )


      isym = 11     90 deg rotation - cart. axis [0,1,0]         

 cryst.   s(11) = (     0          0         -1      )
                  (     0          1          0      )
                  (     1          0          0      )

 cart.    s(11) = (  0.0000000  0.0000000  1.0000000 )
                  (  0.0000000  1.0000000  0.0000000 )
                  ( -1.0000000  0.0000000  0.0000000 )


      isym = 12     90 deg rotation - cart. axis [0,-1,0]        

 cryst.   s(12) = (     0          0          1      )
                  (     0          1          0      )
                  (    -1          0          0      )

 cart.    s(12) = (  0.0000000  0.0000000 -1.0000000 )
                  (  0.0000000  1.0000000  0.0000000 )
                  (  1.0000000  0.0000000  0.0000000 )


      isym = 13     180 deg rotation - cart. axis [0,1,1]        

 cryst.   s(13) = (    -1          0          0      )
                  (     0          0          1      )
                  (     0          1          0      )

 cart.    s(13) = ( -1.0000000  0.0000000  0.0000000 )
                  (  0.0000000  0.0000000  1.0000000 )
                  (  0.0000000  1.0000000  0.0000000 )


      isym = 14     180 deg rotation - cart. axis [0,1,-1]       

 cryst.   s(14) = (    -1          0          0      )
                  (     0          0         -1      )
                  (     0         -1          0      )

 cart.    s(14) = ( -1.0000000  0.0000000  0.0000000 )
                  (  0.0000000  0.0000000 -1.0000000 )
                  (  0.0000000 -1.0000000  0.0000000 )


      isym = 15     90 deg rotation - cart. axis [-1,0,0]        

 cryst.   s(15) = (     1          0          0      )
                  (     0          0         -1      )
                  (     0          1          0      )

 cart.    s(15) = (  1.0000000  0.0000000  0.0000000 )
                  (  0.0000000  0.0000000  1.0000000 )
                  (  0.0000000 -1.0000000  0.0000000 )


      isym = 16     90 deg rotation - cart. axis [1,0,0]         

 cryst.   s(16) = (     1          0          0      )
                  (     0          0          1      )
                  (     0         -1          0      )

 cart.    s(16) = (  1.0000000  0.0000000  0.0000000 )
                  (  0.0000000  0.0000000 -1.0000000 )
                  (  0.0000000  1.0000000  0.0000000 )


      isym = 17     120 deg rotation - cart. axis [-1,-1,-1]     

 cryst.   s(17) = (     0          0          1      )
                  (     1          0          0      )
                  (     0          1          0      )

 cart.    s(17) = (  0.0000000  1.0000000  0.0000000 )
                  (  0.0000000  0.0000000  1.0000000 )
                  (  1.0000000  0.0000000  0.0000000 )


      isym = 18     120 deg rotation - cart. axis [-1,1,1]       

 cryst.   s(18) = (     0          0         -1      )
                  (    -1          0          0      )
                  (     0          1          0      )

 cart.    s(18) = (  0.0000000 -1.0000000  0.0000000 )
                  (  0.0000000  0.0000000  1.0000000 )
                  ( -1.0000000  0.0000000  0.0000000 )


      isym = 19     120 deg rotation - cart. axis [1,1,-1]       

 cryst.   s(19) = (     0          0         -1      )
                  (     1          0          0      )
                  (     0         -1          0      )

 cart.    s(19) = (  0.0000000  1.0000000  0.0000000 )
                  (  0.0000000  0.0000000 -1.0000000 )
                  ( -1.0000000  0.0000000  0.0000000 )


      isym = 20     120 deg rotation - cart. axis [1,-1,1]       

 cryst.   s(20) = (     0          0          1      )
                  (    -1          0          0      )
                  (     0         -1          0      )

 cart.    s(20) = (  0.0000000 -1.0000000  0.0000000 )
                  (  0.0000000  0.0000000 -1.0000000 )
                  (  1.0000000  0.0000000  0.0000000 )


      isym = 21     120 deg rotation - cart. axis [1,1,1]        

 cryst.   s(21) = (     0          1          0      )
                  (     0          0          1      )
                  (     1          0          0      )

 cart.    s(21) = (  0.0000000  0.0000000  1.0000000 )
                  (  1.0000000  0.0000000  0.0000000 )
                  (  0.0000000  1.0000000  0.0000000 )


      isym = 22     120 deg rotation - cart. axis [-1,1,-1]      

 cryst.   s(22) = (     0         -1          0      )
                  (     0          0         -1      )
                  (     1          0          0      )

 cart.    s(22) = (  0.0000000  0.0000000  1.0000000 )
                  ( -1.0000000  0.0000000  0.0000000 )
                  (  0.0000000 -1.0000000  0.0000000 )


      isym = 23     120 deg rotation - cart. axis [1,-1,-1]      

 cryst.   s(23) = (     0         -1          0      )
                  (     0          0          1      )
                  (    -1          0          0      )

 cart.    s(23) = (  0.0000000  0.0000000 -1.0000000 )
                  ( -1.0000000  0.0000000  0.0000000 )
                  (  0.0000000  1.0000000  0.0000000 )


      isym = 24     120 deg rotation - cart. axis [-1,-1,1]      

 cryst.   s(24) = (     0          1          0      )
                  (     0          0         -1      )
                  (    -1          0          0      )

 cart.    s(24) = (  0.0000000  0.0000000 -1.0000000 )
                  (  1.0000000  0.0000000  0.0000000 )
                  (  0.0000000 -1.0000000  0.0000000 )


      isym = 25     inversion                                    

 cryst.   s(25) = (    -1          0          0      )
                  (     0         -1          0      )
                  (     0          0         -1      )

 cart.    s(25) = ( -1.0000000  0.0000000  0.0000000 )
                  (  0.0000000 -1.0000000  0.0000000 )
                  (  0.0000000  0.0000000 -1.0000000 )


      isym = 26     inv. 180 deg rotation - cart. axis [0,0,1]   

 cryst.   s(26) = (     1          0          0      )
                  (     0          1          0      )
                  (     0          0         -1      )

 cart.    s(26) = (  1.0000000  0.0000000  0.0000000 )
                  (  0.0000000  1.0000000  0.0000000 )
                  (  0.0000000  0.0000000 -1.0000000 )


      isym = 27     inv. 180 deg rotation - cart. axis [0,1,0]   

 cryst.   s(27) = (     1          0          0      )
                  (     0         -1          0      )
                  (     0          0          1      )

 cart.    s(27) = (  1.0000000  0.0000000  0.0000000 )
                  (  0.0000000 -1.0000000  0.0000000 )
                  (  0.0000000  0.0000000  1.0000000 )


      isym = 28     inv. 180 deg rotation - cart. axis [1,0,0]   

 cryst.   s(28) = (    -1          0          0      )
                  (     0          1          0      )
                  (     0          0          1      )

 cart.    s(28) = ( -1.0000000  0.0000000  0.0000000 )
                  (  0.0000000  1.0000000  0.0000000 )
                  (  0.0000000  0.0000000  1.0000000 )


      isym = 29     inv. 180 deg rotation - cart. axis [1,1,0]   

 cryst.   s(29) = (     0         -1          0      )
                  (    -1          0          0      )
                  (     0          0          1      )

 cart.    s(29) = (  0.0000000 -1.0000000  0.0000000 )
                  ( -1.0000000  0.0000000  0.0000000 )
                  (  0.0000000  0.0000000  1.0000000 )


      isym = 30     inv. 180 deg rotation - cart. axis [1,-1,0]  

 cryst.   s(30) = (     0          1          0      )
                  (     1          0          0      )
                  (     0          0          1      )

 cart.    s(30) = (  0.0000000  1.0000000  0.0000000 )
                  (  1.0000000  0.0000000  0.0000000 )
                  (  0.0000000  0.0000000  1.0000000 )


      isym = 31     inv. 90 deg rotation - cart. axis [0,0,-1]   

 cryst.   s(31) = (     0          1          0      )
                  (    -1          0          0      )
                  (     0          0         -1      )

 cart.    s(31) = (  0.0000000 -1.0000000  0.0000000 )
                  (  1.0000000  0.0000000  0.0000000 )
                  (  0.0000000  0.0000000 -1.0000000 )


      isym = 32     inv. 90 deg rotation - cart. axis [0,0,1]    

 cryst.   s(32) = (     0         -1          0      )
                  (     1          0          0      )
                  (     0          0         -1      )

 cart.    s(32) = (  0.0000000  1.0000000  0.0000000 )
                  ( -1.0000000  0.0000000  0.0000000 )
                  (  0.0000000  0.0000000 -1.0000000 )


      isym = 33     inv. 180 deg rotation - cart. axis [1,0,1]   

 cryst.   s(33) = (     0          0         -1      )
                  (     0          1          0      )
                  (    -1          0          0      )

 cart.    s(33) = (  0.0000000  0.0000000 -1.0000000 )
                  (  0.0000000  1.0000000  0.0000000 )
                  ( -1.0000000  0.0000000  0.0000000 )


      isym = 34     inv. 180 deg rotation - cart. axis [-1,0,1]  

 cryst.   s(34) = (     0          0          1      )
                  (     0          1          0      )
                  (     1          0          0      )

 cart.    s(34) = (  0.0000000  0.0000000  1.0000000 )
                  (  0.0000000  1.0000000  0.0000000 )
                  (  1.0000000  0.0000000  0.0000000 )


      isym = 35     inv. 90 deg rotation - cart. axis [0,1,0]    

 cryst.   s(35) = (     0          0          1      )
                  (     0         -1          0      )
                  (    -1          0          0      )

 cart.    s(35) = (  0.0000000  0.0000000 -1.0000000 )
                  (  0.0000000 -1.0000000  0.0000000 )
                  (  1.0000000  0.0000000  0.0000000 )


      isym = 36     inv. 90 deg rotation - cart. axis [0,-1,0]   

 cryst.   s(36) = (     0          0         -1      )
                  (     0         -1          0      )
                  (     1          0          0      )

 cart.    s(36) = (  0.0000000  0.0000000  1.0000000 )
                  (  0.0000000 -1.0000000  0.0000000 )
                  ( -1.0000000  0.0000000  0.0000000 )


      isym = 37     inv. 180 deg rotation - cart. axis [0,1,1]   

 cryst.   s(37) = (     1          0          0      )
                  (     0          0         -1      )
                  (     0         -1          0      )

 cart.    s(37) = (  1.0000000  0.0000000  0.0000000 )
                  (  0.0000000  0.0000000 -1.0000000 )
                  (  0.0000000 -1.0000000  0.0000000 )


      isym = 38     inv. 180 deg rotation - cart. axis [0,1,-1]  

 cryst.   s(38) = (     1          0          0      )
                  (     0          0          1      )
                  (     0          1          0      )

 cart.    s(38) = (  1.0000000  0.0000000  0.0000000 )
                  (  0.0000000  0.0000000  1.0000000 )
                  (  0.0000000  1.0000000  0.0000000 )


      isym = 39     inv. 90 deg rotation - cart. axis [-1,0,0]   

 cryst.   s(39) = (    -1          0          0      )
                  (     0          0          1      )
                  (     0         -1          0      )

 cart.    s(39) = ( -1.0000000  0.0000000  0.0000000 )
                  (  0.0000000  0.0000000 -1.0000000 )
                  (  0.0000000  1.0000000  0.0000000 )


      isym = 40     inv. 90 deg rotation - cart. axis [1,0,0]    

 cryst.   s(40) = (    -1          0          0      )
                  (     0          0         -1      )
                  (     0          1          0      )

 cart.    s(40) = ( -1.0000000  0.0000000  0.0000000 )
                  (  0.0000000  0.0000000  1.0000000 )
                  (  0.0000000 -1.0000000  0.0000000 )


      isym = 41     inv. 120 deg rotation - cart. axis [-1,-1,-1]

 cryst.   s(41) = (     0          0         -1      )
                  (    -1          0          0      )
                  (     0         -1          0      )

 cart.    s(41) = (  0.0000000 -1.0000000  0.0000000 )
                  (  0.0000000  0.0000000 -1.0000000 )
                  ( -1.0000000  0.0000000  0.0000000 )


      isym = 42     inv. 120 deg rotation - cart. axis [-1,1,1]  

 cryst.   s(42) = (     0          0          1      )
                  (     1          0          0      )
                  (     0         -1          0      )

 cart.    s(42) = (  0.0000000  1.0000000  0.0000000 )
                  (  0.0000000  0.0000000 -1.0000000 )
                  (  1.0000000  0.0000000  0.0000000 )


      isym = 43     inv. 120 deg rotation - cart. axis [1,1,-1]  

 cryst.   s(43) = (     0          0          1      )
                  (    -1          0          0      )
                  (     0          1          0      )

 cart.    s(43) = (  0.0000000 -1.0000000  0.0000000 )
                  (  0.0000000  0.0000000  1.0000000 )
                  (  1.0000000  0.0000000  0.0000000 )


      isym = 44     inv. 120 deg rotation - cart. axis [1,-1,1]  

 cryst.   s(44) = (     0          0         -1      )
                  (     1          0          0      )
                  (     0          1          0      )

 cart.    s(44) = (  0.0000000  1.0000000  0.0000000 )
                  (  0.0000000  0.0000000  1.0000000 )
                  ( -1.0000000  0.0000000  0.0000000 )


      isym = 45     inv. 120 deg rotation - cart. axis [1,1,1]   

 cryst.   s(45) = (     0         -1          0      )
                  (     0          0         -1      )
                  (    -1          0          0      )

 cart.    s(45) = (  0.0000000  0.0000000 -1.0000000 )
                  ( -1.0000000  0.0000000  0.0000000 )
                  (  0.0000000 -1.0000000  0.0000000 )


      isym = 46     inv. 120 deg rotation - cart. axis [-1,1,-1] 

 cryst.   s(46) = (     0          1          0      )
                  (     0          0          1      )
                  (    -1          0          0      )

 cart.    s(46) = (  0.0000000  0.0000000 -1.0000000 )
                  (  1.0000000  0.0000000  0.0000000 )
                  (  0.0000000  1.0000000  0.0000000 )


      isym = 47     inv. 120 deg rotation - cart. axis [1,-1,-1] 

 cryst.   s(47) = (     0          1          0      )
                  (     0          0         -1      )
                  (     1          0          0      )

 cart.    s(47) = (  0.0000000  0.0000000  1.0000000 )
                  (  1.0000000  0.0000000  0.0000000 )
                  (  0.0000000 -1.0000000  0.0000000 )


      isym = 48     inv. 120 deg rotation - cart. axis [-1,-1,1] 

 cryst.   s(48) = (     0         -1          0      )
                  (     0          0          1      )
                  (     1          0          0      )

 cart.    s(48) = (  0.0000000  0.0000000  1.0000000 )
                  ( -1.0000000  0.0000000  0.0000000 )
                  (  0.0000000  1.0000000  0.0000000 )


     This transformation sends q -> -q+G

      isym = 49     identity                                     

 cryst.   s(49) = (     1          0          0      )
                  (     0          1          0      )
                  (     0          0          1      )

 cart.    s(49) = (  1.0000000  0.0000000  0.0000000 )
                  (  0.0000000  1.0000000  0.0000000 )
                  (  0.0000000  0.0000000  1.0000000 )


     G cutoff =  703.5210  (   9777 G-vectors)     FFT grid: ( 54, 54, 54)
     G cutoff =  351.7605  (   3451 G-vectors)  smooth grid: ( 40, 40, 40)
     number of k points=    35
                       cart. coord. in units 2pi/alat
        k(    1) = (   0.0000000   0.0000000   0.0000000), wk =   0.0039062
        k(    2) = (   0.0000000   0.0000000   0.1250000), wk =   0.0234375
        k(    3) = (   0.0000000   0.0000000   0.2500000), wk =   0.0234375
        k(    4) = (   0.0000000   0.0000000   0.3750000), wk =   0.0234375
        k(    5) = (   0.0000000   0.0000000  -0.5000000), wk =   0.0117188
        k(    6) = (   0.0000000   0.1250000   0.1250000), wk =   0.0468750
        k(    7) = (   0.0000000   0.1250000   0.2500000), wk =   0.0937500
        k(    8) = (   0.0000000   0.1250000   0.3750000), wk =   0.0937500
        k(    9) = (   0.0000000   0.1250000  -0.5000000), wk =   0.0468750
        k(   10) = (   0.0000000   0.2500000   0.2500000), wk =   0.0468750
        k(   11) = (   0.0000000   0.2500000   0.3750000), wk =   0.0937500
        k(   12) = (   0.0000000   0.2500000  -0.5000000), wk =   0.0468750
        k(   13) = (   0.0000000   0.3750000   0.3750000), wk =   0.0468750
        k(   14) = (   0.0000000   0.3750000  -0.5000000), wk =   0.0468750
        k(   15) = (   0.0000000  -0.5000000  -0.5000000), wk =   0.0117188
        k(   16) = (   0.1250000   0.1250000   0.1250000), wk =   0.0312500
        k(   17) = (   0.1250000   0.1250000   0.2500000), wk =   0.0937500
        k(   18) = (   0.1250000   0.1250000   0.3750000), wk =   0.0937500
        k(   19) = (   0.1250000   0.1250000  -0.5000000), wk =   0.0468750
        k(   20) = (   0.1250000   0.2500000   0.2500000), wk =   0.0937500
        k(   21) = (   0.1250000   0.2500000   0.3750000), wk =   0.1875000
        k(   22) = (   0.1250000   0.2500000  -0.5000000), wk =   0.0937500
        k(   23) = (   0.1250000   0.3750000   0.3750000), wk =   0.0937500
        k(   24) = (   0.1250000   0.3750000  -0.5000000), wk =   0.0937500
        k(   25) = (   0.1250000  -0.5000000  -0.5000000), wk =   0.0234375
        k(   26) = (   0.2500000   0.2500000   0.2500000), wk =   0.0312500
        k(   27) = (   0.2500000   0.2500000   0.3750000), wk =   0.0937500
        k(   28) = (   0.2500000   0.2500000  -0.5000000), wk =   0.0468750
        k(   29) = (   0.2500000   0.3750000   0.3750000), wk =   0.0937500
        k(   30) = (   0.2500000   0.3750000  -0.5000000), wk =   0.0937500
        k(   31) = (   0.2500000  -0.5000000  -0.5000000), wk =   0.0234375
        k(   32) = (   0.3750000   0.3750000   0.3750000), wk =   0.0312500
        k(   33) = (   0.3750000   0.3750000  -0.5000000), wk =   0.0468750
        k(   34) = (   0.3750000  -0.5000000  -0.5000000), wk =   0.0234375
        k(   35) = (  -0.5000000  -0.5000000  -0.5000000), wk =   0.0039062

                       cryst. coord.
        k(    1) = (   0.0000000   0.0000000   0.0000000), wk =   0.0039062
        k(    2) = (   0.0000000   0.0000000   0.1250000), wk =   0.0234375
        k(    3) = (   0.0000000   0.0000000   0.2500000), wk =   0.0234375
        k(    4) = (   0.0000000   0.0000000   0.3750000), wk =   0.0234375
        k(    5) = (   0.0000000   0.0000000  -0.5000000), wk =   0.0117188
        k(    6) = (   0.0000000   0.1250000   0.1250000), wk =   0.0468750
        k(    7) = (   0.0000000   0.1250000   0.2500000), wk =   0.0937500
        k(    8) = (   0.0000000   0.1250000   0.3750000), wk =   0.0937500
        k(    9) = (   0.0000000   0.1250000  -0.5000000), wk =   0.0468750
        k(   10) = (   0.0000000   0.2500000   0.2500000), wk =   0.0468750
        k(   11) = (   0.0000000   0.2500000   0.3750000), wk =   0.0937500
        k(   12) = (   0.0000000   0.2500000  -0.5000000), wk =   0.0468750
        k(   13) = (   0.0000000   0.3750000   0.3750000), wk =   0.0468750
        k(   14) = (   0.0000000   0.3750000  -0.5000000), wk =   0.0468750
        k(   15) = (   0.0000000  -0.5000000  -0.5000000), wk =   0.0117188
        k(   16) = (   0.1250000   0.1250000   0.1250000), wk =   0.0312500
        k(   17) = (   0.1250000   0.1250000   0.2500000), wk =   0.0937500
        k(   18) = (   0.1250000   0.1250000   0.3750000), wk =   0.0937500
        k(   19) = (   0.1250000   0.1250000  -0.5000000), wk =   0.0468750
        k(   20) = (   0.1250000   0.2500000   0.2500000), wk =   0.0937500
        k(   21) = (   0.1250000   0.2500000   0.3750000), wk =   0.1875000
        k(   22) = (   0.1250000   0.2500000  -0.5000000), wk =   0.0937500
        k(   23) = (   0.1250000   0.3750000   0.3750000), wk =   0.0937500
        k(   24) = (   0.1250000   0.3750000  -0.5000000), wk =   0.0937500
        k(   25) = (   0.1250000  -0.5000000  -0.5000000), wk =   0.0234375
        k(   26) = (   0.2500000   0.2500000   0.2500000), wk =   0.0312500
        k(   27) = (   0.2500000   0.2500000   0.3750000), wk =   0.0937500
        k(   28) = (   0.2500000   0.2500000  -0.5000000), wk =   0.0468750
        k(   29) = (   0.2500000   0.3750000   0.3750000), wk =   0.0937500
        k(   30) = (   0.2500000   0.3750000  -0.5000000), wk =   0.0937500
        k(   31) = (   0.2500000  -0.5000000  -0.5000000), wk =   0.0234375
        k(   32) = (   0.3750000   0.3750000   0.3750000), wk =   0.0312500
        k(   33) = (   0.3750000   0.3750000  -0.5000000), wk =   0.0468750
        k(   34) = (   0.3750000  -0.5000000  -0.5000000), wk =   0.0234375
        k(   35) = (  -0.5000000  -0.5000000  -0.5000000), wk =   0.0039062

     PseudoPot. # 1 for Ba read from file:
     ./pseudo/Ba.pbe-spn-kjpaw_psl.1.0.0.UPF
     MD5 check sum: a94004ef8cdd1ef6024fa921b83633cc
     Pseudo is Projector augmented-wave + core cor, Zval = 10.0
     Generated using &quot;atomic&quot; code by A. Dal Corso  v.6.2.2
     Shape of augmentation charge: PSQ
     Using radial grid of 1251 points,  7 beta functions with: 
                l(1) =   0
                l(2) =   0
                l(3) =   0
                l(4) =   1
                l(5) =   1
                l(6) =   2
                l(7) =   2
     Q(r) pseudized with 0 coefficients 


     PseudoPot. # 2 for Ti read from file:
     ./pseudo/Ti.pbe-spn-kjpaw_psl.1.0.0.UPF
     MD5 check sum: 7ea84e4330344cbc938d542ff58a5c10
     Pseudo is Projector augmented-wave + core cor, Zval = 12.0
     Generated using &quot;atomic&quot; code by A. Dal Corso  v.6.2.2
     Shape of augmentation charge: PSQ
     Using radial grid of 1177 points,  6 beta functions with: 
                l(1) =   0
                l(2) =   0
                l(3) =   1
                l(4) =   1
                l(5) =   2
                l(6) =   2
     Q(r) pseudized with 0 coefficients 


     PseudoPot. # 3 for O  read from file:
     ./pseudo/O.pbe-n-kjpaw_psl.1.0.0.UPF
     MD5 check sum: 62c11a45e085f03adfe5482d7843b034
     Pseudo is Projector augmented-wave + core cor, Zval =  6.0
     Generated using &quot;atomic&quot; code by A. Dal Corso  v.6.3
     Shape of augmentation charge: PSQ
     Using radial grid of 1095 points,  4 beta functions with: 
                l(1) =   0
                l(2) =   0
                l(3) =   1
                l(4) =   1
     Q(r) pseudized with 0 coefficients 


     point group O_h (m-3m) 
     there are 10 classes
     the character table:

       E     8C3   3C2   6C4   6C2'  i     8S6   3s_h  6S4   6s_d 
A_1g   1.00  1.00  1.00  1.00  1.00  1.00  1.00  1.00  1.00  1.00
A_2g   1.00  1.00  1.00 -1.00 -1.00  1.00  1.00  1.00 -1.00 -1.00
E_g    2.00 -1.00  2.00  0.00  0.00  2.00 -1.00  2.00  0.00  0.00
T_1g   3.00  0.00 -1.00  1.00 -1.00  3.00  0.00 -1.00  1.00 -1.00
T_2g   3.00  0.00 -1.00 -1.00  1.00  3.00  0.00 -1.00 -1.00  1.00
A_1u   1.00  1.00  1.00  1.00  1.00 -1.00 -1.00 -1.00 -1.00 -1.00
A_2u   1.00  1.00  1.00 -1.00 -1.00 -1.00 -1.00 -1.00  1.00  1.00
E_u    2.00 -1.00  2.00  0.00  0.00 -2.00  1.00 -2.00  0.00  0.00
T_1u   3.00  0.00 -1.00  1.00 -1.00 -3.00  0.00  1.00 -1.00  1.00
T_2u   3.00  0.00 -1.00 -1.00  1.00 -3.00  0.00  1.00  1.00 -1.00

     the symmetry operations in each class and the name of the first element:

     E        1
                                                                 
     8C3     17   19   20   18   24   21   22   23
                                                                 
     3C2      2    4    3
                                                                 
     6C4      7    8   15   16   12   11
                                                                 
     6C2'     5    6   14   13   10    9
                                                                 
     i       25
                                                                 
     8S6     41   43   44   42   48   45   46   47
                                                                 
     3s_h    26   28   27
                                                                 
     6S4     31   32   39   40   36   35
                                                                 
     6s_d    29   30   38   37   34   33
                                                                 


     Electric field:
     Dielectric constant
     Born effective charges as d Force / d E


     Atomic displacements:
     There are    5 irreducible representations

     Representation     1      3 modes -  To be done
     Irreps are as follows:

     mode #   1              mode #   2              mode #   3
     (  -0.00000   0.00000 ) (  -0.00000   0.00000 ) (   0.00000  -0.00000 ) 
     (  -0.00000   0.00000 ) (  -0.00000   0.00000 ) (   0.00000  -0.00000 ) 
     (  -0.00000   0.00000 ) (  -0.00000   0.00000 ) (   0.00000  -0.00000 ) 
     (  -0.00000   0.00000 ) (  -0.00000   0.00000 ) (   0.00000  -0.00000 ) 
     (  -0.00000   0.00000 ) (  -0.00000   0.00000 ) (   0.00000  -0.00000 ) 
     (  -0.00000   0.00000 ) (  -0.00000   0.00000 ) (   0.00000  -0.00000 ) 
     (   0.00000   0.00000 ) (  -0.07139  -0.00000 ) (  -0.06707  -0.00000 ) 
     (  -0.00000  -0.00000 ) (   0.06707   0.00000 ) (  -0.07139  -0.00000 ) 
     (  -0.99036  -0.00000 ) (  -0.00000  -0.00000 ) (   0.00000   0.00000 ) 
     (   0.00000   0.00000 ) (  -0.07139  -0.00000 ) (  -0.06707  -0.00000 ) 
     (  -0.00000  -0.00000 ) (   0.67810   0.00000 ) (  -0.72179  -0.00000 ) 
     (  -0.09796  -0.00000 ) (  -0.00000  -0.00000 ) (  -0.00000  -0.00000 ) 
     (   0.00000   0.00000 ) (  -0.72179  -0.00000 ) (  -0.67810  -0.00000 ) 
     (   0.00000   0.00000 ) (   0.06707   0.00000 ) (  -0.07139  -0.00000 ) 
     (  -0.09796  -0.00000 ) (  -0.00000  -0.00000 ) (  -0.00000  -0.00000 ) 

     Representation     2      3 modes -  To be done
     Irreps are as follows:

     mode #   4              mode #   5              mode #   6
     (  -0.00000   0.00000 ) (  -0.00000   0.00000 ) (  -0.00000   0.00000 ) 
     (  -0.00000   0.00000 ) (  -0.00000   0.00000 ) (  -0.00000   0.00000 ) 
     (  -0.00000   0.00000 ) (  -0.00000   0.00000 ) (  -0.00000   0.00000 ) 
     (  -1.00000  -0.00000 ) (  -0.00000   0.00000 ) (  -0.00000   0.00000 ) 
     (  -0.00000  -0.00000 ) (  -1.00000  -0.00000 ) (  -0.00000   0.00000 ) 
     (  -0.00000  -0.00000 ) (  -0.00000  -0.00000 ) (  -1.00000  -0.00000 ) 
     (  -0.00000  -0.00000 ) (  -0.00000  -0.00000 ) (  -0.00000  -0.00000 ) 
     (  -0.00000  -0.00000 ) (  -0.00000  -0.00000 ) (  -0.00000  -0.00000 ) 
     (  -0.00000  -0.00000 ) (  -0.00000  -0.00000 ) (  -0.00000  -0.00000 ) 
     (  -0.00000  -0.00000 ) (  -0.00000  -0.00000 ) (  -0.00000  -0.00000 ) 
     (  -0.00000  -0.00000 ) (  -0.00000  -0.00000 ) (  -0.00000  -0.00000 ) 
     (  -0.00000  -0.00000 ) (  -0.00000  -0.00000 ) (  -0.00000  -0.00000 ) 
     (  -0.00000  -0.00000 ) (  -0.00000  -0.00000 ) (  -0.00000  -0.00000 ) 
     (  -0.00000  -0.00000 ) (  -0.00000  -0.00000 ) (  -0.00000  -0.00000 ) 
     (  -0.00000  -0.00000 ) (  -0.00000  -0.00000 ) (  -0.00000  -0.00000 ) 

     Representation     3      3 modes -  To be done
     Irreps are as follows:

     mode #   7              mode #   8              mode #   9
     (  -1.00000  -0.00000 ) (  -0.00000   0.00000 ) (  -0.00000   0.00000 ) 
     (  -0.00000  -0.00000 ) (  -0.00000   0.00000 ) (  -1.00000  -0.00000 ) 
     (  -0.00000  -0.00000 ) (  -1.00000  -0.00000 ) (  -0.00000  -0.00000 ) 
     (  -0.00000  -0.00000 ) (  -0.00000  -0.00000 ) (  -0.00000  -0.00000 ) 
     (  -0.00000  -0.00000 ) (  -0.00000  -0.00000 ) (  -0.00000  -0.00000 ) 
     (  -0.00000  -0.00000 ) (  -0.00000  -0.00000 ) (  -0.00000  -0.00000 ) 
     (  -0.00000  -0.00000 ) (  -0.00000  -0.00000 ) (  -0.00000  -0.00000 ) 
     (  -0.00000  -0.00000 ) (  -0.00000  -0.00000 ) (  -0.00000  -0.00000 ) 
     (  -0.00000  -0.00000 ) (  -0.00000  -0.00000 ) (  -0.00000  -0.00000 ) 
     (  -0.00000  -0.00000 ) (  -0.00000  -0.00000 ) (  -0.00000  -0.00000 ) 
     (  -0.00000  -0.00000 ) (  -0.00000  -0.00000 ) (  -0.00000  -0.00000 ) 
     (  -0.00000  -0.00000 ) (  -0.00000  -0.00000 ) (  -0.00000  -0.00000 ) 
     (  -0.00000  -0.00000 ) (  -0.00000  -0.00000 ) (  -0.00000  -0.00000 ) 
     (  -0.00000  -0.00000 ) (  -0.00000  -0.00000 ) (  -0.00000  -0.00000 ) 
     (  -0.00000  -0.00000 ) (  -0.00000  -0.00000 ) (  -0.00000  -0.00000 ) 

     Representation     4      3 modes -  To be done
     Irreps are as follows:

     mode #  10              mode #  11              mode #  12
     (  -0.00000  -0.00000 ) (  -0.00000   0.00000 ) (  -0.00000  -0.00000 ) 
     (  -0.00000  -0.00000 ) (  -0.00000   0.00000 ) (  -0.00000  -0.00000 ) 
     (  -0.00000  -0.00000 ) (  -0.00000   0.00000 ) (  -0.00000  -0.00000 ) 
     (  -0.00000  -0.00000 ) (  -0.00000   0.00000 ) (  -0.00000  -0.00000 ) 
     (  -0.00000  -0.00000 ) (  -0.00000   0.00000 ) (  -0.00000  -0.00000 ) 
     (  -0.00000  -0.00000 ) (  -0.00000   0.00000 ) (  -0.00000  -0.00000 ) 
     (  -0.12746  -0.00000 ) (  -0.68820  -0.00000 ) (  -0.02326  -0.00000 ) 
     (   0.04159  -0.00000 ) (   0.01592   0.00000 ) (  -0.69887  -0.00000 ) 
     (  -0.13597  -0.00000 ) (   0.02544   0.00000 ) (  -0.00751  -0.00000 ) 
     (  -0.12746  -0.00000 ) (  -0.68820  -0.00000 ) (  -0.02326  -0.00000 ) 
     (  -0.00823  -0.00000 ) (  -0.00315  -0.00000 ) (   0.13825  -0.00000 ) 
     (   0.68733  -0.00000 ) (  -0.12858  -0.00000 ) (   0.03798  -0.00000 ) 
     (   0.02521  -0.00000 ) (   0.13614   0.00000 ) (   0.00460  -0.00000 ) 
     (   0.04159  -0.00000 ) (   0.01592   0.00000 ) (  -0.69887  -0.00000 ) 
     (   0.68733  -0.00000 ) (  -0.12858  -0.00000 ) (   0.03798  -0.00000 ) 

     Representation     5      3 modes -  To be done
     Irreps are as follows:

     mode #  13              mode #  14              mode #  15
     (  -0.00000   0.00000 ) (  -0.00000  -0.00000 ) (  -0.00000   0.00000 ) 
     (  -0.00000   0.00000 ) (  -0.00000  -0.00000 ) (  -0.00000   0.00000 ) 
     (  -0.00000   0.00000 ) (  -0.00000  -0.00000 ) (  -0.00000   0.00000 ) 
     (  -0.00000   0.00000 ) (  -0.00000  -0.00000 ) (  -0.00000   0.00000 ) 
     (  -0.00000   0.00000 ) (  -0.00000  -0.00000 ) (  -0.00000   0.00000 ) 
     (  -0.00000   0.00000 ) (  -0.00000  -0.00000 ) (  -0.00000   0.00000 ) 
     (  -0.01178  -0.00000 ) (  -0.70700  -0.00000 ) (  -0.00257  -0.00000 ) 
     (  -0.67747  -0.00000 ) (   0.01203  -0.00000 ) (  -0.20223  -0.00000 ) 
     (   0.00000   0.00000 ) (  -0.00000  -0.00000 ) (  -0.00000  -0.00000 ) 
     (   0.01178   0.00000 ) (   0.70700  -0.00000 ) (   0.00257   0.00000 ) 
     (   0.00000   0.00000 ) (  -0.00000  -0.00000 ) (  -0.00000  -0.00000 ) 
     (   0.20224   0.00000 ) (  -0.00091  -0.00000 ) (  -0.67757  -0.00000 ) 
     (  -0.00000  -0.00000 ) (   0.00000  -0.00000 ) (  -0.00000  -0.00000 ) 
     (   0.67747   0.00000 ) (  -0.01203  -0.00000 ) (   0.20223   0.00000 ) 
     (  -0.20224  -0.00000 ) (   0.00091  -0.00000 ) (   0.67757   0.00000 ) 



     Alpha used in Ewald sum =   2.8000
     PHONON       :      7.65s CPU      7.78s WALL


     Electric Fields Calculation

      iter #   1 total cpu time :    90.0 secs   av.it.:  12.5
      thresh= 1.000E-02 alpha_mix =  0.700 |ddv_scf|^2 =  2.414E-08

      iter #   2 total cpu time :   137.0 secs   av.it.:  23.7
      thresh= 1.554E-05 alpha_mix =  0.700 |ddv_scf|^2 =  3.265E-09

      iter #   3 total cpu time :   178.1 secs   av.it.:  22.5
      thresh= 5.714E-06 alpha_mix =  0.700 |ddv_scf|^2 =  2.212E-10

      iter #   4 total cpu time :   219.5 secs   av.it.:  23.0
      thresh= 1.487E-06 alpha_mix =  0.700 |ddv_scf|^2 =  1.355E-11

      iter #   5 total cpu time :   257.1 secs   av.it.:  23.1
      thresh= 3.681E-07 alpha_mix =  0.700 |ddv_scf|^2 =  6.246E-13

      iter #   6 total cpu time :   294.7 secs   av.it.:  23.6
      thresh= 7.903E-08 alpha_mix =  0.700 |ddv_scf|^2 =  7.263E-14

      iter #   7 total cpu time :   333.9 secs   av.it.:  22.8
      thresh= 2.695E-08 alpha_mix =  0.700 |ddv_scf|^2 =  7.353E-15

     End of electric fields calculation

          Dielectric constant in cartesian axis 

          (       6.733561364       0.000000000       0.000000000 )
          (       0.000000000       6.733561364       0.000000000 )
          (       0.000000000       0.000000000       6.733561364 )

          Effective charges (d Force / dE) in cartesian axis

           atom      1   Ba 
      Ex  (        2.72922        0.00000        0.00000 )
      Ey  (        0.00000        2.72922        0.00000 )
      Ez  (        0.00000        0.00000        2.72922 )
           atom      2   Ti 
      Ex  (        7.43094        0.00000        0.00000 )
      Ey  (        0.00000        7.43094        0.00000 )
      Ez  (        0.00000        0.00000        7.43094 )
           atom      3   O  
      Ex  (       -2.17561        0.00000        0.00000 )
      Ey  (        0.00000       -2.17561        0.00000 )
      Ez  (        0.00000        0.00000       -5.93982 )
           atom      4   O  
      Ex  (       -2.17561        0.00000        0.00000 )
      Ey  (        0.00000       -5.93982        0.00000 )
      Ez  (        0.00000        0.00000       -2.17561 )
           atom      5   O  
      Ex  (       -5.93982        0.00000        0.00000 )
      Ey  (        0.00000       -2.17561        0.00000 )
      Ez  (        0.00000        0.00000       -2.17561 )


     Representation #   1 modes #   1   2   3

     Self-consistent Calculation

      iter #   1 total cpu time :   391.0 secs   av.it.:  11.8
      thresh= 1.000E-02 alpha_mix =  0.700 |ddv_scf|^2 =  2.246E-07

      iter #   2 total cpu time :   425.5 secs   av.it.:  24.0
      thresh= 4.739E-05 alpha_mix =  0.700 |ddv_scf|^2 =  3.918E-08

      iter #   3 total cpu time :   459.6 secs   av.it.:  23.3
      thresh= 1.979E-05 alpha_mix =  0.700 |ddv_scf|^2 =  3.936E-10

      iter #   4 total cpu time :   493.3 secs   av.it.:  23.7
      thresh= 1.984E-06 alpha_mix =  0.700 |ddv_scf|^2 =  3.594E-12

      iter #   5 total cpu time :   527.7 secs   av.it.:  24.2
      thresh= 1.896E-07 alpha_mix =  0.700 |ddv_scf|^2 =  2.884E-13

      iter #   6 total cpu time :   561.7 secs   av.it.:  23.9
      thresh= 5.371E-08 alpha_mix =  0.700 |ddv_scf|^2 =  4.696E-15

     End of self-consistent calculation

     Convergence has been achieved 


     Representation #   2 modes #   4   5   6

     Self-consistent Calculation

      iter #   1 total cpu time :   582.6 secs   av.it.:  12.5
      thresh= 1.000E-02 alpha_mix =  0.700 |ddv_scf|^2 =  8.922E-07

      iter #   2 total cpu time :   615.7 secs   av.it.:  23.1
      thresh= 9.446E-05 alpha_mix =  0.700 |ddv_scf|^2 =  2.389E-07

      iter #   3 total cpu time :   648.4 secs   av.it.:  22.6
      thresh= 4.887E-05 alpha_mix =  0.700 |ddv_scf|^2 =  4.898E-10

      iter #   4 total cpu time :   682.6 secs   av.it.:  24.0
      thresh= 2.213E-06 alpha_mix =  0.700 |ddv_scf|^2 =  2.620E-11

      iter #   5 total cpu time :   716.0 secs   av.it.:  23.2
      thresh= 5.118E-07 alpha_mix =  0.700 |ddv_scf|^2 =  2.666E-13

      iter #   6 total cpu time :   749.6 secs   av.it.:  23.1
      thresh= 5.163E-08 alpha_mix =  0.700 |ddv_scf|^2 =  1.526E-14

      iter #   7 total cpu time :   783.9 secs   av.it.:  22.8
      thresh= 1.235E-08 alpha_mix =  0.700 |ddv_scf|^2 =  4.899E-16

     End of self-consistent calculation

     Convergence has been achieved 


     Representation #   3 modes #   7   8   9

     Self-consistent Calculation

      iter #   1 total cpu time :   802.7 secs   av.it.:   9.9
      thresh= 1.000E-02 alpha_mix =  0.700 |ddv_scf|^2 =  1.425E-07

      iter #   2 total cpu time :   836.8 secs   av.it.:  22.9
      thresh= 3.774E-05 alpha_mix =  0.700 |ddv_scf|^2 =  3.126E-08

      iter #   3 total cpu time :   871.5 secs   av.it.:  22.2
      thresh= 1.768E-05 alpha_mix =  0.700 |ddv_scf|^2 =  8.995E-10

      iter #   4 total cpu time :   904.7 secs   av.it.:  21.9
      thresh= 2.999E-06 alpha_mix =  0.700 |ddv_scf|^2 =  2.895E-10

      iter #   5 total cpu time :   939.0 secs   av.it.:  21.8
      thresh= 1.702E-06 alpha_mix =  0.700 |ddv_scf|^2 =  2.694E-11

      iter #   6 total cpu time :   972.8 secs   av.it.:  22.5
      thresh= 5.190E-07 alpha_mix =  0.700 |ddv_scf|^2 =  2.322E-12

      iter #   7 total cpu time :  1004.8 secs   av.it.:  21.2
      thresh= 1.524E-07 alpha_mix =  0.700 |ddv_scf|^2 =  1.275E-13

      iter #   8 total cpu time :  1037.3 secs   av.it.:  21.8
      thresh= 3.570E-08 alpha_mix =  0.700 |ddv_scf|^2 =  2.125E-15

     End of self-consistent calculation

     Convergence has been achieved 


     Representation #   4 modes #  10  11  12

     Self-consistent Calculation

      iter #   1 total cpu time :  1059.8 secs   av.it.:  12.8
      thresh= 1.000E-02 alpha_mix =  0.700 |ddv_scf|^2 =  3.936E-07

      iter #   2 total cpu time :  1096.8 secs   av.it.:  24.8
      thresh= 6.273E-05 alpha_mix =  0.700 |ddv_scf|^2 =  7.898E-08

      iter #   3 total cpu time :  1131.9 secs   av.it.:  23.8
      thresh= 2.810E-05 alpha_mix =  0.700 |ddv_scf|^2 =  2.591E-10

      iter #   4 total cpu time :  1167.5 secs   av.it.:  24.7
      thresh= 1.610E-06 alpha_mix =  0.700 |ddv_scf|^2 =  3.915E-12

      iter #   5 total cpu time :  1199.8 secs   av.it.:  24.6
      thresh= 1.979E-07 alpha_mix =  0.700 |ddv_scf|^2 =  2.444E-13

      iter #   6 total cpu time :  1230.6 secs   av.it.:  24.9
      thresh= 4.943E-08 alpha_mix =  0.700 |ddv_scf|^2 =  8.054E-15

     End of self-consistent calculation

     Convergence has been achieved 


     Representation #   5 modes #  13  14  15

     Self-consistent Calculation

      iter #   1 total cpu time :  1248.2 secs   av.it.:  11.8
      thresh= 1.000E-02 alpha_mix =  0.700 |ddv_scf|^2 =  1.188E-07

      iter #   2 total cpu time :  1277.1 secs   av.it.:  23.3
      thresh= 3.447E-05 alpha_mix =  0.700 |ddv_scf|^2 =  7.422E-10

      iter #   3 total cpu time :  1305.5 secs   av.it.:  23.7
      thresh= 2.724E-06 alpha_mix =  0.700 |ddv_scf|^2 =  6.960E-12

      iter #   4 total cpu time :  1331.7 secs   av.it.:  22.3
      thresh= 2.638E-07 alpha_mix =  0.700 |ddv_scf|^2 =  1.621E-14

      iter #   5 total cpu time :  1358.6 secs   av.it.:  23.0
      thresh= 1.273E-08 alpha_mix =  0.700 |ddv_scf|^2 =  1.772E-16

     End of self-consistent calculation

     Convergence has been achieved 

     Number of q in the star =    1
     List of q in the star:
          1   0.000000000   0.000000000   0.000000000

          Dielectric constant in cartesian axis 

          (       6.733561364       0.000000000       0.000000000 )
          (       0.000000000       6.733561364       0.000000000 )
          (       0.000000000       0.000000000       6.733561364 )

          Effective charges (d Force / dE) in cartesian axis

           atom      1   Ba 
      Ex  (        2.72922        0.00000        0.00000 )
      Ey  (        0.00000        2.72922        0.00000 )
      Ez  (        0.00000        0.00000        2.72922 )
           atom      2   Ti 
      Ex  (        7.43094        0.00000        0.00000 )
      Ey  (        0.00000        7.43094        0.00000 )
      Ez  (        0.00000        0.00000        7.43094 )
           atom      3   O  
      Ex  (       -2.17561        0.00000        0.00000 )
      Ey  (        0.00000       -2.17561        0.00000 )
      Ez  (        0.00000        0.00000       -5.93982 )
           atom      4   O  
      Ex  (       -2.17561        0.00000        0.00000 )
      Ey  (        0.00000       -5.93982        0.00000 )
      Ez  (        0.00000        0.00000       -2.17561 )
           atom      5   O  
      Ex  (       -5.93982        0.00000        0.00000 )
      Ey  (        0.00000       -2.17561        0.00000 )
      Ez  (        0.00000        0.00000       -2.17561 )

     Diagonalizing the dynamical matrix

     q = (    0.000000000   0.000000000   0.000000000 ) 

 **************************************************************************
     freq (    1) =      -7.324747 [THz] =    -244.327258 [cm-1]
     freq (    2) =      -7.324747 [THz] =    -244.327258 [cm-1]
     freq (    3) =      -7.324747 [THz] =    -244.327258 [cm-1]
     freq (    4) =       0.248816 [THz] =       8.299596 [cm-1]
     freq (    5) =       0.248816 [THz] =       8.299596 [cm-1]
     freq (    6) =       0.248816 [THz] =       8.299596 [cm-1]
     freq (    7) =       4.993678 [THz] =     166.571167 [cm-1]
     freq (    8) =       4.993678 [THz] =     166.571167 [cm-1]
     freq (    9) =       4.993678 [THz] =     166.571167 [cm-1]
     freq (   10) =       8.438008 [THz] =     281.461666 [cm-1]
     freq (   11) =       8.438008 [THz] =     281.461666 [cm-1]
     freq (   12) =       8.438008 [THz] =     281.461666 [cm-1]
     freq (   13) =      13.581089 [THz] =     453.016380 [cm-1]
     freq (   14) =      13.581089 [THz] =     453.016380 [cm-1]
     freq (   15) =      13.581089 [THz] =     453.016380 [cm-1]
 **************************************************************************

     Mode symmetry, O_h (m-3m)  point group:

     freq (   1-   3) =       -244.3  [cm-1]   --> T_1u G_15  G_4- I  
     freq (   4-   6) =          8.3  [cm-1]   --> T_1u G_15  G_4- I  
     freq (   7-   9) =        166.6  [cm-1]   --> T_1u G_15  G_4- I  
     freq (  10-  12) =        281.5  [cm-1]   --> T_2u G_25  G_5-    
     freq (  13-  15) =        453.0  [cm-1]   --> T_1u G_15  G_4- I  

     PHONON       :  22m12.75s CPU  22m39.10s WALL

     INITIALIZATION: 
     phq_setup    :      0.04s CPU      0.04s WALL (       1 calls)
     phq_init     :      6.68s CPU      6.76s WALL (       1 calls)

     phq_init     :      6.68s CPU      6.76s WALL (       1 calls)
     set_drhoc    :      1.23s CPU      1.23s WALL (       3 calls)
     init_vloc    :      0.02s CPU      0.02s WALL (       1 calls)
     init_us_1    :      0.13s CPU      0.14s WALL (       1 calls)
     newd         :      0.05s CPU      0.06s WALL (       1 calls)
     dvanqq       :      1.01s CPU      1.01s WALL (       1 calls)
     drho         :      3.37s CPU      3.44s WALL (       1 calls)
     cmpt_qdipol  :      0.00s CPU      0.00s WALL (       1 calls)

     DIELECTRIC CONSTANT AND EFFECTIVE CHARGES:
     solve_e      :    319.25s CPU    326.10s WALL (       1 calls)
     dielec       :      0.00s CPU      0.01s WALL (       1 calls)
     zstar_eu     :     35.91s CPU     36.48s WALL (       1 calls)

     DYNAMICAL MATRIX:
     dynmat0      :      1.29s CPU      1.29s WALL (       1 calls)
     phqscf       :    969.93s CPU    988.71s WALL (       1 calls)
     dynmatrix    :      0.00s CPU      0.00s WALL (       1 calls)

     phqscf       :    969.93s CPU    988.71s WALL (       1 calls)
     solve_linter :    967.36s CPU    986.07s WALL (       5 calls)
     drhodv       :      2.56s CPU      2.62s WALL (       5 calls)

     dynmat0      :      1.29s CPU      1.29s WALL (       1 calls)
     dynmat_us    :      0.41s CPU      0.41s WALL (       1 calls)
     d2ionq       :      0.03s CPU      0.03s WALL (       1 calls)
     dynmatcc     :      0.85s CPU      0.85s WALL (       1 calls)

     dynmat_us    :      0.41s CPU      0.41s WALL (       1 calls)
     addusdynmat  :      0.00s CPU      0.00s WALL (       1 calls)

     phqscf       :    969.93s CPU    988.71s WALL (       1 calls)
     solve_linter :    967.36s CPU    986.07s WALL (       5 calls)

     solve_linter :    967.36s CPU    986.07s WALL (       5 calls)
     dvqpsi_us    :     10.02s CPU     10.26s WALL (    1050 calls)
     ortho        :     13.91s CPU     14.15s WALL (    4200 calls)
     cgsolve      :   1133.98s CPU   1155.33s WALL (    4200 calls)
     incdrhoscf   :     23.01s CPU     24.03s WALL (    4200 calls)
     addusddens   :      3.51s CPU      3.52s WALL (      37 calls)
     vpsifft      :     11.66s CPU     12.21s WALL (    2835 calls)
     dv_of_drho   :      1.09s CPU      1.17s WALL (     120 calls)
     mix_pot      :      0.12s CPU      0.26s WALL (      39 calls)
     psymdvscf    :     18.69s CPU     18.72s WALL (      32 calls)
     newdq        :      6.83s CPU      6.84s WALL (      39 calls)
     adddvscf     :      5.38s CPU      5.48s WALL (    3465 calls)
     drhodvus     :      0.01s CPU      0.02s WALL (       5 calls)

     dvqpsi_us    :     10.02s CPU     10.26s WALL (    1050 calls)
     dvqpsi_us_on :      4.82s CPU      4.84s WALL (    1050 calls)

     cgsolve      :   1133.98s CPU   1155.33s WALL (    4200 calls)
     ch_psi       :   1090.32s CPU   1111.34s WALL (  133989 calls)

     ch_psi       :   1090.32s CPU   1111.34s WALL (  133989 calls)
     h_psi        :    641.05s CPU    657.57s WALL (  133989 calls)
     last         :    335.01s CPU    339.03s WALL (  133989 calls)

     h_psi        :    641.05s CPU    657.57s WALL (  133989 calls)
     add_vuspsi   :    108.12s CPU    108.82s WALL (  133989 calls)

     incdrhoscf   :     23.01s CPU     24.03s WALL (    4200 calls)
     addusdbec    :      5.82s CPU      5.99s WALL (    4725 calls)

     drhodvus     :      0.01s CPU      0.02s WALL (       5 calls)

      General routines
     calbec       :    264.54s CPU    270.93s WALL (  292163 calls)
     fft          :      1.87s CPU      1.98s WALL (    2711 calls)
     ffts         :      0.62s CPU      0.66s WALL (    1393 calls)
     fftw         :    404.62s CPU    416.94s WALL ( 4141664 calls)
     davcio       :      0.96s CPU      2.53s WALL (   19645 calls)
     write_rec    :      0.02s CPU      0.11s WALL (      44 calls)


     PHONON       :  22m12.75s CPU  22m39.11s WALL


   This run was terminated on:  17: 7:48   6Jul2026            

=------------------------------------------------------------------------------=
   JOB DONE.
=------------------------------------------------------------------------------=
