
     Program Q2R v.6.7MaX starts on 18Jul2026 at 23: 9: 0 

     This program is part of the open-source Quantum ESPRESSO suite
     for quantum simulation of materials; please cite
         "P. Giannozzi et al., J. Phys.:Condens. Matter 21 395502 (2009);
         "P. Giannozzi et al., J. Phys.:Condens. Matter 29 465901 (2017);
          URL http://www.quantum-espresso.org", 
     in publications or presentations arising from this work. More details at
     http://www.quantum-espresso.org/quote

     Parallel version (MPI), running on     1 processors

     MPI processes distributed on     1 nodes

     reading grid info from file BaTiO3_pbesol_shear_xy_p005.dyn0    
  reading force constants from file BaTiO3_pbesol_shear_xy_p005.dyn1
 macroscopic fields = T
   6.74836   0.01299   0.00000
   0.01299   6.74836   0.00000
   0.00000   0.00000   6.74682
  na=            1
   2.75120  -0.00739   0.00000
  -0.00739   2.75120   0.00000
   0.00000   0.00000   2.75090
  na=            2
   7.38458   0.03797   0.00000
   0.03797   7.38458   0.00000
   0.00000   0.00000   7.38332
  na=            3
  -2.19349   0.01499   0.00000
   0.01499  -2.19349   0.00000
   0.00000   0.00000  -5.87608
  na=            4
  -2.19380  -0.00954   0.00000
  -0.03649  -5.87665   0.00000
   0.00000   0.00000  -2.19315
  na=            5
  -5.87665  -0.03649   0.00000
  -0.00954  -2.19380   0.00000
   0.00000   0.00000  -2.19315
Norm of the difference between old and new effective charges:    0.09927381927452154364
  nqs=            1
 q=   0.00000000  0.00000000  0.00000000
  reading force constants from file BaTiO3_pbesol_shear_xy_p005.dyn2
  nqs=            2
 q=   0.00000000  0.00000000  0.25000312
 q=   0.00000000  0.00000000 -0.25000312
  reading force constants from file BaTiO3_pbesol_shear_xy_p005.dyn3
  nqs=            1
 q=   0.00000000  0.00000000 -0.50000625
  reading force constants from file BaTiO3_pbesol_shear_xy_p005.dyn4
  nqs=            4
 q=  -0.00125005  0.25000937  0.00000000
 q=   0.25000937 -0.00125005  0.00000000
 q=   0.00125005 -0.25000937  0.00000000
 q=  -0.25000937  0.00125005  0.00000000
  reading force constants from file BaTiO3_pbesol_shear_xy_p005.dyn5
  nqs=            8
 q=  -0.00125005  0.25000937  0.25000312
 q=  -0.00125005  0.25000937 -0.25000312
 q=   0.25000937 -0.00125005  0.25000312
 q=   0.00125005 -0.25000937  0.25000312
 q=  -0.25000937  0.00125005  0.25000312
 q=   0.00125005 -0.25000937 -0.25000312
 q=  -0.25000937  0.00125005 -0.25000312
 q=   0.25000937 -0.00125005 -0.25000312
  reading force constants from file BaTiO3_pbesol_shear_xy_p005.dyn6
  nqs=            4
 q=  -0.00125005  0.25000937 -0.50000625
 q=   0.25000937 -0.00125005 -0.50000625
 q=   0.00125005 -0.25000937 -0.50000625
 q=  -0.25000937  0.00125005 -0.50000625
  reading force constants from file BaTiO3_pbesol_shear_xy_p005.dyn7
  nqs=            2
 q=   0.00250009 -0.50001875  0.00000000
 q=   0.50001875 -0.00250009  0.00000000
  reading force constants from file BaTiO3_pbesol_shear_xy_p005.dyn8
  nqs=            4
 q=   0.00250009 -0.50001875  0.25000312
 q=   0.00250009 -0.50001875 -0.25000312
 q=   0.50001875 -0.00250009  0.25000312
 q=   0.50001875 -0.00250009 -0.25000312
  reading force constants from file BaTiO3_pbesol_shear_xy_p005.dyn9
  nqs=            2
 q=   0.00250009 -0.50001875 -0.50000625
 q=   0.50001875 -0.00250009 -0.50000625
  reading force constants from file BaTiO3_pbesol_shear_xy_p005.dyn10
  nqs=            2
 q=   0.24875933  0.24875933  0.00000000
 q=  -0.24875933 -0.24875933  0.00000000
  reading force constants from file BaTiO3_pbesol_shear_xy_p005.dyn11
  nqs=            4
 q=   0.24875933  0.24875933  0.25000312
 q=   0.24875933  0.24875933 -0.25000312
 q=  -0.24875933 -0.24875933  0.25000312
 q=  -0.24875933 -0.24875933 -0.25000312
  reading force constants from file BaTiO3_pbesol_shear_xy_p005.dyn12
  nqs=            2
 q=   0.24875933  0.24875933 -0.50000625
 q=  -0.24875933 -0.24875933 -0.50000625
  reading force constants from file BaTiO3_pbesol_shear_xy_p005.dyn13
  nqs=            4
 q=   0.25250947 -0.50126880  0.00000000
 q=  -0.50126880  0.25250947  0.00000000
 q=   0.50126880 -0.25250947  0.00000000
 q=  -0.25250947  0.50126880  0.00000000
  reading force constants from file BaTiO3_pbesol_shear_xy_p005.dyn14
  nqs=            8
 q=   0.25250947 -0.50126880  0.25000312
 q=   0.25250947 -0.50126880 -0.25000312
 q=  -0.50126880  0.25250947  0.25000312
 q=  -0.50126880  0.25250947 -0.25000312
 q=   0.50126880 -0.25250947  0.25000312
 q=  -0.25250947  0.50126880  0.25000312
 q=   0.50126880 -0.25250947 -0.25000312
 q=  -0.25250947  0.50126880 -0.25000312
  reading force constants from file BaTiO3_pbesol_shear_xy_p005.dyn15
  nqs=            4
 q=   0.25250947 -0.50126880 -0.50000625
 q=  -0.50126880  0.25250947 -0.50000625
 q=   0.50126880 -0.25250947 -0.50000625
 q=  -0.25250947  0.50126880 -0.50000625
  reading force constants from file BaTiO3_pbesol_shear_xy_p005.dyn16
  nqs=            2
 q=   0.25125942 -0.25125942  0.00000000
 q=  -0.25125942  0.25125942  0.00000000
  reading force constants from file BaTiO3_pbesol_shear_xy_p005.dyn17
  nqs=            4
 q=   0.25125942 -0.25125942  0.25000312
 q=   0.25125942 -0.25125942 -0.25000312
 q=  -0.25125942  0.25125942  0.25000312
 q=  -0.25125942  0.25125942 -0.25000312
  reading force constants from file BaTiO3_pbesol_shear_xy_p005.dyn18
  nqs=            2
 q=   0.25125942 -0.25125942 -0.50000625
 q=  -0.25125942  0.25125942 -0.50000625
  reading force constants from file BaTiO3_pbesol_shear_xy_p005.dyn19
  nqs=            1
 q=  -0.49751866 -0.49751866  0.00000000
  reading force constants from file BaTiO3_pbesol_shear_xy_p005.dyn20
  nqs=            2
 q=  -0.49751866 -0.49751866  0.25000312
 q=  -0.49751866 -0.49751866 -0.25000312
  reading force constants from file BaTiO3_pbesol_shear_xy_p005.dyn21
  nqs=            1
 q=  -0.49751866 -0.49751866 -0.50000625

      q-space grid ok, #points =   64

      fft-check warning: sum of imaginary terms = 3.295739E-08

     Q2R          :      0.05s CPU      0.05s WALL


   This run was terminated on:  23: 9: 0  18Jul2026            

=------------------------------------------------------------------------------=
   JOB DONE.
=------------------------------------------------------------------------------=
