
     Program Q2R v.6.7MaX starts on 23Jul2026 at 11:43:16 

     This program is part of the open-source Quantum ESPRESSO suite
     for quantum simulation of materials; please cite
         "P. Giannozzi et al., J. Phys.:Condens. Matter 21 395502 (2009);
         "P. Giannozzi et al., J. Phys.:Condens. Matter 29 465901 (2017);
          URL http://www.quantum-espresso.org", 
     in publications or presentations arising from this work. More details at
     http://www.quantum-espresso.org/quote

     Parallel version (MPI), running on     1 processors

     MPI processes distributed on     1 nodes

     reading grid info from file BaTiO3_pbesol_hydro_m005.dyn0    
  reading force constants from file BaTiO3_pbesol_hydro_m005.dyn1
 macroscopic fields = T
   6.72186   0.00000   0.00000
  -0.00000   6.72186  -0.00000
   0.00000  -0.00000   6.72186
  na=            1
   2.75500   0.00000   0.00000
   0.00000   2.75500  -0.00000
   0.00000   0.00000   2.75500
  na=            2
   7.37222   0.00000   0.00000
   0.00000   7.37222   0.00000
   0.00000   0.00000   7.37222
  na=            3
  -2.20068  -0.00000   0.00000
  -0.00000  -2.20068   0.00000
   0.00000   0.00000  -5.85868
  na=            4
  -2.20068  -0.00000  -0.00000
   0.00000  -5.85868   0.00000
  -0.00000   0.00000  -2.20068
  na=            5
  -5.85868  -0.00000   0.00000
   0.00000  -2.20068   0.00000
   0.00000  -0.00000  -2.20068
Norm of the difference between old and new effective charges:    0.10288482634845233510
  nqs=            1
 q=   0.00000000  0.00000000  0.00000000
  reading force constants from file BaTiO3_pbesol_hydro_m005.dyn2
  nqs=            6
 q=   0.00000000  0.00000000  0.25000000
 q=   0.00000000  0.25000000  0.00000000
 q=   0.00000000  0.00000000 -0.25000000
 q=   0.00000000 -0.25000000  0.00000000
 q=   0.25000000  0.00000000  0.00000000
 q=  -0.25000000  0.00000000  0.00000000
  reading force constants from file BaTiO3_pbesol_hydro_m005.dyn3
  nqs=            3
 q=   0.00000000  0.00000000 -0.50000000
 q=   0.00000000 -0.50000000  0.00000000
 q=  -0.50000000  0.00000000  0.00000000
  reading force constants from file BaTiO3_pbesol_hydro_m005.dyn4
  nqs=           12
 q=   0.00000000  0.25000000  0.25000000
 q=   0.25000000  0.00000000  0.25000000
 q=  -0.25000000  0.00000000  0.25000000
 q=   0.00000000 -0.25000000  0.25000000
 q=   0.25000000  0.00000000 -0.25000000
 q=   0.00000000 -0.25000000 -0.25000000
 q=   0.00000000  0.25000000 -0.25000000
 q=  -0.25000000  0.00000000 -0.25000000
 q=   0.25000000  0.25000000  0.00000000
 q=  -0.25000000  0.25000000  0.00000000
 q=   0.25000000 -0.25000000  0.00000000
 q=  -0.25000000 -0.25000000  0.00000000
  reading force constants from file BaTiO3_pbesol_hydro_m005.dyn5
  nqs=           12
 q=   0.00000000  0.25000000 -0.50000000
 q=   0.25000000  0.00000000 -0.50000000
 q=  -0.25000000  0.00000000 -0.50000000
 q=   0.00000000 -0.25000000 -0.50000000
 q=   0.00000000 -0.50000000  0.25000000
 q=   0.25000000 -0.50000000  0.00000000
 q=  -0.25000000 -0.50000000  0.00000000
 q=  -0.50000000  0.25000000  0.00000000
 q=  -0.50000000  0.00000000 -0.25000000
 q=   0.50000000  0.00000000  0.25000000
 q=  -0.50000000 -0.25000000  0.00000000
 q=   0.00000000 -0.50000000 -0.25000000
  reading force constants from file BaTiO3_pbesol_hydro_m005.dyn6
  nqs=            3
 q=   0.00000000 -0.50000000 -0.50000000
 q=  -0.50000000 -0.50000000  0.00000000
 q=  -0.50000000  0.00000000  0.50000000
  reading force constants from file BaTiO3_pbesol_hydro_m005.dyn7
  nqs=            8
 q=   0.25000000  0.25000000  0.25000000
 q=  -0.25000000 -0.25000000 -0.25000000
 q=  -0.25000000  0.25000000  0.25000000
 q=   0.25000000  0.25000000 -0.25000000
 q=   0.25000000 -0.25000000  0.25000000
 q=   0.25000000 -0.25000000 -0.25000000
 q=  -0.25000000 -0.25000000  0.25000000
 q=  -0.25000000  0.25000000 -0.25000000
  reading force constants from file BaTiO3_pbesol_hydro_m005.dyn8
  nqs=           12
 q=   0.25000000  0.25000000 -0.50000000
 q=  -0.50000000  0.25000000  0.25000000
 q=   0.25000000 -0.50000000  0.25000000
 q=  -0.25000000 -0.25000000  0.50000000
 q=  -0.25000000  0.25000000 -0.50000000
 q=  -0.25000000 -0.50000000  0.25000000
 q=   0.25000000 -0.50000000 -0.25000000
 q=   0.25000000 -0.25000000 -0.50000000
 q=  -0.25000000  0.50000000 -0.25000000
 q=  -0.50000000 -0.25000000 -0.25000000
 q=   0.50000000 -0.25000000  0.25000000
 q=   0.50000000  0.25000000 -0.25000000
  reading force constants from file BaTiO3_pbesol_hydro_m005.dyn9
  nqs=            6
 q=   0.25000000 -0.50000000 -0.50000000
 q=  -0.25000000 -0.50000000 -0.50000000
 q=  -0.50000000  0.25000000  0.50000000
 q=   0.50000000 -0.50000000 -0.25000000
 q=   0.50000000  0.50000000  0.25000000
 q=  -0.50000000 -0.25000000  0.50000000
  reading force constants from file BaTiO3_pbesol_hydro_m005.dyn10
  nqs=            1
 q=  -0.50000000 -0.50000000 -0.50000000

      q-space grid ok, #points =   64

      fft-check success (sum of imaginary terms < 10^-12)

     Q2R          :      0.05s CPU      0.05s WALL


   This run was terminated on:  11:43:16  23Jul2026            

=------------------------------------------------------------------------------=
   JOB DONE.
=------------------------------------------------------------------------------=
